Archive member included because of file (symbol)

/Applications/SEGGER Embedded Studio 2.16/lib/libc_v7em_fpv4_sp_d16_hard_t_le_eabi.a(libc2.o)
                              Output/nrf52832_xxaa_s132 Debug/Obj/nrf_log.o (vprintf)
/Applications/SEGGER Embedded Studio 2.16/lib/libc_v7em_fpv4_sp_d16_hard_t_le_eabi.a(libc2_asm.o)
                              Output/nrf52832_xxaa_s132 Debug/Obj/ble_advdata.o (memcpy)
/Applications/SEGGER Embedded Studio 2.16/lib/libc_v7em_fpv4_sp_d16_hard_t_le_eabi.a(libc_asm.o)
                              /Applications/SEGGER Embedded Studio 2.16/lib/libc_v7em_fpv4_sp_d16_hard_t_le_eabi.a(libc2.o) (__aeabi_uldivmod)
/Applications/SEGGER Embedded Studio 2.16/lib/libm_v7em_fpv4_sp_d16_hard_t_le_eabi.a(libm_asm.o)
                              /Applications/SEGGER Embedded Studio 2.16/lib/libc_v7em_fpv4_sp_d16_hard_t_le_eabi.a(libc2.o) (__aeabi_i2d)
/Applications/SEGGER Embedded Studio 2.16/lib/libm_v7em_fpv4_sp_d16_hard_t_le_eabi.a(libm2.o)
                              /Applications/SEGGER Embedded Studio 2.16/lib/libvfprintf_v7em_fpv4_sp_d16_hard_t_le_eabi.o (frexp)
/Applications/SEGGER Embedded Studio 2.16/lib/libm_v7em_fpv4_sp_d16_hard_t_le_eabi.a(libm2_asm.o)
                              /Applications/SEGGER Embedded Studio 2.16/lib/libm_v7em_fpv4_sp_d16_hard_t_le_eabi.a(libm2.o) (fabs)

Discarded input sections

 .group         0x00000000        0x8 Output/nrf52832_xxaa_s132 Debug/Obj/main.o
 .group         0x00000000        0x8 Output/nrf52832_xxaa_s132 Debug/Obj/main.o
 .group         0x00000000        0x8 Output/nrf52832_xxaa_s132 Debug/Obj/main.o
 .group         0x00000000        0x8 Output/nrf52832_xxaa_s132 Debug/Obj/main.o
 .group         0x00000000        0x8 Output/nrf52832_xxaa_s132 Debug/Obj/main.o
 .group         0x00000000        0x8 Output/nrf52832_xxaa_s132 Debug/Obj/main.o
 .group         0x00000000        0x8 Output/nrf52832_xxaa_s132 Debug/Obj/main.o
 .group         0x00000000        0x8 Output/nrf52832_xxaa_s132 Debug/Obj/main.o
 .group         0x00000000        0x8 Output/nrf52832_xxaa_s132 Debug/Obj/main.o
 .group         0x00000000        0x8 Output/nrf52832_xxaa_s132 Debug/Obj/main.o
 .group         0x00000000        0x8 Output/nrf52832_xxaa_s132 Debug/Obj/main.o
 .group         0x00000000        0x8 Output/nrf52832_xxaa_s132 Debug/Obj/main.o
 .group         0x00000000        0x8 Output/nrf52832_xxaa_s132 Debug/Obj/main.o
 .group         0x00000000        0x8 Output/nrf52832_xxaa_s132 Debug/Obj/main.o
 .group         0x00000000        0x8 Output/nrf52832_xxaa_s132 Debug/Obj/main.o
 .group         0x00000000        0x8 Output/nrf52832_xxaa_s132 Debug/Obj/main.o
 .group         0x00000000        0x8 Output/nrf52832_xxaa_s132 Debug/Obj/main.o
 .group         0x00000000        0x8 Output/nrf52832_xxaa_s132 Debug/Obj/main.o
 .group         0x00000000        0x8 Output/nrf52832_xxaa_s132 Debug/Obj/main.o
 .group         0x00000000        0x8 Output/nrf52832_xxaa_s132 Debug/Obj/main.o
 .group         0x00000000        0x8 Output/nrf52832_xxaa_s132 Debug/Obj/main.o
 .group         0x00000000        0x8 Output/nrf52832_xxaa_s132 Debug/Obj/main.o
 .group         0x00000000        0x8 Output/nrf52832_xxaa_s132 Debug/Obj/main.o
 .group         0x00000000        0x8 Output/nrf52832_xxaa_s132 Debug/Obj/main.o
 .group         0x00000000        0x8 Output/nrf52832_xxaa_s132 Debug/Obj/main.o
 .group         0x00000000        0x8 Output/nrf52832_xxaa_s132 Debug/Obj/main.o
 .group         0x00000000        0x8 Output/nrf52832_xxaa_s132 Debug/Obj/main.o
 .group         0x00000000        0x8 Output/nrf52832_xxaa_s132 Debug/Obj/main.o
 .group         0x00000000        0x8 Output/nrf52832_xxaa_s132 Debug/Obj/main.o
 .group         0x00000000        0x8 Output/nrf52832_xxaa_s132 Debug/Obj/main.o
 .group         0x00000000        0x8 Output/nrf52832_xxaa_s132 Debug/Obj/main.o
 .group         0x00000000        0x8 Output/nrf52832_xxaa_s132 Debug/Obj/main.o
 .group         0x00000000        0x8 Output/nrf52832_xxaa_s132 Debug/Obj/main.o
 .group         0x00000000        0x8 Output/nrf52832_xxaa_s132 Debug/Obj/main.o
 .group         0x00000000        0x8 Output/nrf52832_xxaa_s132 Debug/Obj/main.o
 .group         0x00000000        0x8 Output/nrf52832_xxaa_s132 Debug/Obj/main.o
 .group         0x00000000        0x8 Output/nrf52832_xxaa_s132 Debug/Obj/main.o
 .group         0x00000000        0x8 Output/nrf52832_xxaa_s132 Debug/Obj/main.o
 .group         0x00000000        0x8 Output/nrf52832_xxaa_s132 Debug/Obj/main.o
 .group         0x00000000        0x8 Output/nrf52832_xxaa_s132 Debug/Obj/main.o
 .group         0x00000000        0x8 Output/nrf52832_xxaa_s132 Debug/Obj/main.o
 .group         0x00000000        0x8 Output/nrf52832_xxaa_s132 Debug/Obj/main.o
 .group         0x00000000        0x8 Output/nrf52832_xxaa_s132 Debug/Obj/main.o
 .group         0x00000000        0x8 Output/nrf52832_xxaa_s132 Debug/Obj/main.o
[...]
Memory Configuration

Name             Origin             Length             Attributes
UNPLACED_SECTIONS 0xffffffff         0x00000000         xw
RAM              0x20000000         0x00010000         xw
FLASH            0x00000000         0x00090000         xr
*default*        0x00000000         0xffffffff

Linker script and memory map

                0x00000000                __vfprintf = __vfprintf_int_nwp
                0x00000000                __vfscanf = __vfscanf_int
                0x20000000                __RAM_segment_start__ = 0x20000000
                0x20010000                __RAM_segment_end__ = 0x20010000
                0x00010000                __RAM_segment_size__ = 0x10000
                0x00000000                __FLASH_segment_start__ = 0x0
                0x00090000                __FLASH_segment_end__ = 0x90000
                0x00090000                __FLASH_segment_size__ = 0x90000
                0x00000100                __HEAPSIZE__ = 0x100
                0x00000000                __STACKSIZE_ABT__ = 0x0
                0x00000000                __STACKSIZE_FIQ__ = 0x0
                0x00000000                __STACKSIZE_IRQ__ = 0x0
                0x00000000                __STACKSIZE_PROCESS__ = 0x0
                0x00000000                __STACKSIZE_SVC__ = 0x0
                0x00000000                __STACKSIZE_UND__ = 0x0
                0x00000800                __STACKSIZE__ = 0x800
                0x20002a00                __vectors_ram_load_start__ = 0x20002a00

.vectors_ram    0x20002a00        0x0
                0x20002a00                __vectors_ram_start__ = .
 *(.vectors_ram .vectors_ram.*)
                0x20002a00                __vectors_ram_end__ = (__vectors_ram_start__ + SIZEOF (.vectors_ram))
                0x00000000                __vectors_ram_size__ = SIZEOF (.vectors_ram)
                0x20002a00                __vectors_ram_load_end__ = __vectors_ram_end__
                0x00000001                . = ASSERT (((__vectors_ram_start__ == __vectors_ram_end__) || ((__vectors_ram_end__ >= __RAM_segment_start__) && (__vectors_ram_end__ <= __RAM_segment_end__))), error: .vectors_ram is too large to fit in RAM memory segment)
                0x0001c000                __vectors_load_start__ = 0x1c000

.vectors        0x0001c000       0xd8
                0x0001c000                __vectors_start__ = .
 *(.vectors .vectors.*)
 .vectors       0x0001c000       0xd8 Output/nrf52832_xxaa_s132 Debug/Obj/nrf52_Vectors.o
                0x0001c000                _vectors
                0x0001c0d8                __vectors_end__ = (__vectors_start__ + SIZEOF (.vectors))
                0x000000d8                __vectors_size__ = SIZEOF (.vectors)
                0x0001c0d8                __vectors_load_end__ = __vectors_end__
                0x00000001                . = ASSERT (((__vectors_start__ == __vectors_end__) || ((__vectors_end__ >= __FLASH_segment_start__) && (__vectors_end__ <= __FLASH_segment_end__))), error: .vectors is too large to fit in FLASH memory segment)
                0x0001c0d8                __init_load_start__ = ALIGN (__vectors_end__, 0x4)

.init           0x0001c0d8      0x644
                0x0001c0d8                __init_start__ = .
 *(.init .init.*)
 .init.NVIC_SystemReset
                0x0001c0d8       0x28 Output/nrf52832_xxaa_s132 Debug/Obj/system_nrf52.o
 .init.SystemCoreClockUpdate
                0x0001c100       0x1c Output/nrf52832_xxaa_s132 Debug/Obj/system_nrf52.o
                0x0001c100                SystemCoreClockUpdate
 .init.SystemInit
                0x0001c11c      0x20c Output/nrf52832_xxaa_s132 Debug/Obj/system_nrf52.o
                0x0001c11c                SystemInit
 .init.errata_31
                0x0001c328       0x8c Output/nrf52832_xxaa_s132 Debug/Obj/system_nrf52.o
 .init.errata_32
                0x0001c3b4       0x54 Output/nrf52832_xxaa_s132 Debug/Obj/system_nrf52.o
 .init.errata_36
                0x0001c408       0x8c Output/nrf52832_xxaa_s132 Debug/Obj/system_nrf52.o
 .init.errata_37
                0x0001c494       0x54 Output/nrf52832_xxaa_s132 Debug/Obj/system_nrf52.o
 .init.errata_66
                0x0001c4e8       0x54 Output/nrf52832_xxaa_s132 Debug/Obj/system_nrf52.o
 .init          0x0001c53c      0x158 Output/nrf52832_xxaa_s132 Debug/Obj/thumb_crt0.o
                0x0001c53c                _start
                0x0001c5ee                exit
 .init          0x0001c694       0x34 Output/nrf52832_xxaa_s132 Debug/Obj/nRF_Startup.o
                0x0001c694                Reset_Handler
 .init          0x0001c6c8       0x54 Output/nrf52832_xxaa_s132 Debug/Obj/nrf52_Vectors.o
                0x0001c6c8                NMI_Handler
                0x0001c6ca                HardFault_Handler
                0x0001c6cc                SVC_Handler
                0x0001c6ce                PendSV_Handler
                0x0001c6d0                SysTick_Handler
                0x0001c6d4                POWER_CLOCK_IRQHandler
                0x0001c6d6                RADIO_IRQHandler
                0x0001c6de                NFCT_IRQHandler
                0x0001c6e2                SAADC_IRQHandler
                0x0001c6e4                TIMER0_IRQHandler
                0x0001c6e6                TIMER1_IRQHandler
                0x0001c6e8                TIMER2_IRQHandler
                0x0001c6ea                RTC0_IRQHandler
                0x0001c6ec                TEMP_IRQHandler
                0x0001c6ee                RNG_IRQHandler
                0x0001c6f0                ECB_IRQHandler
                0x0001c6f2                CCM_AAR_IRQHandler
                0x0001c6f4                WDT_IRQHandler
                0x0001c6f8                QDEC_IRQHandler
                0x0001c6fa                COMP_LPCOMP_IRQHandler
                0x0001c702                SWI3_EGU3_IRQHandler
                0x0001c704                SWI4_EGU4_IRQHandler
                0x0001c706                SWI5_EGU5_IRQHandler
                0x0001c708                TIMER3_IRQHandler
                0x0001c70a                TIMER4_IRQHandler
                0x0001c70c                PWM0_IRQHandler
                0x0001c70e                PDM_IRQHandler
                0x0001c710                MWU_IRQHandler
                0x0001c712                PWM1_IRQHandler
                0x0001c714                PWM2_IRQHandler
                0x0001c716                SPIM2_SPIS2_SPI2_IRQHandler
                0x0001c718                RTC2_IRQHandler
                0x0001c71a                I2S_IRQHandler
                0x0001c71c                __init_end__ = (__init_start__ + SIZEOF (.init))
                0x00000644                __init_size__ = SIZEOF (.init)
                0x0001c71c                __init_load_end__ = __init_end__
                0x00000001                . = ASSERT (((__init_start__ == __init_end__) || ((__init_end__ >= __FLASH_segment_start__) && (__init_end__ <= __FLASH_segment_end__))), error: .init is too large to fit in FLASH memory segment)
                0x0001c71c                __init_rodata_load_start__ = ALIGN (__init_end__, 0x4)

.init_rodata    0x0001c71c        0x0
                0x0001c71c                __init_rodata_start__ = .
 *(.init_rodata .init_rodata.*)
                0x0001c71c                __init_rodata_end__ = (__init_rodata_start__ + SIZEOF (.init_rodata))
                0x00000000                __init_rodata_size__ = SIZEOF (.init_rodata)
                0x0001c71c                __init_rodata_load_end__ = __init_rodata_end__
                0x00000001                . = ASSERT (((__init_rodata_start__ == __init_rodata_end__) || ((__init_rodata_end__ >= __FLASH_segment_start__) && (__init_rodata_end__ <= __FLASH_segment_end__))), error: .init_rodata is too large to fit in FLASH memory segment)
                0x0001c71c                __text_load_start__ = ALIGN (__init_rodata_end__, 0x4)

.text           0x0001c71c     0x62c0
                0x0001c71c                __text_start__ = .
 *(.text .text.* .glue_7t .glue_7 .gnu.linkonce.t.* .gcc_except_table .ARM.extab* .gnu.linkonce.armextab.*)
 .glue_7        0x00000000        0x0 linker stubs
 .glue_7t       0x00000000        0x0 linker stubs
 .text.nrf_gpio_cfg
                0x0001c71c       0x4c Output/nrf52832_xxaa_s132 Debug/Obj/main.o
 .text.nrf_gpio_cfg_output
                0x0001c768       0x24 Output/nrf52832_xxaa_s132 Debug/Obj/main.o
 .text.nrf_gpio_pin_set
                0x0001c78c       0x24 Output/nrf52832_xxaa_s132 Debug/Obj/main.o
 .text.nrf_gpio_pin_clear
                0x0001c7b0       0x24 Output/nrf52832_xxaa_s132 Debug/Obj/main.o
 .text.sd_ble_gap_address_set
                0x0001c7d4        0x8 Output/nrf52832_xxaa_s132 Debug/Obj/main.o
 .text.sd_ble_gap_address_get
                0x0001c7dc        0x8 Output/nrf52832_xxaa_s132 Debug/Obj/main.o
 .text.sd_ble_gap_adv_start
                0x0001c7e4        0x8 Output/nrf52832_xxaa_s132 Debug/Obj/main.o
 .text.sd_ble_gap_disconnect
                0x0001c7ec        0x8 Output/nrf52832_xxaa_s132 Debug/Obj/main.o
 .text.sd_ble_gap_ppcp_set
                0x0001c7f4        0x8 Output/nrf52832_xxaa_s132 Debug/Obj/main.o
 .text.sd_ble_gap_device_name_set
                0x0001c7fc        0x8 Output/nrf52832_xxaa_s132 Debug/Obj/main.o
 .text.sd_ble_gap_sec_params_reply
                0x0001c804        0x8 Output/nrf52832_xxaa_s132 Debug/Obj/main.o
 .text.sd_ble_gatts_sys_attr_set
                0x0001c80c        0x8 Output/nrf52832_xxaa_s132 Debug/Obj/main.o
 .text.sd_app_evt_wait
                0x0001c814        0x8 Output/nrf52832_xxaa_s132 Debug/Obj/main.o
 .text.pin_output_init
                0x0001c81c       0x64 Output/nrf52832_xxaa_s132 Debug/Obj/main.o
 .text.timers_init
                0x0001c880       0x38 Output/nrf52832_xxaa_s132 Debug/Obj/main.o
 .text.gap_params_init
                0x0001c8b8       0x90 Output/nrf52832_xxaa_s132 Debug/Obj/main.o
 .text.advertising_init
                0x0001c948       0x7c Output/nrf52832_xxaa_s132 Debug/Obj/main.o
                0x0001c948                advertising_init
 .text.pin_write_handler
                0x0001c9c4       0x50 Output/nrf52832_xxaa_s132 Debug/Obj/main.o
 .text.services_init
                0x0001ca14       0x3c Output/nrf52832_xxaa_s132 Debug/Obj/main.o
 .text.on_conn_params_evt
                0x0001ca50       0x40 Output/nrf52832_xxaa_s132 Debug/Obj/main.o
 .text.conn_params_error_handler
                0x0001ca90       0x1c Output/nrf52832_xxaa_s132 Debug/Obj/main.o
 .text.conn_params_init
                0x0001caac       0x68 Output/nrf52832_xxaa_s132 Debug/Obj/main.o
 .text.advertising_start
                0x0001cb14       0x58 Output/nrf52832_xxaa_s132 Debug/Obj/main.o
 .text.radio_notification_evt_handler
                0x0001cb6c       0x5c Output/nrf52832_xxaa_s132 Debug/Obj/main.o
                0x0001cb6c                radio_notification_evt_handler
 .text.on_ble_evt
                0x0001cbc8       0xfc Output/nrf52832_xxaa_s132 Debug/Obj/main.o
 .text.ble_evt_dispatch
                0x0001ccc4       0x28 Output/nrf52832_xxaa_s132 Debug/Obj/main.o
 .text.ble_stack_init
                0x0001ccec      0x11c Output/nrf52832_xxaa_s132 Debug/Obj/main.o
 .text.pin_event_handler
                0x0001ce08       0x68 Output/nrf52832_xxaa_s132 Debug/Obj/main.o
 .text.nrf_gpiote_init
                0x0001ce70       0xa4 Output/nrf52832_xxaa_s132 Debug/Obj/main.o
                0x0001ce70                nrf_gpiote_init
 .text.power_manage
                0x0001cf14       0x2c Output/nrf52832_xxaa_s132 Debug/Obj/main.o
 .text.main     0x0001cf40       0x38 Output/nrf52832_xxaa_s132 Debug/Obj/main.o
                0x0001cf40                main
 .text.advertising_init_eddystone
                0x0001cf78       0x94 Output/nrf52832_xxaa_s132 Debug/Obj/advertising.o
                0x0001cf78                advertising_init_eddystone
 .text.nrf_gpio_pin_set
                0x0001d00c       0x24 Output/nrf52832_xxaa_s132 Debug/Obj/twi_rfid_driver.o
 .text.nrf_gpio_pin_clear
                0x0001d030       0x24 Output/nrf52832_xxaa_s132 Debug/Obj/twi_rfid_driver.o
 .text.timer_read_event_handler
                0x0001d054       0x34 Output/nrf52832_xxaa_s132 Debug/Obj/twi_rfid_driver.o
                0x0001d054                timer_read_event_handler
 .text.twi_rfid_timer_init
                0x0001d088       0x5c Output/nrf52832_xxaa_s132 Debug/Obj/twi_rfid_driver.o
                0x0001d088                twi_rfid_timer_init
 .text.twi_rfid_init
                0x0001d0e4       0x38 Output/nrf52832_xxaa_s132 Debug/Obj/twi_rfid_driver.o
                0x0001d0e4                twi_rfid_init
 .text.nrf_gpio_pin_set
                0x0001d11c       0x24 Output/nrf52832_xxaa_s132 Debug/Obj/twi_motordriver.o
 .text.nrf_gpio_pin_clear
                0x0001d140       0x24 Output/nrf52832_xxaa_s132 Debug/Obj/twi_motordriver.o
 .text.twi_motordriver_init
                0x0001d164       0x38 Output/nrf52832_xxaa_s132 Debug/Obj/twi_motordriver.o
                0x0001d164                twi_motordriver_init
 .text.twi_init_motorshield
                0x0001d19c      0x198 Output/nrf52832_xxaa_s132 Debug/Obj/twi_motordriver.o
                0x0001d19c                twi_init_motorshield
 .text.twi_clear_motorshield
                0x0001d334       0xec Output/nrf52832_xxaa_s132 Debug/Obj/twi_motordriver.o
                0x0001d334                twi_clear_motorshield
 .text.twi_set_motor
                0x0001d420       0xa0 Output/nrf52832_xxaa_s132 Debug/Obj/twi_motordriver.o
                0x0001d420                twi_set_motor
 .text.twi_set_speed
                0x0001d4c0       0x50 Output/nrf52832_xxaa_s132 Debug/Obj/twi_motordriver.o
                0x0001d4c0                twi_set_speed
 .text.twi_set_motor_dir
                0x0001d510      0x218 Output/nrf52832_xxaa_s132 Debug/Obj/twi_motordriver.o
                0x0001d510                twi_set_motor_dir
 .text.read_bit
                0x0001d728       0x34 Output/nrf52832_xxaa_s132 Debug/Obj/read_set_bit.o
                0x0001d728                read_bit
 .text.nrf_twi_task_trigger
                0x0001d75c       0x20 Output/nrf52832_xxaa_s132 Debug/Obj/nrf_drv_twi.o
 .text.nrf_twi_event_clear
                0x0001d77c       0x20 Output/nrf52832_xxaa_s132 Debug/Obj/nrf_drv_twi.o
 .text.nrf_twi_event_check
                0x0001d79c       0x2c Output/nrf52832_xxaa_s132 Debug/Obj/nrf_drv_twi.o
 .text.nrf_twi_int_enable
                0x0001d7c8       0x1c Output/nrf52832_xxaa_s132 Debug/Obj/nrf_drv_twi.o
 .text.nrf_twi_int_disable
                0x0001d7e4       0x1c Output/nrf52832_xxaa_s132 Debug/Obj/nrf_drv_twi.o
 .text.nrf_twi_enable
                0x0001d800       0x1c Output/nrf52832_xxaa_s132 Debug/Obj/nrf_drv_twi.o
 .text.nrf_twi_pins_set
                0x0001d81c       0x28 Output/nrf52832_xxaa_s132 Debug/Obj/nrf_drv_twi.o
 .text.nrf_twi_frequency_set
                0x0001d844       0x1c Output/nrf52832_xxaa_s132 Debug/Obj/nrf_drv_twi.o
 .text.nrf_twi_errorsrc_get_and_clear
                0x0001d860       0x28 Output/nrf52832_xxaa_s132 Debug/Obj/nrf_drv_twi.o
 .text.nrf_twi_address_set
                0x0001d888       0x20 Output/nrf52832_xxaa_s132 Debug/Obj/nrf_drv_twi.o
 .text.nrf_twi_rxd_get
                0x0001d8a8       0x1c Output/nrf52832_xxaa_s132 Debug/Obj/nrf_drv_twi.o
 .text.nrf_twi_txd_set
                0x0001d8c4       0x20 Output/nrf52832_xxaa_s132 Debug/Obj/nrf_drv_twi.o
 .text.nrf_twi_shorts_set
                0x0001d8e4       0x1c Output/nrf52832_xxaa_s132 Debug/Obj/nrf_drv_twi.o
 .text.nrf_drv_get_IRQn
                0x0001d900       0x20 Output/nrf52832_xxaa_s132 Debug/Obj/nrf_drv_twi.o
 .text.nrf_gpio_pin_set
                0x0001d920       0x24 Output/nrf52832_xxaa_s132 Debug/Obj/nrf_drv_twi.o
 .text.nrf_gpio_pin_clear
                0x0001d944       0x24 Output/nrf52832_xxaa_s132 Debug/Obj/nrf_drv_twi.o
 .text.nrf_gpio_pin_read
                0x0001d968       0x28 Output/nrf52832_xxaa_s132 Debug/Obj/nrf_drv_twi.o
 .text.twi_clear_bus
                0x0001d990      0x2cc Output/nrf52832_xxaa_s132 Debug/Obj/nrf_drv_twi.o
 .text.nrf_drv_twi_init
                0x0001dc5c       0xf4 Output/nrf52832_xxaa_s132 Debug/Obj/nrf_drv_twi.o
                0x0001dc5c                nrf_drv_twi_init
 .text.nrf_drv_twi_enable
                0x0001dd50       0x3c Output/nrf52832_xxaa_s132 Debug/Obj/nrf_drv_twi.o
                0x0001dd50                nrf_drv_twi_enable
 .text.twi_send_byte
                0x0001dd8c       0x60 Output/nrf52832_xxaa_s132 Debug/Obj/nrf_drv_twi.o
 .text.twi_receive_byte
                0x0001ddec       0x6c Output/nrf52832_xxaa_s132 Debug/Obj/nrf_drv_twi.o
 .text.twi_transfer
                0x0001de58      0x168 Output/nrf52832_xxaa_s132 Debug/Obj/nrf_drv_twi.o
 .text.twi_tx_start_transfer
                0x0001dfc0       0xd8 Output/nrf52832_xxaa_s132 Debug/Obj/nrf_drv_twi.o
 .text.twi_rx_start_transfer
                0x0001e098       0xcc Output/nrf52832_xxaa_s132 Debug/Obj/nrf_drv_twi.o
 .text.twi_xfer
                0x0001e164      0x10c Output/nrf52832_xxaa_s132 Debug/Obj/nrf_drv_twi.o
 .text.nrf_drv_twi_xfer
                0x0001e270       0x54 Output/nrf52832_xxaa_s132 Debug/Obj/nrf_drv_twi.o
                0x0001e270                nrf_drv_twi_xfer
 .text.nrf_drv_twi_tx
                0x0001e2c4       0x5c Output/nrf52832_xxaa_s132 Debug/Obj/nrf_drv_twi.o
                0x0001e2c4                nrf_drv_twi_tx
 .text.nrf_drv_twi_rx
                0x0001e320       0x54 Output/nrf52832_xxaa_s132 Debug/Obj/nrf_drv_twi.o
                0x0001e320                nrf_drv_twi_rx
 .text.irq_handler_twi
                0x0001e374      0x140 Output/nrf52832_xxaa_s132 Debug/Obj/nrf_drv_twi.o
 .text.SPIM0_SPIS0_TWIM0_TWIS0_SPI0_TWI0_IRQHandler
                0x0001e4b4       0x18 Output/nrf52832_xxaa_s132 Debug/Obj/nrf_drv_twi.o
                0x0001e4b4                SPIM0_SPIS0_TWIM0_TWIS0_SPI0_TWI0_IRQHandler
 .text.SPIM1_SPIS1_TWIM1_TWIS1_SPI1_TWI1_IRQHandler
                0x0001e4cc       0x14 Output/nrf52832_xxaa_s132 Debug/Obj/nrf_drv_twi.o
                0x0001e4cc                SPIM1_SPIS1_TWIM1_TWIS1_SPI1_TWI1_IRQHandler
 .text.SWI1_EGU1_IRQHandler
                0x0001e4e0       0x40 Output/nrf52832_xxaa_s132 Debug/Obj/ble_radio_notification.o
                0x0001e4e0                SWI1_EGU1_IRQHandler
 .text.sd_ble_gatts_service_add
                0x0001e520        0x8 Output/nrf52832_xxaa_s132 Debug/Obj/ble_lbs.o
 .text.sd_ble_gatts_characteristic_add
                0x0001e528        0x8 Output/nrf52832_xxaa_s132 Debug/Obj/ble_lbs.o
 .text.sd_ble_gatts_hvx
                0x0001e530        0x8 Output/nrf52832_xxaa_s132 Debug/Obj/ble_lbs.o
 .text.sd_ble_uuid_vs_add
                0x0001e538        0x8 Output/nrf52832_xxaa_s132 Debug/Obj/ble_lbs.o
 .text.on_connect
                0x0001e540       0x1c Output/nrf52832_xxaa_s132 Debug/Obj/ble_lbs.o
 .text.on_disconnect
                0x0001e55c       0x1c Output/nrf52832_xxaa_s132 Debug/Obj/ble_lbs.o
 .text.on_write
                0x0001e578       0x40 Output/nrf52832_xxaa_s132 Debug/Obj/ble_lbs.o
 .text.ble_lbs_on_ble_evt
                0x0001e5b8       0x40 Output/nrf52832_xxaa_s132 Debug/Obj/ble_lbs.o
                0x0001e5b8                ble_lbs_on_ble_evt
 .text.led_char_add
                0x0001e5f8       0xf0 Output/nrf52832_xxaa_s132 Debug/Obj/ble_lbs.o
 .text.button_char_add
                0x0001e6e8      0x144 Output/nrf52832_xxaa_s132 Debug/Obj/ble_lbs.o
 .text.ble_lbs_init
                0x0001e82c       0xa4 Output/nrf52832_xxaa_s132 Debug/Obj/ble_lbs.o
                0x0001e82c                ble_lbs_init
 .text.ble_lbs_on_button_change
                0x0001e8d0       0x58 Output/nrf52832_xxaa_s132 Debug/Obj/ble_lbs.o
                0x0001e8d0                ble_lbs_on_button_change
 .text.bsp_led_indication
                0x0001e928      0x698 Output/nrf52832_xxaa_s132 Debug/Obj/bsp.o
 .text.bsp_indication_set
                0x0001efc0       0x34 Output/nrf52832_xxaa_s132 Debug/Obj/bsp.o
                0x0001efc0                bsp_indication_set
 .text.sd_ble_gap_address_get
                0x0001eff4        0x8 Output/nrf52832_xxaa_s132 Debug/Obj/ble_advdata.o
 .text.sd_ble_gap_adv_data_set
                0x0001effc        0x8 Output/nrf52832_xxaa_s132 Debug/Obj/ble_advdata.o
 .text.sd_ble_gap_appearance_get
                0x0001f004        0x8 Output/nrf52832_xxaa_s132 Debug/Obj/ble_advdata.o
 .text.sd_ble_gap_device_name_get
                0x0001f00c        0x8 Output/nrf52832_xxaa_s132 Debug/Obj/ble_advdata.o
 .text.sd_ble_uuid_encode
                0x0001f014        0x8 Output/nrf52832_xxaa_s132 Debug/Obj/ble_advdata.o
 .text.uint16_encode
                0x0001f01c       0x30 Output/nrf52832_xxaa_s132 Debug/Obj/ble_advdata.o
 .text.tk_value_encode
                0x0001f04c       0x9c Output/nrf52832_xxaa_s132 Debug/Obj/ble_advdata.o
 .text.le_role_encode
                0x0001f0e8       0xd8 Output/nrf52832_xxaa_s132 Debug/Obj/ble_advdata.o
 .text.ble_device_addr_encode
                0x0001f1c0       0xcc Output/nrf52832_xxaa_s132 Debug/Obj/ble_advdata.o
 .text.name_encode
                0x0001f28c      0x11c Output/nrf52832_xxaa_s132 Debug/Obj/ble_advdata.o
 .text.appearance_encode
                0x0001f3a8       0x98 Output/nrf52832_xxaa_s132 Debug/Obj/ble_advdata.o
 .text.flags_encode
                0x0001f440       0x80 Output/nrf52832_xxaa_s132 Debug/Obj/ble_advdata.o
 .text.sec_mgr_oob_flags_encode
                0x0001f4c0       0x80 Output/nrf52832_xxaa_s132 Debug/Obj/ble_advdata.o
 .text.tx_power_level_encode
                0x0001f540       0x80 Output/nrf52832_xxaa_s132 Debug/Obj/ble_advdata.o
 .text.uuid_list_sized_encode
                0x0001f5c0      0x140 Output/nrf52832_xxaa_s132 Debug/Obj/ble_advdata.o
 .text.uuid_list_encode
                0x0001f700       0x60 Output/nrf52832_xxaa_s132 Debug/Obj/ble_advdata.o
 .text.conn_int_check
                0x0001f760       0x84 Output/nrf52832_xxaa_s132 Debug/Obj/ble_advdata.o
 .text.conn_int_encode
                0x0001f7e4       0xc0 Output/nrf52832_xxaa_s132 Debug/Obj/ble_advdata.o
 .text.manuf_specific_data_encode
                0x0001f8a4       0xe4 Output/nrf52832_xxaa_s132 Debug/Obj/ble_advdata.o
 .text.service_data_encode
                0x0001f988      0x104 Output/nrf52832_xxaa_s132 Debug/Obj/ble_advdata.o
 .text.adv_data_encode
                0x0001fa8c      0x240 Output/nrf52832_xxaa_s132 Debug/Obj/ble_advdata.o
                0x0001fa8c                adv_data_encode
 .text.advdata_check
                0x0001fccc       0x28 Output/nrf52832_xxaa_s132 Debug/Obj/ble_advdata.o
 .text.srdata_check
                0x0001fcf4       0x24 Output/nrf52832_xxaa_s132 Debug/Obj/ble_advdata.o
 .text.ble_advdata_set
                0x0001fd18       0xc8 Output/nrf52832_xxaa_s132 Debug/Obj/ble_advdata.o
                0x0001fd18                ble_advdata_set
 .text.sd_ble_gap_conn_param_update
                0x0001fde0        0x8 Output/nrf52832_xxaa_s132 Debug/Obj/ble_conn_params.o
 .text.sd_ble_gap_disconnect
                0x0001fde8        0x8 Output/nrf52832_xxaa_s132 Debug/Obj/ble_conn_params.o
 .text.sd_ble_gap_ppcp_set
                0x0001fdf0        0x8 Output/nrf52832_xxaa_s132 Debug/Obj/ble_conn_params.o
 .text.sd_ble_gap_ppcp_get
                0x0001fdf8        0x8 Output/nrf52832_xxaa_s132 Debug/Obj/ble_conn_params.o
 .text.uint16_decode
                0x0001fe00       0x2c Output/nrf52832_xxaa_s132 Debug/Obj/ble_conn_params.o
 .text.ble_srv_is_notification_enabled
                0x0001fe2c       0x2c Output/nrf52832_xxaa_s132 Debug/Obj/ble_conn_params.o
 .text.is_conn_params_ok
                0x0001fe58       0x38 Output/nrf52832_xxaa_s132 Debug/Obj/ble_conn_params.o
 .text.update_timeout_handler
                0x0001fe90       0xb4 Output/nrf52832_xxaa_s132 Debug/Obj/ble_conn_params.o
 .text.ble_conn_params_init
                0x0001ff44       0x98 Output/nrf52832_xxaa_s132 Debug/Obj/ble_conn_params.o
                0x0001ff44                ble_conn_params_init
 .text.conn_params_negotiation
                0x0001ffdc       0xac Output/nrf52832_xxaa_s132 Debug/Obj/ble_conn_params.o
 .text.on_connect
                0x00020088       0x48 Output/nrf52832_xxaa_s132 Debug/Obj/ble_conn_params.o
 .text.on_disconnect
                0x000200d0       0x4c Output/nrf52832_xxaa_s132 Debug/Obj/ble_conn_params.o
 .text.on_write
                0x0002011c       0x68 Output/nrf52832_xxaa_s132 Debug/Obj/ble_conn_params.o
 .text.on_conn_params_update
                0x00020184       0x24 Output/nrf52832_xxaa_s132 Debug/Obj/ble_conn_params.o
 .text.ble_conn_params_on_ble_evt
                0x000201a8       0x4c Output/nrf52832_xxaa_s132 Debug/Obj/ble_conn_params.o
                0x000201a8                ble_conn_params_on_ble_evt
 .text.NVIC_EnableIRQ
                0x000201f4       0x30 Output/nrf52832_xxaa_s132 Debug/Obj/nrf_drv_common.o
 .text.NVIC_ClearPendingIRQ
                0x00020224       0x34 Output/nrf52832_xxaa_s132 Debug/Obj/nrf_drv_common.o
 .text.NVIC_SetPriority
                0x00020258       0x54 Output/nrf52832_xxaa_s132 Debug/Obj/nrf_drv_common.o
 .text.nrf_drv_common_irq_enable
                0x000202ac       0x38 Output/nrf52832_xxaa_s132 Debug/Obj/nrf_drv_common.o
                0x000202ac                nrf_drv_common_irq_enable
 .text.nrf_gpiote_event_is_set
                0x000202e4       0x28 Output/nrf52832_xxaa_s132 Debug/Obj/nrf_drv_gpiote.o
 .text.nrf_gpiote_event_clear
                0x0002030c       0x30 Output/nrf52832_xxaa_s132 Debug/Obj/nrf_drv_gpiote.o
 .text.nrf_gpiote_event_addr_get
                0x0002033c       0x20 Output/nrf52832_xxaa_s132 Debug/Obj/nrf_drv_gpiote.o
 .text.nrf_gpiote_int_enable
                0x0002035c       0x20 Output/nrf52832_xxaa_s132 Debug/Obj/nrf_drv_gpiote.o
 .text.nrf_gpiote_int_disable
                0x0002037c       0x20 Output/nrf52832_xxaa_s132 Debug/Obj/nrf_drv_gpiote.o
 .text.nrf_gpiote_int_is_enabled
                0x0002039c       0x24 Output/nrf52832_xxaa_s132 Debug/Obj/nrf_drv_gpiote.o
 .text.nrf_gpiote_event_enable
                0x000203c0       0x34 Output/nrf52832_xxaa_s132 Debug/Obj/nrf_drv_gpiote.o
 .text.nrf_gpiote_event_disable
                0x000203f4       0x34 Output/nrf52832_xxaa_s132 Debug/Obj/nrf_drv_gpiote.o
 .text.nrf_gpiote_event_configure
                0x00020428       0x68 Output/nrf52832_xxaa_s132 Debug/Obj/nrf_drv_gpiote.o
 .text.nrf_gpiote_event_pin_get
                0x00020490       0x2c Output/nrf52832_xxaa_s132 Debug/Obj/nrf_drv_gpiote.o
 .text.nrf_gpiote_event_polarity_get
                0x000204bc       0x2c Output/nrf52832_xxaa_s132 Debug/Obj/nrf_drv_gpiote.o
 .text.nrf_gpio_cfg
                0x000204e8       0x4c Output/nrf52832_xxaa_s132 Debug/Obj/nrf_drv_gpiote.o
 .text.nrf_gpio_cfg_input
                0x00020534       0x28 Output/nrf52832_xxaa_s132 Debug/Obj/nrf_drv_gpiote.o
 .text.nrf_gpio_cfg_watcher
                0x0002055c       0x38 Output/nrf52832_xxaa_s132 Debug/Obj/nrf_drv_gpiote.o
 .text.nrf_gpio_cfg_sense_set
                0x00020594       0x58 Output/nrf52832_xxaa_s132 Debug/Obj/nrf_drv_gpiote.o
 .text.nrf_gpio_pins_read
                0x000205ec       0x18 Output/nrf52832_xxaa_s132 Debug/Obj/nrf_drv_gpiote.o
 .text.nrf_gpio_pin_sense_get
                0x00020604       0x2c Output/nrf52832_xxaa_s132 Debug/Obj/nrf_drv_gpiote.o
 .text.pin_in_use_by_te
                0x00020630       0x44 Output/nrf52832_xxaa_s132 Debug/Obj/nrf_drv_gpiote.o
 .text.pin_in_use_by_port
                0x00020674       0x30 Output/nrf52832_xxaa_s132 Debug/Obj/nrf_drv_gpiote.o
 .text.pin_in_use_by_gpiote
                0x000206a4       0x2c Output/nrf52832_xxaa_s132 Debug/Obj/nrf_drv_gpiote.o
 .text.pin_in_use_by_te_set
                0x000206d0       0x54 Output/nrf52832_xxaa_s132 Debug/Obj/nrf_drv_gpiote.o
 .text.pin_in_use_clear
                0x00020724       0x24 Output/nrf52832_xxaa_s132 Debug/Obj/nrf_drv_gpiote.o
 .text.channel_port_get
                0x00020748       0x24 Output/nrf52832_xxaa_s132 Debug/Obj/nrf_drv_gpiote.o
 .text.channel_handler_get
                0x0002076c       0x20 Output/nrf52832_xxaa_s132 Debug/Obj/nrf_drv_gpiote.o
 .text.channel_port_alloc
                0x0002078c       0x74 Output/nrf52832_xxaa_s132 Debug/Obj/nrf_drv_gpiote.o
 .text.channel_free
                0x00020800       0x38 Output/nrf52832_xxaa_s132 Debug/Obj/nrf_drv_gpiote.o
 .text.nrf_drv_gpiote_init
                0x00020838       0x70 Output/nrf52832_xxaa_s132 Debug/Obj/nrf_drv_gpiote.o
                0x00020838                nrf_drv_gpiote_init
 .text.nrf_drv_gpiote_is_init
                0x000208a8       0x24 Output/nrf52832_xxaa_s132 Debug/Obj/nrf_drv_gpiote.o
                0x000208a8                nrf_drv_gpiote_is_init
 .text.nrf_drv_gpiote_in_init
                0x000208cc       0xb4 Output/nrf52832_xxaa_s132 Debug/Obj/nrf_drv_gpiote.o
                0x000208cc                nrf_drv_gpiote_in_init
 .text.nrf_drv_gpiote_in_event_enable
                0x00020980       0xd8 Output/nrf52832_xxaa_s132 Debug/Obj/nrf_drv_gpiote.o
                0x00020980                nrf_drv_gpiote_in_event_enable
 .text.nrf_drv_gpiote_in_event_disable
                0x00020a58       0x50 Output/nrf52832_xxaa_s132 Debug/Obj/nrf_drv_gpiote.o
                0x00020a58                nrf_drv_gpiote_in_event_disable
 .text.GPIOTE_IRQHandler
                0x00020aa8      0x218 Output/nrf52832_xxaa_s132 Debug/Obj/nrf_drv_gpiote.o
                0x00020aa8                GPIOTE_IRQHandler
 .text.nrf_uart_event_clear
                0x00020cc0       0x20 Output/nrf52832_xxaa_s132 Debug/Obj/nrf_drv_uart.o
 .text.nrf_uart_event_check
                0x00020ce0       0x2c Output/nrf52832_xxaa_s132 Debug/Obj/nrf_drv_uart.o
 .text.nrf_uart_int_enable_check
                0x00020d0c       0x2c Output/nrf52832_xxaa_s132 Debug/Obj/nrf_drv_uart.o
 .text.nrf_uart_int_disable
                0x00020d38       0x1c Output/nrf52832_xxaa_s132 Debug/Obj/nrf_drv_uart.o
 .text.nrf_uart_errorsrc_get_and_clear
                0x00020d54       0x28 Output/nrf52832_xxaa_s132 Debug/Obj/nrf_drv_uart.o
 .text.nrf_uart_rxd_get
                0x00020d7c       0x1c Output/nrf52832_xxaa_s132 Debug/Obj/nrf_drv_uart.o
 .text.nrf_uart_txd_set
                0x00020d98       0x20 Output/nrf52832_xxaa_s132 Debug/Obj/nrf_drv_uart.o
 .text.nrf_uart_task_trigger
                0x00020db8       0x20 Output/nrf52832_xxaa_s132 Debug/Obj/nrf_drv_uart.o
 .text.nrf_uarte_event_clear
                0x00020dd8       0x20 Output/nrf52832_xxaa_s132 Debug/Obj/nrf_drv_uart.o
 .text.nrf_uarte_event_check
                0x00020df8       0x2c Output/nrf52832_xxaa_s132 Debug/Obj/nrf_drv_uart.o
 .text.nrf_uarte_shorts_disable
                0x00020e24       0x28 Output/nrf52832_xxaa_s132 Debug/Obj/nrf_drv_uart.o
 .text.nrf_uarte_errorsrc_get_and_clear
                0x00020e4c       0x28 Output/nrf52832_xxaa_s132 Debug/Obj/nrf_drv_uart.o
 .text.nrf_uarte_tx_amount_get
                0x00020e74       0x1c Output/nrf52832_xxaa_s132 Debug/Obj/nrf_drv_uart.o
 .text.nrf_uarte_rx_amount_get
                0x00020e90       0x1c Output/nrf52832_xxaa_s132 Debug/Obj/nrf_drv_uart.o
 .text.tx_byte  0x00020eac       0x48 Output/nrf52832_xxaa_s132 Debug/Obj/nrf_drv_uart.o
 .text.rx_byte  0x00020ef4       0x58 Output/nrf52832_xxaa_s132 Debug/Obj/nrf_drv_uart.o
 .text.rx_done_event
                0x00020f4c       0x34 Output/nrf52832_xxaa_s132 Debug/Obj/nrf_drv_uart.o
 .text.tx_done_event
                0x00020f80       0x3c Output/nrf52832_xxaa_s132 Debug/Obj/nrf_drv_uart.o
 .text.uart_irq_handler
                0x00020fbc      0x1c8 Output/nrf52832_xxaa_s132 Debug/Obj/nrf_drv_uart.o
 .text.uarte_irq_handler
                0x00021184      0x158 Output/nrf52832_xxaa_s132 Debug/Obj/nrf_drv_uart.o
 .text.UARTE0_UART0_IRQHandler
                0x000212dc       0x1c Output/nrf52832_xxaa_s132 Debug/Obj/nrf_drv_uart.o
                0x000212dc                UARTE0_UART0_IRQHandler
 .text.app_button_enable
                0x000212f8       0x44 Output/nrf52832_xxaa_s132 Debug/Obj/app_button.o
                0x000212f8                app_button_enable
 .text.app_button_disable
                0x0002133c       0x50 Output/nrf52832_xxaa_s132 Debug/Obj/app_button.o
                0x0002133c                app_button_disable
 .text.app_error_handler
                0x0002138c       0x30 Output/nrf52832_xxaa_s132 Debug/Obj/app_error.o
                0x0002138c                app_error_handler
 .text.app_error_save_and_stop
                0x000213bc       0x98 Output/nrf52832_xxaa_s132 Debug/Obj/app_error.o
                0x000213bc                app_error_save_and_stop
 .text.app_error_fault_handler
                0x00021454       0x24 Output/nrf52832_xxaa_s132 Debug/Obj/app_error_weak.o
                0x00021454                app_error_fault_handler
 .text.NVIC_EnableIRQ
                0x00021478       0x30 Output/nrf52832_xxaa_s132 Debug/Obj/app_timer.o
 .text.NVIC_DisableIRQ
                0x000214a8       0x34 Output/nrf52832_xxaa_s132 Debug/Obj/app_timer.o
 .text.NVIC_SetPendingIRQ
                0x000214dc       0x34 Output/nrf52832_xxaa_s132 Debug/Obj/app_timer.o
 .text.NVIC_ClearPendingIRQ
                0x00021510       0x34 Output/nrf52832_xxaa_s132 Debug/Obj/app_timer.o
 .text.NVIC_SetPriority
                0x00021544       0x54 Output/nrf52832_xxaa_s132 Debug/Obj/app_timer.o
 .text.NVIC_GetPriority
                0x00021598       0x50 Output/nrf52832_xxaa_s132 Debug/Obj/app_timer.o
 .text.is_word_aligned
                0x000215e8       0x24 Output/nrf52832_xxaa_s132 Debug/Obj/app_timer.o
 .text.current_int_priority_get
                0x0002160c       0x3c Output/nrf52832_xxaa_s132 Debug/Obj/app_timer.o
 .text.rtc1_init
                0x00021648       0x24 Output/nrf52832_xxaa_s132 Debug/Obj/app_timer.o
 .text.rtc1_start
                0x0002166c       0xc0 Output/nrf52832_xxaa_s132 Debug/Obj/app_timer.o
 .text.rtc1_stop
                0x0002172c      0x14c Output/nrf52832_xxaa_s132 Debug/Obj/app_timer.o
 .text.rtc1_counter_get
                0x00021878       0x18 Output/nrf52832_xxaa_s132 Debug/Obj/app_timer.o
 .text.ticks_diff_get
                0x00021890       0x20 Output/nrf52832_xxaa_s132 Debug/Obj/app_timer.o
 .text.rtc1_compare0_set
                0x000218b0       0x20 Output/nrf52832_xxaa_s132 Debug/Obj/app_timer.o
 .text.timer_list_insert
                0x000218d0       0xb4 Output/nrf52832_xxaa_s132 Debug/Obj/app_timer.o
 .text.timer_list_remove
                0x00021984       0xa4 Output/nrf52832_xxaa_s132 Debug/Obj/app_timer.o
 .text.timer_timeouts_check_sched
                0x00021a28        0xc Output/nrf52832_xxaa_s132 Debug/Obj/app_timer.o
 .text.timer_list_handler_sched
                0x00021a34        0xc Output/nrf52832_xxaa_s132 Debug/Obj/app_timer.o
 .text.timeout_handler_exec
                0x00021a40       0x58 Output/nrf52832_xxaa_s132 Debug/Obj/app_timer.o
 .text.timer_timeouts_check
                0x00021a98       0xc4 Output/nrf52832_xxaa_s132 Debug/Obj/app_timer.o
 .text.elapsed_ticks_acquire
                0x00021b5c       0x80 Output/nrf52832_xxaa_s132 Debug/Obj/app_timer.o
 .text.list_deletions_handler
                0x00021bdc       0xc0 Output/nrf52832_xxaa_s132 Debug/Obj/app_timer.o
 .text.expired_timers_handler
                0x00021c9c       0x9c Output/nrf52832_xxaa_s132 Debug/Obj/app_timer.o
 .text.list_insertions_handler
                0x00021d38      0x184 Output/nrf52832_xxaa_s132 Debug/Obj/app_timer.o
 .text.compare_reg_update
                0x00021ebc      0x130 Output/nrf52832_xxaa_s132 Debug/Obj/app_timer.o
 .text.timer_list_handler
                0x00021fec       0x78 Output/nrf52832_xxaa_s132 Debug/Obj/app_timer.o
 .text.user_op_enque
                0x00022064       0x1c Output/nrf52832_xxaa_s132 Debug/Obj/app_timer.o
 .text.user_op_alloc
                0x00022080       0x58 Output/nrf52832_xxaa_s132 Debug/Obj/app_timer.o
 .text.timer_start_op_schedule
                0x000220d8       0x80 Output/nrf52832_xxaa_s132 Debug/Obj/app_timer.o
 .text.timer_stop_op_schedule
                0x00022158       0x60 Output/nrf52832_xxaa_s132 Debug/Obj/app_timer.o
 .text.RTC1_IRQHandler
                0x000221b8       0x40 Output/nrf52832_xxaa_s132 Debug/Obj/app_timer.o
                0x000221b8                RTC1_IRQHandler
 .text.SWI0_EGU0_IRQHandler
                0x000221f8        0xc Output/nrf52832_xxaa_s132 Debug/Obj/app_timer.o
                0x000221f8                SWI0_EGU0_IRQHandler
 .text.app_timer_init
                0x00022204       0xf8 Output/nrf52832_xxaa_s132 Debug/Obj/app_timer.o
                0x00022204                app_timer_init
 .text.app_timer_create
                0x000222fc       0x68 Output/nrf52832_xxaa_s132 Debug/Obj/app_timer.o
                0x000222fc                app_timer_create
 .text.user_id_get
                0x00022364       0x34 Output/nrf52832_xxaa_s132 Debug/Obj/app_timer.o
 .text.app_timer_start
                0x00022398       0x70 Output/nrf52832_xxaa_s132 Debug/Obj/app_timer.o
                0x00022398                app_timer_start
 .text.app_timer_stop
                0x00022408       0x4c Output/nrf52832_xxaa_s132 Debug/Obj/app_timer.o
                0x00022408                app_timer_stop
 .text.NVIC_EnableIRQ
                0x00022454       0x30 Output/nrf52832_xxaa_s132 Debug/Obj/softdevice_handler.o
 .text.NVIC_GetPriority
                0x00022484       0x50 Output/nrf52832_xxaa_s132 Debug/Obj/softdevice_handler.o
 .text.sd_evt_get
                0x000224d4        0x8 Output/nrf52832_xxaa_s132 Debug/Obj/softdevice_handler.o
 .text.sd_softdevice_enable
                0x000224dc        0x8 Output/nrf52832_xxaa_s132 Debug/Obj/softdevice_handler.o
 .text.is_word_aligned
                0x000224e4       0x24 Output/nrf52832_xxaa_s132 Debug/Obj/softdevice_handler.o
 .text.sd_ble_enable
                0x00022508        0x8 Output/nrf52832_xxaa_s132 Debug/Obj/softdevice_handler.o
 .text.sd_ble_evt_get
                0x00022510        0x8 Output/nrf52832_xxaa_s132 Debug/Obj/softdevice_handler.o
 .text.__sd_nvic_app_accessible_irq
                0x00022518       0x60 Output/nrf52832_xxaa_s132 Debug/Obj/softdevice_handler.o
 .text.__sd_nvic_is_app_accessible_priority
                0x00022578       0x3c Output/nrf52832_xxaa_s132 Debug/Obj/softdevice_handler.o
 .text.sd_nvic_EnableIRQ
                0x000225b4       0x88 Output/nrf52832_xxaa_s132 Debug/Obj/softdevice_handler.o
 .text.softdevice_fault_handler
                0x0002263c       0x1c Output/nrf52832_xxaa_s132 Debug/Obj/softdevice_handler.o
                0x0002263c                softdevice_fault_handler
 .text.intern_softdevice_events_execute
                0x00022658       0xec Output/nrf52832_xxaa_s132 Debug/Obj/softdevice_handler.o
                0x00022658                intern_softdevice_events_execute
 .text.softdevice_handler_init
                0x00022744       0x80 Output/nrf52832_xxaa_s132 Debug/Obj/softdevice_handler.o
                0x00022744                softdevice_handler_init
 .text.softdevice_ble_evt_handler_set
                0x000227c4       0x2c Output/nrf52832_xxaa_s132 Debug/Obj/softdevice_handler.o
                0x000227c4                softdevice_ble_evt_handler_set
 .text.SWI2_EGU2_IRQHandler
                0x000227f0       0x44 Output/nrf52832_xxaa_s132 Debug/Obj/softdevice_handler.o
                0x000227f0                SWI2_EGU2_IRQHandler
 .text.softdevice_enable_get_default_config
                0x00022834       0x54 Output/nrf52832_xxaa_s132 Debug/Obj/softdevice_handler.o
                0x00022834                softdevice_enable_get_default_config
 .text.sd_check_ram_start
                0x00022888       0x2c Output/nrf52832_xxaa_s132 Debug/Obj/softdevice_handler.o
                0x00022888                sd_check_ram_start
 .text.softdevice_enable
                0x000228b4       0x2c Output/nrf52832_xxaa_s132 Debug/Obj/softdevice_handler.o
                0x000228b4                softdevice_enable
 .text.libc.memcpy
                0x000228e0       0x3c /Applications/SEGGER Embedded Studio 2.16/lib/libc_v7em_fpv4_sp_d16_hard_t_le_eabi.a(libc2_asm.o)
                0x000228e0                memcpy
                0x000228e0                __aeabi_memcpy
                0x000228e0                __aeabi_memcpy4
                0x000228e0                __aeabi_memcpy8
 .text.libc.memset
                0x0002291c       0x60 /Applications/SEGGER Embedded Studio 2.16/lib/libc_v7em_fpv4_sp_d16_hard_t_le_eabi.a(libc2_asm.o)
                0x0002291c                memset
 .text.libc.strlen
                0x0002297c       0x60 /Applications/SEGGER Embedded Studio 2.16/lib/libc_v7em_fpv4_sp_d16_hard_t_le_eabi.a(libc2_asm.o)
                0x0002297c                strlen
                0x000229dc                __text_end__ = (__text_start__ + SIZEOF (.text))
                0x000062c0                __text_size__ = SIZEOF (.text)
                0x000229dc                __text_load_end__ = __text_end__

.vfp11_veneer   0x00000000        0x0
 .vfp11_veneer  0x00000000        0x0 linker stubs

.v4_bx          0x00000000        0x0
 .v4_bx         0x00000000        0x0 linker stubs

.iplt           0x00000000        0x0
 .iplt          0x00000000        0x0 Output/nrf52832_xxaa_s132 Debug/Obj/main.o
                0x00000001                . = ASSERT (((__text_start__ == __text_end__) || ((__text_end__ >= __FLASH_segment_start__) && (__text_end__ <= __FLASH_segment_end__))), error: .text is too large to fit in FLASH memory segment)
                0x000229dc                __dtors_load_start__ = ALIGN (__text_end__, 0x4)

.dtors          0x000229dc        0x0
                0x000229dc                __dtors_start__ = .
 *(SORT(.dtors.*))
 *(.dtors)
 *(.fini_array)
 *(SORT(.fini_array.*))
                0x000229dc                __dtors_end__ = (__dtors_start__ + SIZEOF (.dtors))
                0x00000000                __dtors_size__ = SIZEOF (.dtors)
                0x000229dc                __dtors_load_end__ = __dtors_end__
                0x00000001                . = ASSERT (((__dtors_start__ == __dtors_end__) || ((__dtors_end__ >= __FLASH_segment_start__) && (__dtors_end__ <= __FLASH_segment_end__))), error: .dtors is too large to fit in FLASH memory segment)
                0x000229dc                __ctors_load_start__ = ALIGN (__dtors_end__, 0x4)

.ctors          0x000229dc        0x0
                0x000229dc                __ctors_start__ = .
 *(SORT(.ctors.*))
 *(.ctors)
 *(.init_array)
 *(SORT(.init_array.*))
                0x000229dc                __ctors_end__ = (__ctors_start__ + SIZEOF (.ctors))
                0x00000000                __ctors_size__ = SIZEOF (.ctors)
                0x000229dc                __ctors_load_end__ = __ctors_end__
                0x00000001                . = ASSERT (((__ctors_start__ == __ctors_end__) || ((__ctors_end__ >= __FLASH_segment_start__) && (__ctors_end__ <= __FLASH_segment_end__))), error: .ctors is too large to fit in FLASH memory segment)
                0x000229dc                __rodata_load_start__ = ALIGN (__ctors_end__, 0x4)

.rodata         0x000229dc      0x39c
                0x000229dc                __rodata_start__ = .
 *(.rodata .rodata.* .gnu.linkonce.r.*)
 .rodata        0x000229dc       0x90 Output/nrf52832_xxaa_s132 Debug/Obj/main.o
 .rodata        0x00022a6c       0x88 Output/nrf52832_xxaa_s132 Debug/Obj/advertising.o
 .rodata.twi_rfid
                0x00022af4        0x8 Output/nrf52832_xxaa_s132 Debug/Obj/twi_rfid_driver.o
 .rodata.read_timer
                0x00022afc        0x4 Output/nrf52832_xxaa_s132 Debug/Obj/twi_rfid_driver.o
 .rodata        0x00022b00       0xa8 Output/nrf52832_xxaa_s132 Debug/Obj/twi_rfid_driver.o
 .rodata.twi_motor
                0x00022ba8        0x8 Output/nrf52832_xxaa_s132 Debug/Obj/twi_motordriver.o
 .rodata        0x00022bb0       0x28 Output/nrf52832_xxaa_s132 Debug/Obj/twi_motordriver.o
 .rodata.m_default_config
                0x00022bd8       0x20 Output/nrf52832_xxaa_s132 Debug/Obj/nrf_drv_twi.o
 .rodata        0x00022bf8       0x10 Output/nrf52832_xxaa_s132 Debug/Obj/ble_lbs.o
 .rodata.m_conn_params_timer_id
                0x00022c08        0x4 Output/nrf52832_xxaa_s132 Debug/Obj/ble_conn_params.o
 .rodata        0x00022c0c       0xa6 Output/nrf52832_xxaa_s132 Debug/Obj/app_timer.o
 *fill*         0x00022cb2        0x2 
 .rodata        0x00022cb4       0xc4 Output/nrf52832_xxaa_s132 Debug/Obj/softdevice_handler.o
                0x00022d78                __rodata_end__ = (__rodata_start__ + SIZEOF (.rodata))
                0x0000039c                __rodata_size__ = SIZEOF (.rodata)
                0x00022d78                __rodata_load_end__ = __rodata_end__

.rel.dyn        0x00000000        0x0
 .rel.iplt      0x00000000        0x0 Output/nrf52832_xxaa_s132 Debug/Obj/main.o
                0x00000001                . = ASSERT (((__rodata_start__ == __rodata_end__) || ((__rodata_end__ >= __FLASH_segment_start__) && (__rodata_end__ <= __FLASH_segment_end__))), error: .rodata is too large to fit in FLASH memory segment)
                0x00022d78                __ARM.exidx_load_start__ = ALIGN (__rodata_end__, 0x4)

.ARM.exidx      0x00022d78        0x0
                0x00022d78                __ARM.exidx_start__ = .
                0x00022d78                __exidx_start = __ARM.exidx_start__
 *(.ARM.exidx .ARM.exidx.*)
                0x00022d78                __ARM.exidx_end__ = (__ARM.exidx_start__ + SIZEOF (.ARM.exidx))
                0x00000000                __ARM.exidx_size__ = SIZEOF (.ARM.exidx)
                0x00022d78                __exidx_end = __ARM.exidx_end__
                0x00022d78                __ARM.exidx_load_end__ = __ARM.exidx_end__
                0x00000001                . = ASSERT (((__ARM.exidx_start__ == __ARM.exidx_end__) || ((__ARM.exidx_end__ >= __FLASH_segment_start__) && (__ARM.exidx_end__ <= __FLASH_segment_end__))), error: .ARM.exidx is too large to fit in FLASH memory segment)
                0x00022d78                __fast_load_start__ = ALIGN (__ARM.exidx_end__, 0x4)

.fast           0x20002a00        0x0 load address 0x00022d78
                0x20002a00                __fast_start__ = .
 *(.fast .fast.*)
                0x20002a00                __fast_end__ = (__fast_start__ + SIZEOF (.fast))
                0x00000000                __fast_size__ = SIZEOF (.fast)
                0x00022d78                __fast_load_end__ = (__fast_load_start__ + SIZEOF (.fast))
                0x00000001                . = ASSERT (((__fast_load_start__ == __fast_load_end__) || ((__fast_load_end__ >= __FLASH_segment_start__) && (__fast_load_end__ <= __FLASH_segment_end__))), error: .fast is too large to fit in FLASH memory segment)

.fast_run       0x20002a00        0x0
                0x20002a00                __fast_run_start__ = .
                0x20002a00                . = MAX ((__fast_run_start__ + SIZEOF (.fast)), .)
                0x20002a00                __fast_run_end__ = (__fast_run_start__ + SIZEOF (.fast_run))
                0x00000000                __fast_run_size__ = SIZEOF (.fast_run)
                0x20002a00                __fast_run_load_end__ = __fast_run_end__
                0x00000001                . = ASSERT (((__fast_run_start__ == __fast_run_end__) || ((__fast_run_end__ >= __RAM_segment_start__) && (__fast_run_end__ <= __RAM_segment_end__))), error: .fast_run is too large to fit in RAM memory segment)
                0x00022d78                __data_load_start__ = ALIGN ((__fast_load_start__ + SIZEOF (.fast)), 0x4)

.data           0x20002a00       0x38 load address 0x00022d78
                0x20002a00                __data_start__ = .
 *(.data .data.* .gnu.linkonce.d.*)
 .data.m_conn_handle
                0x20002a00        0x2 Output/nrf52832_xxaa_s132 Debug/Obj/main.o
 *fill*         0x20002a02        0x2 
 .data.eddystone_url_data
                0x20002a04       0x10 Output/nrf52832_xxaa_s132 Debug/Obj/advertising.o
 .data.motor    0x20002a14       0x18 Output/nrf52832_xxaa_s132 Debug/Obj/twi_motordriver.o
                0x20002a14                motor
 .data.bit_mask
                0x20002a2c        0x8 Output/nrf52832_xxaa_s132 Debug/Obj/read_set_bit.o
                0x20002a2c                bit_mask
 .data.SystemCoreClock
                0x20002a34        0x4 Output/nrf52832_xxaa_s132 Debug/Obj/system_nrf52.o
                0x20002a34                SystemCoreClock
                0x20002a38                __data_end__ = (__data_start__ + SIZEOF (.data))
                0x00000038                __data_size__ = SIZEOF (.data)
                0x00022db0                __data_load_end__ = (__data_load_start__ + SIZEOF (.data))

.igot.plt       0x00000000        0x0
 .igot.plt      0x00000000        0x0 Output/nrf52832_xxaa_s132 Debug/Obj/main.o
                0x00000001                . = ASSERT (((__data_load_start__ == __data_load_end__) || ((__data_load_end__ >= __FLASH_segment_start__) && (__data_load_end__ <= __FLASH_segment_end__))), error: .data is too large to fit in FLASH memory segment)

.data_run       0x20002a00       0x38 load address 0x00022d78
                0x20002a00                __data_run_start__ = .
                0x20002a38                . = MAX ((__data_run_start__ + SIZEOF (.data)), .)
 *fill*         0x20002a00       0x38 
                0x20002a38                __data_run_end__ = (__data_run_start__ + SIZEOF (.data_run))
                0x00000038                __data_run_size__ = SIZEOF (.data_run)
                0x20002a38                __data_run_load_end__ = __data_run_end__
                0x00000001                . = ASSERT (((__data_run_start__ == __data_run_end__) || ((__data_run_end__ >= __RAM_segment_start__) && (__data_run_end__ <= __RAM_segment_end__))), error: .data_run is too large to fit in RAM memory segment)
                0x00022db0                __tdata_load_start__ = ALIGN ((__data_load_start__ + SIZEOF (.data)), 0x4)

.tdata          0x20002a38        0x0 load address 0x00022db0
                0x20002a38                __tdata_start__ = .
 *(.tdata .tdata.*)
                0x20002a38                __tdata_end__ = (__tdata_start__ + SIZEOF (.tdata))
                0x00000000                __tdata_size__ = SIZEOF (.tdata)
                0x00022db0                __tdata_load_end__ = (__tdata_load_start__ + SIZEOF (.tdata))
                0x00022db0                __FLASH_segment_used_end__ = (ALIGN ((__data_load_start__ + SIZEOF (.data)), 0x4) + SIZEOF (.tdata))
                0x00022db0                __FLASH_segment_used_size__ = (__FLASH_segment_used_end__ - __FLASH_segment_start__)
                0x00000001                . = ASSERT (((__tdata_load_start__ == __tdata_load_end__) || ((__tdata_load_end__ >= __FLASH_segment_start__) && (__tdata_load_end__ <= __FLASH_segment_end__))), error: .tdata is too large to fit in FLASH memory segment)

.tdata_run      0x20002a38        0x0
                0x20002a38                __tdata_run_start__ = .
                0x20002a38                . = MAX ((__tdata_run_start__ + SIZEOF (.tdata)), .)
                0x20002a38                __tdata_run_end__ = (__tdata_run_start__ + SIZEOF (.tdata_run))
                0x00000000                __tdata_run_size__ = SIZEOF (.tdata_run)
                0x20002a38                __tdata_run_load_end__ = __tdata_run_end__
                0x00000001                . = ASSERT (((__tdata_run_start__ == __tdata_run_end__) || ((__tdata_run_end__ >= __RAM_segment_start__) && (__tdata_run_end__ <= __RAM_segment_end__))), error: .tdata_run is too large to fit in RAM memory segment)
                0x20002a38                __bss_load_start__ = ALIGN (__tdata_run_end__, 0x4)

.bss            0x20002a38      0x548
                0x20002a38                __bss_start__ = .
 *(.bss .bss.* .gnu.linkonce.b.*)
 .bss.m_lbs     0x20002a38       0x1c Output/nrf52832_xxaa_s132 Debug/Obj/main.o
 .bss.user_connected
                0x20002a54        0x1 Output/nrf52832_xxaa_s132 Debug/Obj/main.o
                0x20002a54                user_connected
 .bss.advertising_switch_counter
                0x20002a55        0x1 Output/nrf52832_xxaa_s132 Debug/Obj/main.o
                0x20002a55                advertising_switch_counter
 *fill*         0x20002a56        0x2 
 .bss.APP_TIMER_BUF.9256
                0x20002a58      0x1c8 Output/nrf52832_xxaa_s132 Debug/Obj/main.o
 .bss.BLE_EVT_BUFFER.9335
                0x20002c20       0x48 Output/nrf52832_xxaa_s132 Debug/Obj/main.o
 .bss.rfid_value
                0x20002c68        0x1 Output/nrf52832_xxaa_s132 Debug/Obj/twi_rfid_driver.o
                0x20002c68                rfid_value
 *fill*         0x20002c69        0x3 
 .bss.read_timer_data
                0x20002c6c       0x20 Output/nrf52832_xxaa_s132 Debug/Obj/twi_rfid_driver.o
 .bss.APP_TIMER_BUF.7040
                0x20002c8c       0xf0 Output/nrf52832_xxaa_s132 Debug/Obj/twi_rfid_driver.o
 .bss.m_cb      0x20002d7c       0x50 Output/nrf52832_xxaa_s132 Debug/Obj/nrf_drv_twi.o
 .bss.m_radio_active
                0x20002dcc        0x1 Output/nrf52832_xxaa_s132 Debug/Obj/ble_radio_notification.o
 *fill*         0x20002dcd        0x3 
 .bss.m_evt_handler
                0x20002dd0        0x4 Output/nrf52832_xxaa_s132 Debug/Obj/ble_radio_notification.o
 .bss.m_stable_state
                0x20002dd4        0x1 Output/nrf52832_xxaa_s132 Debug/Obj/bsp.o
 *fill*         0x20002dd5        0x3 
 .bss.m_app_ticks_per_100ms
                0x20002dd8        0x4 Output/nrf52832_xxaa_s132 Debug/Obj/bsp.o
 .bss.m_indication_type
                0x20002ddc        0x4 Output/nrf52832_xxaa_s132 Debug/Obj/bsp.o
 .bss.m_alert_mask
                0x20002de0        0x4 Output/nrf52832_xxaa_s132 Debug/Obj/bsp.o
 .bss.m_leds_timer_id_data
                0x20002de4       0x20 Output/nrf52832_xxaa_s132 Debug/Obj/bsp.o
 .bss.m_alert_timer_id_data
                0x20002e04       0x20 Output/nrf52832_xxaa_s132 Debug/Obj/bsp.o
 .bss.m_conn_params_config
                0x20002e24       0x1c Output/nrf52832_xxaa_s132 Debug/Obj/ble_conn_params.o
 .bss.m_preferred_conn_params
                0x20002e40        0x8 Output/nrf52832_xxaa_s132 Debug/Obj/ble_conn_params.o
 .bss.m_update_count
                0x20002e48        0x1 Output/nrf52832_xxaa_s132 Debug/Obj/ble_conn_params.o
 *fill*         0x20002e49        0x1 
 .bss.m_conn_handle
                0x20002e4a        0x2 Output/nrf52832_xxaa_s132 Debug/Obj/ble_conn_params.o
 .bss.m_current_conn_params
                0x20002e4c        0x8 Output/nrf52832_xxaa_s132 Debug/Obj/ble_conn_params.o
 .bss.m_conn_params_timer_id_data
                0x20002e54       0x20 Output/nrf52832_xxaa_s132 Debug/Obj/ble_conn_params.o
 .bss.m_change_param
                0x20002e74        0x1 Output/nrf52832_xxaa_s132 Debug/Obj/ble_conn_params.o
 *fill*         0x20002e75        0x3 
 .bss.m_cb      0x20002e78       0x58 Output/nrf52832_xxaa_s132 Debug/Obj/nrf_drv_gpiote.o
 .bss.m_cb      0x20002ed0       0x20 Output/nrf52832_xxaa_s132 Debug/Obj/nrf_drv_uart.o
 .bss.mp_buttons
                0x20002ef0        0x4 Output/nrf52832_xxaa_s132 Debug/Obj/app_button.o
 .bss.m_button_count
                0x20002ef4        0x1 Output/nrf52832_xxaa_s132 Debug/Obj/app_button.o
 *fill*         0x20002ef5        0x3 
 .bss.m_detection_delay_timer_id_data
                0x20002ef8       0x20 Output/nrf52832_xxaa_s132 Debug/Obj/app_button.o
 .bss.m_error_data.6539
                0x20002f18       0x20 Output/nrf52832_xxaa_s132 Debug/Obj/app_error.o
 .bss.m_user_array_size
                0x20002f38        0x1 Output/nrf52832_xxaa_s132 Debug/Obj/app_timer.o
 *fill*         0x20002f39        0x3 
 .bss.mp_users  0x20002f3c        0x4 Output/nrf52832_xxaa_s132 Debug/Obj/app_timer.o
 .bss.mp_timer_id_head
                0x20002f40        0x4 Output/nrf52832_xxaa_s132 Debug/Obj/app_timer.o
 .bss.m_ticks_latest
                0x20002f44        0x4 Output/nrf52832_xxaa_s132 Debug/Obj/app_timer.o
 .bss.m_ticks_elapsed
                0x20002f48        0x8 Output/nrf52832_xxaa_s132 Debug/Obj/app_timer.o
 .bss.m_ticks_elapsed_q_read_ind
                0x20002f50        0x1 Output/nrf52832_xxaa_s132 Debug/Obj/app_timer.o
 .bss.m_ticks_elapsed_q_write_ind
                0x20002f51        0x1 Output/nrf52832_xxaa_s132 Debug/Obj/app_timer.o
 *fill*         0x20002f52        0x2 
 .bss.m_evt_schedule_func
                0x20002f54        0x4 Output/nrf52832_xxaa_s132 Debug/Obj/app_timer.o
 .bss.m_rtc1_running
                0x20002f58        0x1 Output/nrf52832_xxaa_s132 Debug/Obj/app_timer.o
 .bss.m_rtc1_reset
                0x20002f59        0x1 Output/nrf52832_xxaa_s132 Debug/Obj/app_timer.o
 *fill*         0x20002f5a        0x2 
 .bss.nrf_nvic_state
                0x20002f5c        0xc Output/nrf52832_xxaa_s132 Debug/Obj/softdevice_handler.o
                0x20002f5c                nrf_nvic_state
 .bss.m_evt_schedule_func
                0x20002f68        0x4 Output/nrf52832_xxaa_s132 Debug/Obj/softdevice_handler.o
 .bss.m_softdevice_enabled
                0x20002f6c        0x1 Output/nrf52832_xxaa_s132 Debug/Obj/softdevice_handler.o
 *fill*         0x20002f6d        0x3 
 .bss.mp_ble_evt_buffer
                0x20002f70        0x4 Output/nrf52832_xxaa_s132 Debug/Obj/softdevice_handler.o
 .bss.m_ble_evt_buffer_size
                0x20002f74        0x2 Output/nrf52832_xxaa_s132 Debug/Obj/softdevice_handler.o
 *fill*         0x20002f76        0x2 
 .bss.m_ble_evt_handler
                0x20002f78        0x4 Output/nrf52832_xxaa_s132 Debug/Obj/softdevice_handler.o
 .bss.m_sys_evt_handler
                0x20002f7c        0x4 Output/nrf52832_xxaa_s132 Debug/Obj/softdevice_handler.o
 *(COMMON)
                0x20002f80                __bss_end__ = (__bss_start__ + SIZEOF (.bss))
                0x00000548                __bss_size__ = SIZEOF (.bss)
                0x20002f80                __bss_load_end__ = __bss_end__
                0x00000001                . = ASSERT (((__bss_start__ == __bss_end__) || ((__bss_end__ >= __RAM_segment_start__) && (__bss_end__ <= __RAM_segment_end__))), error: .bss is too large to fit in RAM memory segment)
                0x20002f80                __tbss_load_start__ = ALIGN (__bss_end__, 0x4)

.tbss           0x20002f80        0x0
                0x20002f80                __tbss_start__ = .
 *(.tbss .tbss.*)
                0x20002f80                __tbss_end__ = (__tbss_start__ + SIZEOF (.tbss))
                0x00000000                __tbss_size__ = SIZEOF (.tbss)
                0x20002f80                __tbss_load_end__ = __tbss_end__
                0x00000001                . = ASSERT (((__tbss_start__ == __tbss_end__) || ((__tbss_end__ >= __RAM_segment_start__) && (__tbss_end__ <= __RAM_segment_end__))), error: .tbss is too large to fit in RAM memory segment)
                0x20002f80                __non_init_load_start__ = ALIGN (__tbss_end__, 0x4)

.non_init       0x20002f80        0x0
                0x20002f80                __non_init_start__ = .
 *(.non_init .non_init.*)
                0x20002f80                __non_init_end__ = (__non_init_start__ + SIZEOF (.non_init))
                0x00000000                __non_init_size__ = SIZEOF (.non_init)
                0x20002f80                __non_init_load_end__ = __non_init_end__
                0x00000001                . = ASSERT (((__non_init_start__ == __non_init_end__) || ((__non_init_end__ >= __RAM_segment_start__) && (__non_init_end__ <= __RAM_segment_end__))), error: .non_init is too large to fit in RAM memory segment)
                0x20002f80                __heap_load_start__ = ALIGN (__non_init_end__, 0x4)

.heap           0x20002f80      0x100
                0x20002f80                __heap_start__ = .
 *(.heap .heap.*)
                0x20003080                . = ALIGN (MAX ((__heap_start__ + __HEAPSIZE__), .), 0x4)
 *fill*         0x20002f80      0x100 
                0x20003080                __heap_end__ = (__heap_start__ + SIZEOF (.heap))
                0x00000100                __heap_size__ = SIZEOF (.heap)
                0x20003080                __heap_load_end__ = __heap_end__
                0x00000001                . = ASSERT (((__heap_start__ == __heap_end__) || ((__heap_end__ >= __RAM_segment_start__) && (__heap_end__ <= __RAM_segment_end__))), error: .heap is too large to fit in RAM memory segment)
                0x2000f800                __stack_load_start__ = (__RAM_segment_end__ - 0x800)

.stack          0x2000f800      0x800
                0x2000f800                __stack_start__ = .
 *(.stack .stack.*)
                0x20010000                . = ALIGN (MAX ((__stack_start__ + __STACKSIZE__), .), 0x8)
 *fill*         0x2000f800      0x800 
                0x20010000                __stack_end__ = (__stack_start__ + SIZEOF (.stack))
                0x00000800                __stack_size__ = SIZEOF (.stack)
                0x20010000                __stack_load_end__ = __stack_end__
                0x00000001                . = ASSERT (((__stack_start__ == __stack_end__) || ((__stack_end__ >= __RAM_segment_start__) && (__stack_end__ <= __RAM_segment_end__))), error: .stack is too large to fit in RAM memory segment)
                0x20010000                __stack_process_load_start__ = ALIGN (__stack_end__, 0x8)

.stack_process  0x20010000        0x0
                0x20010000                __stack_process_start__ = .
 *(.stack_process .stack_process.*)
                0x20010000                . = ALIGN (MAX ((__stack_process_start__ + __STACKSIZE_PROCESS__), .), 0x8)
                0x20010000                __stack_process_end__ = (__stack_process_start__ + SIZEOF (.stack_process))
                0x00000000                __stack_process_size__ = SIZEOF (.stack_process)
                0x20010000                __stack_process_load_end__ = __stack_process_end__
                0x20010000                __RAM_segment_used_end__ = (ALIGN (__stack_end__, 0x8) + SIZEOF (.stack_process))
                0x00010000                __RAM_segment_used_size__ = (__RAM_segment_used_end__ - __RAM_segment_start__)
                0x00000001                . = ASSERT (((__stack_process_start__ == __stack_process_end__) || ((__stack_process_end__ >= __RAM_segment_start__) && (__stack_process_end__ <= __RAM_segment_end__))), error: .stack_process is too large to fit in RAM memory segment)
START GROUP
LOAD Output/nrf52832_xxaa_s132 Debug/Obj/main.o
LOAD Output/nrf52832_xxaa_s132 Debug/Obj/advertising.o
LOAD Output/nrf52832_xxaa_s132 Debug/Obj/twi_rfid_driver.o
LOAD Output/nrf52832_xxaa_s132 Debug/Obj/twi_motordriver.o
LOAD Output/nrf52832_xxaa_s132 Debug/Obj/read_set_bit.o
LOAD Output/nrf52832_xxaa_s132 Debug/Obj/nrf_drv_twi.o
LOAD Output/nrf52832_xxaa_s132 Debug/Obj/ble_radio_notification.o
LOAD Output/nrf52832_xxaa_s132 Debug/Obj/ble_lbs.o
LOAD Output/nrf52832_xxaa_s132 Debug/Obj/bsp.o
LOAD Output/nrf52832_xxaa_s132 Debug/Obj/ble_advdata.o
LOAD Output/nrf52832_xxaa_s132 Debug/Obj/ble_conn_params.o
LOAD Output/nrf52832_xxaa_s132 Debug/Obj/ble_srv_common.o
LOAD Output/nrf52832_xxaa_s132 Debug/Obj/app_uart_fifo.o
LOAD Output/nrf52832_xxaa_s132 Debug/Obj/nrf_delay.o
LOAD Output/nrf52832_xxaa_s132 Debug/Obj/nrf_drv_common.o
LOAD Output/nrf52832_xxaa_s132 Debug/Obj/nrf_drv_gpiote.o
LOAD Output/nrf52832_xxaa_s132 Debug/Obj/nrf_drv_uart.o
LOAD Output/nrf52832_xxaa_s132 Debug/Obj/app_button.o
LOAD Output/nrf52832_xxaa_s132 Debug/Obj/app_error.o
LOAD Output/nrf52832_xxaa_s132 Debug/Obj/app_error_weak.o
LOAD Output/nrf52832_xxaa_s132 Debug/Obj/app_fifo.o
LOAD Output/nrf52832_xxaa_s132 Debug/Obj/app_timer.o
LOAD Output/nrf52832_xxaa_s132 Debug/Obj/app_util_platform.o
LOAD Output/nrf52832_xxaa_s132 Debug/Obj/nrf_assert.o
LOAD Output/nrf52832_xxaa_s132 Debug/Obj/nrf_log.o
LOAD Output/nrf52832_xxaa_s132 Debug/Obj/retarget.o
LOAD Output/nrf52832_xxaa_s132 Debug/Obj/softdevice_handler.o
LOAD Output/nrf52832_xxaa_s132 Debug/Obj/system_nrf52.o
LOAD Output/nrf52832_xxaa_s132 Debug/Obj/SEGGER_RTT.o
LOAD Output/nrf52832_xxaa_s132 Debug/Obj/SEGGER_RTT_SES.o
LOAD Output/nrf52832_xxaa_s132 Debug/Obj/thumb_crt0.o
LOAD Output/nrf52832_xxaa_s132 Debug/Obj/nRF_Startup.o
LOAD Output/nrf52832_xxaa_s132 Debug/Obj/nrf52_Vectors.o
LOAD /Applications/SEGGER Embedded Studio 2.16/lib/libdebugio_mempoll_v7em_fpv4_sp_d16_hard_t_le_eabi.a
LOAD /Applications/SEGGER Embedded Studio 2.16/lib/libm_v7em_fpv4_sp_d16_hard_t_le_eabi.a
LOAD /Applications/SEGGER Embedded Studio 2.16/lib/libc_v7em_fpv4_sp_d16_hard_t_le_eabi.a
LOAD /Applications/SEGGER Embedded Studio 2.16/lib/libcpp_v7em_fpv4_sp_d16_hard_t_le_eabi.a
LOAD /Applications/SEGGER Embedded Studio 2.16/lib/libdebugio_v7em_fpv4_sp_d16_hard_t_le_eabi.a
LOAD /Applications/SEGGER Embedded Studio 2.16/lib/libvfprintf_v7em_fpv4_sp_d16_hard_t_le_eabi.o
LOAD /Applications/SEGGER Embedded Studio 2.16/lib/libvfscanf_v7em_fpv4_sp_d16_hard_t_le_eabi.o
END GROUP
OUTPUT(Output/Debug/Exe/nrf52832_xxaa_s132.elf elf32-littlearm)

.debug_frame    0x00000000     0x8470
 .debug_frame   0x00000000      0xbe0 Output/nrf52832_xxaa_s132 Debug/Obj/main.o
 .debug_frame   0x00000be0      0x478 Output/nrf52832_xxaa_s132 Debug/Obj/advertising.o
 .debug_frame   0x00001058      0x13c Output/nrf52832_xxaa_s132 Debug/Obj/twi_rfid_driver.o
 .debug_frame   0x00001194      0x1f0 Output/nrf52832_xxaa_s132 Debug/Obj/twi_motordriver.o
 .debug_frame   0x00001384       0x90 Output/nrf52832_xxaa_s132 Debug/Obj/read_set_bit.o
 .debug_frame   0x00001414      0xcb8 Output/nrf52832_xxaa_s132 Debug/Obj/nrf_drv_twi.o
 .debug_frame   0x000020cc      0x534 Output/nrf52832_xxaa_s132 Debug/Obj/ble_radio_notification.o
 .debug_frame   0x00002600      0x64c Output/nrf52832_xxaa_s132 Debug/Obj/ble_lbs.o
 .debug_frame   0x00002c4c      0x320 Output/nrf52832_xxaa_s132 Debug/Obj/bsp.o
 .debug_frame   0x00002f6c      0x8b0 Output/nrf52832_xxaa_s132 Debug/Obj/ble_advdata.o
 .debug_frame   0x0000381c      0x718 Output/nrf52832_xxaa_s132 Debug/Obj/ble_conn_params.o
 .debug_frame   0x00003f34      0x3a8 Output/nrf52832_xxaa_s132 Debug/Obj/nrf_drv_common.o
 .debug_frame   0x000042dc     0x1184 Output/nrf52832_xxaa_s132 Debug/Obj/nrf_drv_gpiote.o
 .debug_frame   0x00005460     0x14b4 Output/nrf52832_xxaa_s132 Debug/Obj/nrf_drv_uart.o
 .debug_frame   0x00006914      0x160 Output/nrf52832_xxaa_s132 Debug/Obj/app_button.o
 .debug_frame   0x00006a74       0xc0 Output/nrf52832_xxaa_s132 Debug/Obj/app_error.o
 .debug_frame   0x00006b34       0x48 Output/nrf52832_xxaa_s132 Debug/Obj/app_error_weak.o
 .debug_frame   0x00006b7c      0xbc0 Output/nrf52832_xxaa_s132 Debug/Obj/app_timer.o
 .debug_frame   0x0000773c      0xb10 Output/nrf52832_xxaa_s132 Debug/Obj/softdevice_handler.o
 .debug_frame   0x0000824c      0x174 Output/nrf52832_xxaa_s132 Debug/Obj/system_nrf52.o
 .debug_frame   0x000083c0       0xb0 /Applications/SEGGER Embedded Studio 2.16/lib/libc_v7em_fpv4_sp_d16_hard_t_le_eabi.a(libc2_asm.o)

.debug_info     0x00000000    0x248d8
 .debug_info    0x00000000     0x51e1 Output/nrf52832_xxaa_s132 Debug/Obj/main.o
 .debug_info    0x000051e1     0x2595 Output/nrf52832_xxaa_s132 Debug/Obj/advertising.o
 .debug_info    0x00007776      0xd0b Output/nrf52832_xxaa_s132 Debug/Obj/twi_rfid_driver.o
 .debug_info    0x00008481      0xda5 Output/nrf52832_xxaa_s132 Debug/Obj/twi_motordriver.o
 .debug_info    0x00009226      0x111 Output/nrf52832_xxaa_s132 Debug/Obj/read_set_bit.o
 .debug_info    0x00009337     0x2272 Output/nrf52832_xxaa_s132 Debug/Obj/nrf_drv_twi.o
 .debug_info    0x0000b5a9     0x1243 Output/nrf52832_xxaa_s132 Debug/Obj/ble_radio_notification.o
 .debug_info    0x0000c7ec     0x34c4 Output/nrf52832_xxaa_s132 Debug/Obj/ble_lbs.o
 .debug_info    0x0000fcb0      0x9f1 Output/nrf52832_xxaa_s132 Debug/Obj/bsp.o
 .debug_info    0x000106a1     0x2cc3 Output/nrf52832_xxaa_s132 Debug/Obj/ble_advdata.o
 .debug_info    0x00013364     0x3604 Output/nrf52832_xxaa_s132 Debug/Obj/ble_conn_params.o
 .debug_info    0x00016968     0x10ad Output/nrf52832_xxaa_s132 Debug/Obj/nrf_drv_common.o
 .debug_info    0x00017a15     0x21b4 Output/nrf52832_xxaa_s132 Debug/Obj/nrf_drv_gpiote.o
 .debug_info    0x00019bc9     0x2ca1 Output/nrf52832_xxaa_s132 Debug/Obj/nrf_drv_uart.o
 .debug_info    0x0001c86a      0x61e Output/nrf52832_xxaa_s132 Debug/Obj/app_button.o
 .debug_info    0x0001ce88      0x2d6 Output/nrf52832_xxaa_s132 Debug/Obj/app_error.o
 .debug_info    0x0001d15e      0x197 Output/nrf52832_xxaa_s132 Debug/Obj/app_error_weak.o
 .debug_info    0x0001d2f5     0x207a Output/nrf52832_xxaa_s132 Debug/Obj/app_timer.o
 .debug_info    0x0001f36f     0x4592 Output/nrf52832_xxaa_s132 Debug/Obj/softdevice_handler.o
 .debug_info    0x00023901      0xd18 Output/nrf52832_xxaa_s132 Debug/Obj/system_nrf52.o
 .debug_info    0x00024619       0xcf Output/nrf52832_xxaa_s132 Debug/Obj/thumb_crt0.o
 .debug_info    0x000246e8       0xf7 Output/nrf52832_xxaa_s132 Debug/Obj/nRF_Startup.o
 .debug_info    0x000247df       0xf9 Output/nrf52832_xxaa_s132 Debug/Obj/nrf52_Vectors.o

.debug_abbrev   0x00000000     0x31fa
 .debug_abbrev  0x00000000      0x3c0 Output/nrf52832_xxaa_s132 Debug/Obj/main.o
 .debug_abbrev  0x000003c0      0x223 Output/nrf52832_xxaa_s132 Debug/Obj/advertising.o
 .debug_abbrev  0x000005e3      0x1f4 Output/nrf52832_xxaa_s132 Debug/Obj/twi_rfid_driver.o
 .debug_abbrev  0x000007d7      0x23f Output/nrf52832_xxaa_s132 Debug/Obj/twi_motordriver.o
 .debug_abbrev  0x00000a16       0x92 Output/nrf52832_xxaa_s132 Debug/Obj/read_set_bit.o
 .debug_abbrev  0x00000aa8      0x3bd Output/nrf52832_xxaa_s132 Debug/Obj/nrf_drv_twi.o
 .debug_abbrev  0x00000e65      0x268 Output/nrf52832_xxaa_s132 Debug/Obj/ble_radio_notification.o
 .debug_abbrev  0x000010cd      0x2d5 Output/nrf52832_xxaa_s132 Debug/Obj/ble_lbs.o
 .debug_abbrev  0x000013a2      0x26e Output/nrf52832_xxaa_s132 Debug/Obj/bsp.o
 .debug_abbrev  0x00001610      0x286 Output/nrf52832_xxaa_s132 Debug/Obj/ble_advdata.o
 .debug_abbrev  0x00001896      0x35a Output/nrf52832_xxaa_s132 Debug/Obj/ble_conn_params.o
 .debug_abbrev  0x00001bf0      0x1e8 Output/nrf52832_xxaa_s132 Debug/Obj/nrf_drv_common.o
 .debug_abbrev  0x00001dd8      0x367 Output/nrf52832_xxaa_s132 Debug/Obj/nrf_drv_gpiote.o
 .debug_abbrev  0x0000213f      0x38c Output/nrf52832_xxaa_s132 Debug/Obj/nrf_drv_uart.o
 .debug_abbrev  0x000024cb      0x191 Output/nrf52832_xxaa_s132 Debug/Obj/app_button.o
 .debug_abbrev  0x0000265c      0x120 Output/nrf52832_xxaa_s132 Debug/Obj/app_error.o
 .debug_abbrev  0x0000277c       0xb4 Output/nrf52832_xxaa_s132 Debug/Obj/app_error_weak.o
 .debug_abbrev  0x00002830      0x416 Output/nrf52832_xxaa_s132 Debug/Obj/app_timer.o
 .debug_abbrev  0x00002c46      0x3bd Output/nrf52832_xxaa_s132 Debug/Obj/softdevice_handler.o
 .debug_abbrev  0x00003003      0x1bd Output/nrf52832_xxaa_s132 Debug/Obj/system_nrf52.o
 .debug_abbrev  0x000031c0       0x12 Output/nrf52832_xxaa_s132 Debug/Obj/thumb_crt0.o
 .debug_abbrev  0x000031d2       0x14 Output/nrf52832_xxaa_s132 Debug/Obj/nRF_Startup.o
 .debug_abbrev  0x000031e6       0x14 Output/nrf52832_xxaa_s132 Debug/Obj/nrf52_Vectors.o

.debug_pubnames
                0x00000000    0x10e48
 .debug_pubnames
                0x00000000     0x20ec Output/nrf52832_xxaa_s132 Debug/Obj/main.o
 .debug_pubnames
                0x000020ec      0xf8f Output/nrf52832_xxaa_s132 Debug/Obj/advertising.o
 .debug_pubnames
                0x0000307b      0x164 Output/nrf52832_xxaa_s132 Debug/Obj/twi_rfid_driver.o
 .debug_pubnames
                0x000031df      0x12f Output/nrf52832_xxaa_s132 Debug/Obj/twi_motordriver.o
 .debug_pubnames
                0x0000330e       0x3a Output/nrf52832_xxaa_s132 Debug/Obj/read_set_bit.o
 .debug_pubnames
                0x00003348     0x11c9 Output/nrf52832_xxaa_s132 Debug/Obj/nrf_drv_twi.o
 .debug_pubnames
                0x00004511      0xe65 Output/nrf52832_xxaa_s132 Debug/Obj/ble_radio_notification.o
 .debug_pubnames
                0x00005376     0x127c Output/nrf52832_xxaa_s132 Debug/Obj/ble_lbs.o
 .debug_pubnames
                0x000065f2      0x7f3 Output/nrf52832_xxaa_s132 Debug/Obj/bsp.o
 .debug_pubnames
                0x00006de5     0x11af Output/nrf52832_xxaa_s132 Debug/Obj/ble_advdata.o
 .debug_pubnames
                0x00007f94     0x144b Output/nrf52832_xxaa_s132 Debug/Obj/ble_conn_params.o
 .debug_pubnames
                0x000093df      0x98f Output/nrf52832_xxaa_s132 Debug/Obj/nrf_drv_common.o
 .debug_pubnames
                0x00009d6e     0x1af5 Output/nrf52832_xxaa_s132 Debug/Obj/nrf_drv_gpiote.o
 .debug_pubnames
                0x0000b863     0x1e1f Output/nrf52832_xxaa_s132 Debug/Obj/nrf_drv_uart.o
 .debug_pubnames
                0x0000d682      0x22b Output/nrf52832_xxaa_s132 Debug/Obj/app_button.o
 .debug_pubnames
                0x0000d8ad       0x82 Output/nrf52832_xxaa_s132 Debug/Obj/app_error.o
 .debug_pubnames
                0x0000d92f      0x306 Output/nrf52832_xxaa_s132 Debug/Obj/app_error_weak.o
 .debug_pubnames
                0x0000dc35     0x125a Output/nrf52832_xxaa_s132 Debug/Obj/app_timer.o
 .debug_pubnames
                0x0000ee8f     0x1efb Output/nrf52832_xxaa_s132 Debug/Obj/softdevice_handler.o
 .debug_pubnames
                0x00010d8a       0xbe Output/nrf52832_xxaa_s132 Debug/Obj/system_nrf52.o

.debug_pubtypes
                0x00000000     0x6dd8
 .debug_pubtypes
                0x00000000     0x11ba Output/nrf52832_xxaa_s132 Debug/Obj/main.o
 .debug_pubtypes
                0x000011ba      0x7fd Output/nrf52832_xxaa_s132 Debug/Obj/advertising.o
 .debug_pubtypes
                0x000019b7      0x1fe Output/nrf52832_xxaa_s132 Debug/Obj/twi_rfid_driver.o
 .debug_pubtypes
                0x00001bb5      0x1b7 Output/nrf52832_xxaa_s132 Debug/Obj/twi_motordriver.o
 .debug_pubtypes
                0x00001d6c       0xb8 Output/nrf52832_xxaa_s132 Debug/Obj/read_set_bit.o
 .debug_pubtypes
                0x00001e24      0x3b9 Output/nrf52832_xxaa_s132 Debug/Obj/nrf_drv_twi.o
 .debug_pubtypes
                0x000021dd      0x2dc Output/nrf52832_xxaa_s132 Debug/Obj/ble_radio_notification.o
 .debug_pubtypes
                0x000024b9      0xd81 Output/nrf52832_xxaa_s132 Debug/Obj/ble_lbs.o
 .debug_pubtypes
                0x0000323a      0x1ed Output/nrf52832_xxaa_s132 Debug/Obj/bsp.o
 .debug_pubtypes
                0x00003427      0x7fd Output/nrf52832_xxaa_s132 Debug/Obj/ble_advdata.o
 .debug_pubtypes
                0x00003c24      0xdf7 Output/nrf52832_xxaa_s132 Debug/Obj/ble_conn_params.o
 .debug_pubtypes
                0x00004a1b      0x262 Output/nrf52832_xxaa_s132 Debug/Obj/nrf_drv_common.o
 .debug_pubtypes
                0x00004c7d      0x412 Output/nrf52832_xxaa_s132 Debug/Obj/nrf_drv_gpiote.o
 .debug_pubtypes
                0x0000508f      0x51e Output/nrf52832_xxaa_s132 Debug/Obj/nrf_drv_uart.o
 .debug_pubtypes
                0x000055ad      0x1db Output/nrf52832_xxaa_s132 Debug/Obj/app_button.o
 .debug_pubtypes
                0x00005788      0x130 Output/nrf52832_xxaa_s132 Debug/Obj/app_error.o
 .debug_pubtypes
                0x000058b8       0xdb Output/nrf52832_xxaa_s132 Debug/Obj/app_error_weak.o
 .debug_pubtypes
                0x00005993      0x392 Output/nrf52832_xxaa_s132 Debug/Obj/app_timer.o
 .debug_pubtypes
                0x00005d25      0xf25 Output/nrf52832_xxaa_s132 Debug/Obj/softdevice_handler.o
 .debug_pubtypes
                0x00006c4a      0x18e Output/nrf52832_xxaa_s132 Debug/Obj/system_nrf52.o

.debug_aranges  0x00000000     0x25a8
 .debug_aranges
                0x00000000      0x450 Output/nrf52832_xxaa_s132 Debug/Obj/main.o
 .debug_aranges
                0x00000450      0x238 Output/nrf52832_xxaa_s132 Debug/Obj/advertising.o
 .debug_aranges
                0x00000688       0x40 Output/nrf52832_xxaa_s132 Debug/Obj/twi_rfid_driver.o
 .debug_aranges
                0x000006c8       0x58 Output/nrf52832_xxaa_s132 Debug/Obj/twi_motordriver.o
 .debug_aranges
                0x00000720       0x28 Output/nrf52832_xxaa_s132 Debug/Obj/read_set_bit.o
 .debug_aranges
                0x00000748      0x2c0 Output/nrf52832_xxaa_s132 Debug/Obj/nrf_drv_twi.o
 .debug_aranges
                0x00000a08      0x1c0 Output/nrf52832_xxaa_s132 Debug/Obj/ble_radio_notification.o
 .debug_aranges
                0x00000bc8      0x278 Output/nrf52832_xxaa_s132 Debug/Obj/ble_lbs.o
 .debug_aranges
                0x00000e40       0x88 Output/nrf52832_xxaa_s132 Debug/Obj/bsp.o
 .debug_aranges
                0x00000ec8      0x2c8 Output/nrf52832_xxaa_s132 Debug/Obj/ble_advdata.o
 .debug_aranges
                0x00001190      0x298 Output/nrf52832_xxaa_s132 Debug/Obj/ble_conn_params.o
 .debug_aranges
                0x00001428      0x188 Output/nrf52832_xxaa_s132 Debug/Obj/nrf_drv_common.o
 .debug_aranges
                0x000015b0      0x360 Output/nrf52832_xxaa_s132 Debug/Obj/nrf_drv_gpiote.o
 .debug_aranges
                0x00001910      0x3e8 Output/nrf52832_xxaa_s132 Debug/Obj/nrf_drv_uart.o
 .debug_aranges
                0x00001cf8       0x48 Output/nrf52832_xxaa_s132 Debug/Obj/app_button.o
 .debug_aranges
                0x00001d40       0x30 Output/nrf52832_xxaa_s132 Debug/Obj/app_error.o
 .debug_aranges
                0x00001d70       0x20 Output/nrf52832_xxaa_s132 Debug/Obj/app_error_weak.o
 .debug_aranges
                0x00001d90      0x2b0 Output/nrf52832_xxaa_s132 Debug/Obj/app_timer.o
 .debug_aranges
                0x00002040      0x428 Output/nrf52832_xxaa_s132 Debug/Obj/softdevice_handler.o
 .debug_aranges
                0x00002468       0x58 Output/nrf52832_xxaa_s132 Debug/Obj/system_nrf52.o
 .debug_aranges
                0x000024c0       0xa8 Output/nrf52832_xxaa_s132 Debug/Obj/thumb_crt0.o
 .debug_aranges
                0x00002568       0x20 Output/nrf52832_xxaa_s132 Debug/Obj/nRF_Startup.o
 .debug_aranges
                0x00002588       0x20 Output/nrf52832_xxaa_s132 Debug/Obj/nrf52_Vectors.o

.debug_ranges   0x00000000     0x2438
 .debug_ranges  0x00000000      0x440 Output/nrf52832_xxaa_s132 Debug/Obj/main.o
 .debug_ranges  0x00000440      0x228 Output/nrf52832_xxaa_s132 Debug/Obj/advertising.o
 .debug_ranges  0x00000668       0x30 Output/nrf52832_xxaa_s132 Debug/Obj/twi_rfid_driver.o
 .debug_ranges  0x00000698       0x48 Output/nrf52832_xxaa_s132 Debug/Obj/twi_motordriver.o
 .debug_ranges  0x000006e0       0x18 Output/nrf52832_xxaa_s132 Debug/Obj/read_set_bit.o
 .debug_ranges  0x000006f8      0x2b0 Output/nrf52832_xxaa_s132 Debug/Obj/nrf_drv_twi.o
 .debug_ranges  0x000009a8      0x1b0 Output/nrf52832_xxaa_s132 Debug/Obj/ble_radio_notification.o
 .debug_ranges  0x00000b58      0x268 Output/nrf52832_xxaa_s132 Debug/Obj/ble_lbs.o
 .debug_ranges  0x00000dc0       0x78 Output/nrf52832_xxaa_s132 Debug/Obj/bsp.o
 .debug_ranges  0x00000e38      0x2b8 Output/nrf52832_xxaa_s132 Debug/Obj/ble_advdata.o
 .debug_ranges  0x000010f0      0x2a0 Output/nrf52832_xxaa_s132 Debug/Obj/ble_conn_params.o
 .debug_ranges  0x00001390      0x178 Output/nrf52832_xxaa_s132 Debug/Obj/nrf_drv_common.o
 .debug_ranges  0x00001508      0x350 Output/nrf52832_xxaa_s132 Debug/Obj/nrf_drv_gpiote.o
 .debug_ranges  0x00001858      0x3d8 Output/nrf52832_xxaa_s132 Debug/Obj/nrf_drv_uart.o
 .debug_ranges  0x00001c30       0x38 Output/nrf52832_xxaa_s132 Debug/Obj/app_button.o
 .debug_ranges  0x00001c68       0x20 Output/nrf52832_xxaa_s132 Debug/Obj/app_error.o
 .debug_ranges  0x00001c88       0x10 Output/nrf52832_xxaa_s132 Debug/Obj/app_error_weak.o
 .debug_ranges  0x00001c98      0x2a0 Output/nrf52832_xxaa_s132 Debug/Obj/app_timer.o
 .debug_ranges  0x00001f38      0x418 Output/nrf52832_xxaa_s132 Debug/Obj/softdevice_handler.o
 .debug_ranges  0x00002350       0x48 Output/nrf52832_xxaa_s132 Debug/Obj/system_nrf52.o
 .debug_ranges  0x00002398       0xa0 Output/nrf52832_xxaa_s132 Debug/Obj/thumb_crt0.o

.debug_macro    0x00000000    0x17842
 .debug_macro   0x00000000      0x3fa Output/nrf52832_xxaa_s132 Debug/Obj/main.o
 .debug_macro   0x000003fa      0x92e Output/nrf52832_xxaa_s132 Debug/Obj/main.o
 .debug_macro   0x00000d28      0x189 Output/nrf52832_xxaa_s132 Debug/Obj/main.o
 .debug_macro   0x00000eb1       0x22 Output/nrf52832_xxaa_s132 Debug/Obj/main.o
 .debug_macro   0x00000ed3       0x1c Output/nrf52832_xxaa_s132 Debug/Obj/main.o
 .debug_macro   0x00000eef       0x2d Output/nrf52832_xxaa_s132 Debug/Obj/main.o
 .debug_macro   0x00000f1c       0x3b Output/nrf52832_xxaa_s132 Debug/Obj/main.o
 .debug_macro   0x00000f57       0x2d Output/nrf52832_xxaa_s132 Debug/Obj/main.o
 .debug_macro   0x00000f84       0x26 Output/nrf52832_xxaa_s132 Debug/Obj/main.o
 .debug_macro   0x00000faa      0xd39 Output/nrf52832_xxaa_s132 Debug/Obj/main.o
 .debug_macro   0x00001ce3      0x392 Output/nrf52832_xxaa_s132 Debug/Obj/main.o
 .debug_macro   0x00002075     0xfefd Output/nrf52832_xxaa_s132 Debug/Obj/main.o
 .debug_macro   0x00011f72     0x12c7 Output/nrf52832_xxaa_s132 Debug/Obj/main.o
 .debug_macro   0x00013239       0x7c Output/nrf52832_xxaa_s132 Debug/Obj/main.o
 .debug_macro   0x000132b5       0x1c Output/nrf52832_xxaa_s132 Debug/Obj/main.o
 .debug_macro   0x000132d1       0x89 Output/nrf52832_xxaa_s132 Debug/Obj/main.o
 .debug_macro   0x0001335a       0x55 Output/nrf52832_xxaa_s132 Debug/Obj/main.o
 .debug_macro   0x000133af       0x9a Output/nrf52832_xxaa_s132 Debug/Obj/main.o
 .debug_macro   0x00013449       0x70 Output/nrf52832_xxaa_s132 Debug/Obj/main.o
 .debug_macro   0x000134b9      0x11e Output/nrf52832_xxaa_s132 Debug/Obj/main.o
 .debug_macro   0x000135d7       0x22 Output/nrf52832_xxaa_s132 Debug/Obj/main.o
 .debug_macro   0x000135f9       0x67 Output/nrf52832_xxaa_s132 Debug/Obj/main.o
 .debug_macro   0x00013660       0xb5 Output/nrf52832_xxaa_s132 Debug/Obj/main.o
 .debug_macro   0x00013715       0x2b Output/nrf52832_xxaa_s132 Debug/Obj/main.o
 .debug_macro   0x00013740       0x10 Output/nrf52832_xxaa_s132 Debug/Obj/main.o
 .debug_macro   0x00013750       0x1c Output/nrf52832_xxaa_s132 Debug/Obj/main.o
 .debug_macro   0x0001376c       0x47 Output/nrf52832_xxaa_s132 Debug/Obj/main.o
 .debug_macro   0x000137b3       0xd6 Output/nrf52832_xxaa_s132 Debug/Obj/main.o
 .debug_macro   0x00013889      0x1fb Output/nrf52832_xxaa_s132 Debug/Obj/main.o
 .debug_macro   0x00013a84       0x16 Output/nrf52832_xxaa_s132 Debug/Obj/main.o
 .debug_macro   0x00013a9a      0x3f4 Output/nrf52832_xxaa_s132 Debug/Obj/main.o
 .debug_macro   0x00013e8e       0x3a Output/nrf52832_xxaa_s132 Debug/Obj/main.o
 .debug_macro   0x00013ec8       0x22 Output/nrf52832_xxaa_s132 Debug/Obj/main.o
 .debug_macro   0x00013eea      0x201 Output/nrf52832_xxaa_s132 Debug/Obj/main.o
 .debug_macro   0x000140eb       0x1c Output/nrf52832_xxaa_s132 Debug/Obj/main.o
 .debug_macro   0x00014107       0xdb Output/nrf52832_xxaa_s132 Debug/Obj/main.o
 .debug_macro   0x000141e2       0x24 Output/nrf52832_xxaa_s132 Debug/Obj/main.o
 .debug_macro   0x00014206       0xb8 Output/nrf52832_xxaa_s132 Debug/Obj/main.o
 .debug_macro   0x000142be      0x2ca Output/nrf52832_xxaa_s132 Debug/Obj/main.o
 .debug_macro   0x00014588       0xa6 Output/nrf52832_xxaa_s132 Debug/Obj/main.o
 .debug_macro   0x0001462e       0x22 Output/nrf52832_xxaa_s132 Debug/Obj/main.o
 .debug_macro   0x00014650       0x46 Output/nrf52832_xxaa_s132 Debug/Obj/main.o
 .debug_macro   0x00014696       0x64 Output/nrf52832_xxaa_s132 Debug/Obj/main.o
 .debug_macro   0x000146fa       0x2e Output/nrf52832_xxaa_s132 Debug/Obj/main.o
 .debug_macro   0x00014728      0x280 Output/nrf52832_xxaa_s132 Debug/Obj/main.o
 .debug_macro   0x000149a8       0x22 Output/nrf52832_xxaa_s132 Debug/Obj/main.o
 .debug_macro   0x000149ca       0x16 Output/nrf52832_xxaa_s132 Debug/Obj/main.o
 .debug_macro   0x000149e0       0x11 Output/nrf52832_xxaa_s132 Debug/Obj/main.o
 .debug_macro   0x000149f1      0x1ec Output/nrf52832_xxaa_s132 Debug/Obj/main.o
 .debug_macro   0x00014bdd       0x2e Output/nrf52832_xxaa_s132 Debug/Obj/main.o
 .debug_macro   0x00014c0b       0x10 Output/nrf52832_xxaa_s132 Debug/Obj/main.o
 .debug_macro   0x00014c1b       0x28 Output/nrf52832_xxaa_s132 Debug/Obj/main.o
 .debug_macro   0x00014c43       0x22 Output/nrf52832_xxaa_s132 Debug/Obj/main.o
 .debug_macro   0x00014c65       0x1c Output/nrf52832_xxaa_s132 Debug/Obj/main.o
 .debug_macro   0x00014c81       0x8e Output/nrf52832_xxaa_s132 Debug/Obj/main.o
 .debug_macro   0x00014d0f       0x16 Output/nrf52832_xxaa_s132 Debug/Obj/main.o
 .debug_macro   0x00014d25       0x10 Output/nrf52832_xxaa_s132 Debug/Obj/main.o
 .debug_macro   0x00014d35      0x401 Output/nrf52832_xxaa_s132 Debug/Obj/main.o
 .debug_macro   0x00015136       0x22 Output/nrf52832_xxaa_s132 Debug/Obj/main.o
 .debug_macro   0x00015158       0x5e Output/nrf52832_xxaa_s132 Debug/Obj/main.o
 .debug_macro   0x000151b6       0x34 Output/nrf52832_xxaa_s132 Debug/Obj/main.o
 .debug_macro   0x000151ea       0x10 Output/nrf52832_xxaa_s132 Debug/Obj/main.o
 .debug_macro   0x000151fa       0x56 Output/nrf52832_xxaa_s132 Debug/Obj/main.o
 .debug_macro   0x00015250       0xac Output/nrf52832_xxaa_s132 Debug/Obj/main.o
 .debug_macro   0x000152fc       0x2e Output/nrf52832_xxaa_s132 Debug/Obj/main.o
 .debug_macro   0x0001532a      0x1d0 Output/nrf52832_xxaa_s132 Debug/Obj/advertising.o
 .debug_macro   0x000154fa       0x10 Output/nrf52832_xxaa_s132 Debug/Obj/advertising.o
 .debug_macro   0x0001550a       0x28 Output/nrf52832_xxaa_s132 Debug/Obj/advertising.o
 .debug_macro   0x00015532       0x4f Output/nrf52832_xxaa_s132 Debug/Obj/advertising.o
 .debug_macro   0x00015581      0x1b5 Output/nrf52832_xxaa_s132 Debug/Obj/twi_rfid_driver.o
 .debug_macro   0x00015736       0x1c Output/nrf52832_xxaa_s132 Debug/Obj/twi_rfid_driver.o
 .debug_macro   0x00015752       0x41 Output/nrf52832_xxaa_s132 Debug/Obj/twi_rfid_driver.o
 .debug_macro   0x00015793      0x17d Output/nrf52832_xxaa_s132 Debug/Obj/twi_motordriver.o
 .debug_macro   0x00015910       0x23 Output/nrf52832_xxaa_s132 Debug/Obj/read_set_bit.o
 .debug_macro   0x00015933      0x207 Output/nrf52832_xxaa_s132 Debug/Obj/nrf_drv_twi.o
 .debug_macro   0x00015b3a       0x10 Output/nrf52832_xxaa_s132 Debug/Obj/nrf_drv_twi.o
 .debug_macro   0x00015b4a       0x40 Output/nrf52832_xxaa_s132 Debug/Obj/nrf_drv_twi.o
 .debug_macro   0x00015b8a       0x6d Output/nrf52832_xxaa_s132 Debug/Obj/nrf_drv_twi.o
 .debug_macro   0x00015bf7       0xf2 Output/nrf52832_xxaa_s132 Debug/Obj/ble_radio_notification.o
 .debug_macro   0x00015ce9       0x2e Output/nrf52832_xxaa_s132 Debug/Obj/ble_radio_notification.o
 .debug_macro   0x00015d17      0x19f Output/nrf52832_xxaa_s132 Debug/Obj/ble_lbs.o
 .debug_macro   0x00015eb6       0x22 Output/nrf52832_xxaa_s132 Debug/Obj/ble_lbs.o
 .debug_macro   0x00015ed8       0x37 Output/nrf52832_xxaa_s132 Debug/Obj/ble_lbs.o
 .debug_macro   0x00015f0f      0x1d0 Output/nrf52832_xxaa_s132 Debug/Obj/bsp.o
 .debug_macro   0x000160df       0x5e Output/nrf52832_xxaa_s132 Debug/Obj/bsp.o
 .debug_macro   0x0001613d      0x1ab Output/nrf52832_xxaa_s132 Debug/Obj/ble_advdata.o
 .debug_macro   0x000162e8      0x1d4 Output/nrf52832_xxaa_s132 Debug/Obj/ble_conn_params.o
 .debug_macro   0x000164bc      0x19c Output/nrf52832_xxaa_s132 Debug/Obj/nrf_drv_common.o
 .debug_macro   0x00016658      0x1e7 Output/nrf52832_xxaa_s132 Debug/Obj/nrf_drv_gpiote.o
 .debug_macro   0x0001683f      0x1ef Output/nrf52832_xxaa_s132 Debug/Obj/nrf_drv_uart.o
 .debug_macro   0x00016a2e      0x1ae Output/nrf52832_xxaa_s132 Debug/Obj/app_button.o
 .debug_macro   0x00016bdc      0x158 Output/nrf52832_xxaa_s132 Debug/Obj/app_error.o
 .debug_macro   0x00016d34      0x157 Output/nrf52832_xxaa_s132 Debug/Obj/app_error_weak.o
 .debug_macro   0x00016e8b      0x206 Output/nrf52832_xxaa_s132 Debug/Obj/app_timer.o
 .debug_macro   0x00017091       0x16 Output/nrf52832_xxaa_s132 Debug/Obj/app_timer.o
 .debug_macro   0x000170a7      0x2a0 Output/nrf52832_xxaa_s132 Debug/Obj/softdevice_handler.o
 .debug_macro   0x00017347       0x10 Output/nrf52832_xxaa_s132 Debug/Obj/softdevice_handler.o
 .debug_macro   0x00017357      0x3fa Output/nrf52832_xxaa_s132 Debug/Obj/softdevice_handler.o
 .debug_macro   0x00017751       0x40 Output/nrf52832_xxaa_s132 Debug/Obj/softdevice_handler.o
 .debug_macro   0x00017791       0x10 Output/nrf52832_xxaa_s132 Debug/Obj/softdevice_handler.o
 .debug_macro   0x000177a1       0xa1 Output/nrf52832_xxaa_s132 Debug/Obj/system_nrf52.o

.debug_line     0x00000000     0xc4b3
 .debug_line    0x00000000     0x14b4 Output/nrf52832_xxaa_s132 Debug/Obj/main.o
 .debug_line    0x000014b4      0x958 Output/nrf52832_xxaa_s132 Debug/Obj/advertising.o
 .debug_line    0x00001e0c      0x612 Output/nrf52832_xxaa_s132 Debug/Obj/twi_rfid_driver.o
 .debug_line    0x0000241e      0x679 Output/nrf52832_xxaa_s132 Debug/Obj/twi_motordriver.o
 .debug_line    0x00002a97      0x124 Output/nrf52832_xxaa_s132 Debug/Obj/read_set_bit.o
 .debug_line    0x00002bbb      0xd8a Output/nrf52832_xxaa_s132 Debug/Obj/nrf_drv_twi.o
 .debug_line    0x00003945      0x782 Output/nrf52832_xxaa_s132 Debug/Obj/ble_radio_notification.o
 .debug_line    0x000040c7      0xa17 Output/nrf52832_xxaa_s132 Debug/Obj/ble_lbs.o
 .debug_line    0x00004ade      0x6e0 Output/nrf52832_xxaa_s132 Debug/Obj/bsp.o
 .debug_line    0x000051be      0xc92 Output/nrf52832_xxaa_s132 Debug/Obj/ble_advdata.o
 .debug_line    0x00005e50      0xad6 Output/nrf52832_xxaa_s132 Debug/Obj/ble_conn_params.o
 .debug_line    0x00006926      0x821 Output/nrf52832_xxaa_s132 Debug/Obj/nrf_drv_common.o
 .debug_line    0x00007147      0xef0 Output/nrf52832_xxaa_s132 Debug/Obj/nrf_drv_gpiote.o
 .debug_line    0x00008037     0x10de Output/nrf52832_xxaa_s132 Debug/Obj/nrf_drv_uart.o
 .debug_line    0x00009115      0x626 Output/nrf52832_xxaa_s132 Debug/Obj/app_button.o
 .debug_line    0x0000973b      0x4af Output/nrf52832_xxaa_s132 Debug/Obj/app_error.o
 .debug_line    0x00009bea      0x466 Output/nrf52832_xxaa_s132 Debug/Obj/app_error_weak.o
 .debug_line    0x0000a050      0xcc3 Output/nrf52832_xxaa_s132 Debug/Obj/app_timer.o
 .debug_line    0x0000ad13      0xff2 Output/nrf52832_xxaa_s132 Debug/Obj/softdevice_handler.o
 .debug_line    0x0000bd05      0x425 Output/nrf52832_xxaa_s132 Debug/Obj/system_nrf52.o
 .debug_line    0x0000c12a      0x222 Output/nrf52832_xxaa_s132 Debug/Obj/thumb_crt0.o
 .debug_line    0x0000c34c       0xa8 Output/nrf52832_xxaa_s132 Debug/Obj/nRF_Startup.o
 .debug_line    0x0000c3f4       0xbf Output/nrf52832_xxaa_s132 Debug/Obj/nrf52_Vectors.o

.debug_str      0x00000000    0x82c54
 .debug_str     0x00000000    0x7bf4d Output/nrf52832_xxaa_s132 Debug/Obj/main.o
                              0x7cb9b (size before relaxing)
 .debug_str     0x0007bf4d       0xc7 Output/nrf52832_xxaa_s132 Debug/Obj/advertising.o
                              0x73bbc (size before relaxing)
 .debug_str     0x0007c014      0x284 Output/nrf52832_xxaa_s132 Debug/Obj/twi_rfid_driver.o
                              0x6e0d5 (size before relaxing)
 .debug_str     0x0007c298      0x255 Output/nrf52832_xxaa_s132 Debug/Obj/twi_motordriver.o
                              0x6dc03 (size before relaxing)
 .debug_str     0x0007c4ed       0xcb Output/nrf52832_xxaa_s132 Debug/Obj/read_set_bit.o
                               0x2ce5 (size before relaxing)
 .debug_str     0x0007c5b8     0x103b Output/nrf52832_xxaa_s132 Debug/Obj/nrf_drv_twi.o
                              0x6fd01 (size before relaxing)
 .debug_str     0x0007d5f3      0x321 Output/nrf52832_xxaa_s132 Debug/Obj/ble_radio_notification.o
                              0x6cc4e (size before relaxing)
 .debug_str     0x0007d914      0x459 Output/nrf52832_xxaa_s132 Debug/Obj/ble_lbs.o
                              0x7384c (size before relaxing)
 .debug_str     0x0007dd6d      0xef1 Output/nrf52832_xxaa_s132 Debug/Obj/bsp.o
                              0x6e620 (size before relaxing)
 .debug_str     0x0007ec5e      0x36d Output/nrf52832_xxaa_s132 Debug/Obj/ble_advdata.o
                              0x736ea (size before relaxing)
 .debug_str     0x0007efcb      0x24c Output/nrf52832_xxaa_s132 Debug/Obj/ble_conn_params.o
                              0x74747 (size before relaxing)
 .debug_str     0x0007f217       0xc8 Output/nrf52832_xxaa_s132 Debug/Obj/nrf_drv_common.o
                              0x6e85c (size before relaxing)
 .debug_str     0x0007f2df      0xd0a Output/nrf52832_xxaa_s132 Debug/Obj/nrf_drv_gpiote.o
                              0x6fe50 (size before relaxing)
 .debug_str     0x0007ffe9     0x14ae Output/nrf52832_xxaa_s132 Debug/Obj/nrf_drv_uart.o
                              0x701f8 (size before relaxing)
 .debug_str     0x00081497      0x1db Output/nrf52832_xxaa_s132 Debug/Obj/app_button.o
                              0x6dece (size before relaxing)
 .debug_str     0x00081672      0x172 Output/nrf52832_xxaa_s132 Debug/Obj/app_error.o
                              0x6d89f (size before relaxing)
 .debug_str     0x000817e4       0xc2 Output/nrf52832_xxaa_s132 Debug/Obj/app_error_weak.o
                              0x6da29 (size before relaxing)
 .debug_str     0x000818a6      0x9ff Output/nrf52832_xxaa_s132 Debug/Obj/app_timer.o
                              0x6f2e3 (size before relaxing)
 .debug_str     0x000822a5      0x49f Output/nrf52832_xxaa_s132 Debug/Obj/softdevice_handler.o
                              0x78610 (size before relaxing)
 .debug_str     0x00082744      0x510 Output/nrf52832_xxaa_s132 Debug/Obj/system_nrf52.o
                              0x6af32 (size before relaxing)

.comment        0x00000000       0x4e
 .comment       0x00000000       0x4e Output/nrf52832_xxaa_s132 Debug/Obj/main.o
                                 0x4f (size before relaxing)
 .comment       0x00000000       0x4f Output/nrf52832_xxaa_s132 Debug/Obj/advertising.o
 .comment       0x00000000       0x4f Output/nrf52832_xxaa_s132 Debug/Obj/twi_rfid_driver.o
 .comment       0x00000000       0x4f Output/nrf52832_xxaa_s132 Debug/Obj/twi_motordriver.o
 .comment       0x00000000       0x4f Output/nrf52832_xxaa_s132 Debug/Obj/read_set_bit.o
 .comment       0x00000000       0x4f Output/nrf52832_xxaa_s132 Debug/Obj/nrf_drv_twi.o
 .comment       0x00000000       0x4f Output/nrf52832_xxaa_s132 Debug/Obj/ble_radio_notification.o