Archive member included because of file (symbol)

C:/Program Files (x86)/SEGGER/SEGGER Embedded Studio 2.16a/lib/libc_v7em_fpv4_sp_d16_hard_t_le_eabi.a(libc2.o)
                              Output/nrf52832_xxaa_s132 Debug/Obj/nrf_log.o (vprintf)
C:/Program Files (x86)/SEGGER/SEGGER Embedded Studio 2.16a/lib/libc_v7em_fpv4_sp_d16_hard_t_le_eabi.a(libc2_asm.o)
                              Output/nrf52832_xxaa_s132 Debug/Obj/ble_advdata.o (memcpy)
C:/Program Files (x86)/SEGGER/SEGGER Embedded Studio 2.16a/lib/libc_v7em_fpv4_sp_d16_hard_t_le_eabi.a(libc_asm.o)
                              C:/Program Files (x86)/SEGGER/SEGGER Embedded Studio 2.16a/lib/libc_v7em_fpv4_sp_d16_hard_t_le_eabi.a(libc2.o) (__aeabi_uldivmod)
C:/Program Files (x86)/SEGGER/SEGGER Embedded Studio 2.16a/lib/libm_v7em_fpv4_sp_d16_hard_t_le_eabi.a(libm_asm.o)
                              C:/Program Files (x86)/SEGGER/SEGGER Embedded Studio 2.16a/lib/libc_v7em_fpv4_sp_d16_hard_t_le_eabi.a(libc2.o) (__aeabi_i2d)
C:/Program Files (x86)/SEGGER/SEGGER Embedded Studio 2.16a/lib/libm_v7em_fpv4_sp_d16_hard_t_le_eabi.a(libm2.o)
                              C:/Program Files (x86)/SEGGER/SEGGER Embedded Studio 2.16a/lib/libvfprintf_v7em_fpv4_sp_d16_hard_t_le_eabi.o (frexp)
C:/Program Files (x86)/SEGGER/SEGGER Embedded Studio 2.16a/lib/libm_v7em_fpv4_sp_d16_hard_t_le_eabi.a(libm2_asm.o)
                              C:/Program Files (x86)/SEGGER/SEGGER Embedded Studio 2.16a/lib/libm_v7em_fpv4_sp_d16_hard_t_le_eabi.a(libm2.o) (fabs)

Discarded input sections

 .group         0x00000000        0x8 Output/nrf52832_xxaa_s132 Debug/Obj/main.o
 .group         0x00000000        0x8 Output/nrf52832_xxaa_s132 Debug/Obj/main.o
 .group         0x00000000        0x8 Output/nrf52832_xxaa_s132 Debug/Obj/main.o
 .group         0x00000000        0x8 Output/nrf52832_xxaa_s132 Debug/Obj/main.o
 .group         0x00000000        0x8 Output/nrf52832_xxaa_s132 Debug/Obj/main.o
 .group         0x00000000        0x8 Output/nrf52832_xxaa_s132 Debug/Obj/main.o
 .group         0x00000000        0x8 Output/nrf52832_xxaa_s132 Debug/Obj/main.o
 .group         0x00000000        0x8 Output/nrf52832_xxaa_s132 Debug/Obj/main.o
 .group         0x00000000        0x8 Output/nrf52832_xxaa_s132 Debug/Obj/main.o
 .group         0x00000000        0x8 Output/nrf52832_xxaa_s132 Debug/Obj/main.o
 .group         0x00000000        0x8 Output/nrf52832_xxaa_s132 Debug/Obj/main.o
 .group         0x00000000        0x8 Output/nrf52832_xxaa_s132 Debug/Obj/main.o
 .group         0x00000000        0x8 Output/nrf52832_xxaa_s132 Debug/Obj/main.o
 .group         0x00000000        0x8 Output/nrf52832_xxaa_s132 Debug/Obj/main.o
 .group         0x00000000        0x8 Output/nrf52832_xxaa_s132 Debug/Obj/main.o
 .group         0x00000000        0x8 Output/nrf52832_xxaa_s132 Debug/Obj/main.o
 .group         0x00000000        0x8 Output/nrf52832_xxaa_s132 Debug/Obj/main.o
 .group         0x00000000        0x8 Output/nrf52832_xxaa_s132 Debug/Obj/main.o
 .group         0x00000000        0x8 Output/nrf52832_xxaa_s132 Debug/Obj/main.o
 .group         0x00000000        0x8 Output/nrf52832_xxaa_s132 Debug/Obj/main.o
 .group         0x00000000        0x8 Output/nrf52832_xxaa_s132 Debug/Obj/main.o
 .group         0x00000000        0x8 Output/nrf52832_xxaa_s132 Debug/Obj/main.o
 .group         0x00000000        0x8 Output/nrf52832_xxaa_s132 Debug/Obj/main.o
 .group         0x00000000        0x8 Output/nrf52832_xxaa_s132 Debug/Obj/main.o
 .group         0x00000000        0x8 Output/nrf52832_xxaa_s132 Debug/Obj/main.o
 .group         0x00000000        0x8 Output/nrf52832_xxaa_s132 Debug/Obj/main.o
 .group         0x00000000        0x8 Output/nrf52832_xxaa_s132 Debug/Obj/main.o
 .group         0x00000000        0x8 Output/nrf52832_xxaa_s132 Debug/Obj/main.o
 .group         0x00000000        0x8 Output/nrf52832_xxaa_s132 Debug/Obj/main.o
 .group         0x00000000        0x8 Output/nrf52832_xxaa_s132 Debug/Obj/main.o
 .group         0x00000000        0x8 Output/nrf52832_xxaa_s132 Debug/Obj/main.o
 .group         0x00000000        0x8 Output/nrf52832_xxaa_s132 Debug/Obj/main.o
 .group         0x00000000        0x8 Output/nrf52832_xxaa_s132 Debug/Obj/main.o
 .group         0x00000000        0x8 Output/nrf52832_xxaa_s132 Debug/Obj/main.o
 .group         0x00000000        0x8 Output/nrf52832_xxaa_s132 Debug/Obj/main.o
 .group         0x00000000        0x8 Output/nrf52832_xxaa_s132 Debug/Obj/main.o
 .group         0x00000000        0x8 Output/nrf52832_xxaa_s132 Debug/Obj/main.o
 .group         0x00000000        0x8 Output/nrf52832_xxaa_s132 Debug/Obj/main.o
 .group         0x00000000        0x8 Output/nrf52832_xxaa_s132 Debug/Obj/main.o
 .group         0x00000000        0x8 Output/nrf52832_xxaa_s132 Debug/Obj/main.o
 .group         0x00000000        0x8 Output/nrf52832_xxaa_s132 Debug/Obj/main.o
 .group         0x00000000        0x8 Output/nrf52832_xxaa_s132 Debug/Obj/main.o
[...]
Memory Configuration

Name             Origin             Length             Attributes
UNPLACED_SECTIONS 0xffffffff         0x00000000         xw
RAM              0x20000000         0x00010000         xw
FLASH            0x00000000         0x00080000         xr
*default*        0x00000000         0xffffffff

Linker script and memory map

                0x00000000                __vfprintf = __vfprintf_int_nwp
                0x00000000                __vfscanf = __vfscanf_int
                0x20000000                __RAM_segment_start__ = 0x20000000
                0x20010000                __RAM_segment_end__ = 0x20010000
                0x00010000                __RAM_segment_size__ = 0x10000
                0x00000000                __FLASH_segment_start__ = 0x0
                0x00080000                __FLASH_segment_end__ = 0x80000
                0x00080000                __FLASH_segment_size__ = 0x80000
                0x00000100                __HEAPSIZE__ = 0x100
                0x00000000                __STACKSIZE_ABT__ = 0x0
                0x00000000                __STACKSIZE_FIQ__ = 0x0
                0x00000000                __STACKSIZE_IRQ__ = 0x0
                0x00000000                __STACKSIZE_PROCESS__ = 0x0
                0x00000000                __STACKSIZE_SVC__ = 0x0
                0x00000000                __STACKSIZE_UND__ = 0x0
                0x00000800                __STACKSIZE__ = 0x800
                0x20002a00                __vectors_ram_load_start__ = 0x20002a00

.vectors_ram    0x20002a00        0x0
                0x20002a00                __vectors_ram_start__ = .
 *(.vectors_ram .vectors_ram.*)
                0x20002a00                __vectors_ram_end__ = (__vectors_ram_start__ + SIZEOF (.vectors_ram))
                0x00000000                __vectors_ram_size__ = SIZEOF (.vectors_ram)
                0x20002a00                __vectors_ram_load_end__ = __vectors_ram_end__
                0x00000001                . = ASSERT (((__vectors_ram_start__ == __vectors_ram_end__) || ((__vectors_ram_end__ >= __RAM_segment_start__) && (__vectors_ram_end__ <= __RAM_segment_end__))), error: .vectors_ram is too large to fit in RAM memory segment)
                0x0001c000                __vectors_load_start__ = 0x1c000

.vectors        0x0001c000       0xd8
                0x0001c000                __vectors_start__ = .
 *(.vectors .vectors.*)
 .vectors       0x0001c000       0xd8 Output/nrf52832_xxaa_s132 Debug/Obj/nrf52_Vectors.o
                0x0001c000                _vectors
                0x0001c0d8                __vectors_end__ = (__vectors_start__ + SIZEOF (.vectors))
                0x000000d8                __vectors_size__ = SIZEOF (.vectors)
                0x0001c0d8                __vectors_load_end__ = __vectors_end__
                0x00000001                . = ASSERT (((__vectors_start__ == __vectors_end__) || ((__vectors_end__ >= __FLASH_segment_start__) && (__vectors_end__ <= __FLASH_segment_end__))), error: .vectors is too large to fit in FLASH memory segment)
                0x0001c0d8                __init_load_start__ = ALIGN (__vectors_end__, 0x4)

.init           0x0001c0d8      0x644
                0x0001c0d8                __init_start__ = .
 *(.init .init.*)
 .init.NVIC_SystemReset
                0x0001c0d8       0x28 Output/nrf52832_xxaa_s132 Debug/Obj/system_nrf52.o
 .init.SystemCoreClockUpdate
                0x0001c100       0x1c Output/nrf52832_xxaa_s132 Debug/Obj/system_nrf52.o
                0x0001c100                SystemCoreClockUpdate
 .init.SystemInit
                0x0001c11c      0x20c Output/nrf52832_xxaa_s132 Debug/Obj/system_nrf52.o
                0x0001c11c                SystemInit
 .init.errata_31
                0x0001c328       0x8c Output/nrf52832_xxaa_s132 Debug/Obj/system_nrf52.o
 .init.errata_32
                0x0001c3b4       0x54 Output/nrf52832_xxaa_s132 Debug/Obj/system_nrf52.o
 .init.errata_36
                0x0001c408       0x8c Output/nrf52832_xxaa_s132 Debug/Obj/system_nrf52.o
 .init.errata_37
                0x0001c494       0x54 Output/nrf52832_xxaa_s132 Debug/Obj/system_nrf52.o
 .init.errata_66
                0x0001c4e8       0x54 Output/nrf52832_xxaa_s132 Debug/Obj/system_nrf52.o
 .init          0x0001c53c      0x158 Output/nrf52832_xxaa_s132 Debug/Obj/thumb_crt0.o
                0x0001c53c                _start
                0x0001c5ee                exit
 .init          0x0001c694       0x34 Output/nrf52832_xxaa_s132 Debug/Obj/nRF_Startup.o
                0x0001c694                Reset_Handler
 .init          0x0001c6c8       0x54 Output/nrf52832_xxaa_s132 Debug/Obj/nrf52_Vectors.o
                0x0001c6c8                NMI_Handler
                0x0001c6ca                HardFault_Handler
                0x0001c6cc                SVC_Handler
                0x0001c6ce                PendSV_Handler
                0x0001c6d0                SysTick_Handler
                0x0001c6d4                POWER_CLOCK_IRQHandler
                0x0001c6d6                RADIO_IRQHandler
                0x0001c6de                NFCT_IRQHandler
                0x0001c6e2                SAADC_IRQHandler
                0x0001c6e4                TIMER0_IRQHandler
                0x0001c6e6                TIMER1_IRQHandler
                0x0001c6e8                TIMER2_IRQHandler
                0x0001c6ea                RTC0_IRQHandler
                0x0001c6ec                TEMP_IRQHandler
                0x0001c6ee                RNG_IRQHandler
                0x0001c6f0                ECB_IRQHandler
                0x0001c6f2                CCM_AAR_IRQHandler
                0x0001c6f4                WDT_IRQHandler
                0x0001c6f8                QDEC_IRQHandler
                0x0001c6fa                COMP_LPCOMP_IRQHandler
                0x0001c6fe                SWI1_EGU1_IRQHandler
                0x0001c702                SWI3_EGU3_IRQHandler
                0x0001c704                SWI4_EGU4_IRQHandler
                0x0001c706                SWI5_EGU5_IRQHandler
                0x0001c708                TIMER3_IRQHandler
                0x0001c70a                TIMER4_IRQHandler
                0x0001c70c                PWM0_IRQHandler
                0x0001c70e                PDM_IRQHandler
                0x0001c710                MWU_IRQHandler
                0x0001c712                PWM1_IRQHandler
                0x0001c714                PWM2_IRQHandler
                0x0001c716                SPIM2_SPIS2_SPI2_IRQHandler
                0x0001c718                RTC2_IRQHandler
                0x0001c71a                I2S_IRQHandler
                0x0001c71c                __init_end__ = (__init_start__ + SIZEOF (.init))
                0x00000644                __init_size__ = SIZEOF (.init)
                0x0001c71c                __init_load_end__ = __init_end__
                0x00000001                . = ASSERT (((__init_start__ == __init_end__) || ((__init_end__ >= __FLASH_segment_start__) && (__init_end__ <= __FLASH_segment_end__))), error: .init is too large to fit in FLASH memory segment)
                0x0001c71c                __init_rodata_load_start__ = ALIGN (__init_end__, 0x4)

.init_rodata    0x0001c71c        0x0
                0x0001c71c                __init_rodata_start__ = .
 *(.init_rodata .init_rodata.*)
                0x0001c71c                __init_rodata_end__ = (__init_rodata_start__ + SIZEOF (.init_rodata))
                0x00000000                __init_rodata_size__ = SIZEOF (.init_rodata)
                0x0001c71c                __init_rodata_load_end__ = __init_rodata_end__
                0x00000001                . = ASSERT (((__init_rodata_start__ == __init_rodata_end__) || ((__init_rodata_end__ >= __FLASH_segment_start__) && (__init_rodata_end__ <= __FLASH_segment_end__))), error: .init_rodata is too large to fit in FLASH memory segment)
                0x0001c71c                __text_load_start__ = ALIGN (__init_rodata_end__, 0x4)

.text           0x0001c71c     0x6390
                0x0001c71c                __text_start__ = .
 *(.text .text.* .glue_7t .glue_7 .gnu.linkonce.t.* .gcc_except_table .ARM.extab* .gnu.linkonce.armextab.*)
 .glue_7        0x00000000        0x0 linker stubs
 .glue_7t       0x00000000        0x0 linker stubs
 .text.nrf_gpio_cfg
                0x0001c71c       0x4c Output/nrf52832_xxaa_s132 Debug/Obj/main.o
 .text.nrf_gpio_cfg_output
                0x0001c768       0x24 Output/nrf52832_xxaa_s132 Debug/Obj/main.o
 .text.nrf_gpio_pin_set
                0x0001c78c       0x24 Output/nrf52832_xxaa_s132 Debug/Obj/main.o
 .text.nrf_gpio_pin_clear
                0x0001c7b0       0x24 Output/nrf52832_xxaa_s132 Debug/Obj/main.o
 .text.sd_ble_gap_address_set
                0x0001c7d4        0x8 Output/nrf52832_xxaa_s132 Debug/Obj/main.o
 .text.sd_ble_gap_address_get
                0x0001c7dc        0x8 Output/nrf52832_xxaa_s132 Debug/Obj/main.o
 .text.sd_ble_gap_adv_start
                0x0001c7e4        0x8 Output/nrf52832_xxaa_s132 Debug/Obj/main.o
 .text.sd_ble_gap_disconnect
                0x0001c7ec        0x8 Output/nrf52832_xxaa_s132 Debug/Obj/main.o
 .text.sd_ble_gap_ppcp_set
                0x0001c7f4        0x8 Output/nrf52832_xxaa_s132 Debug/Obj/main.o
 .text.sd_ble_gap_device_name_set
                0x0001c7fc        0x8 Output/nrf52832_xxaa_s132 Debug/Obj/main.o
 .text.sd_ble_gap_sec_params_reply
                0x0001c804        0x8 Output/nrf52832_xxaa_s132 Debug/Obj/main.o
 .text.sd_ble_gatts_sys_attr_set
                0x0001c80c        0x8 Output/nrf52832_xxaa_s132 Debug/Obj/main.o
 .text.sd_app_evt_wait
                0x0001c814        0x8 Output/nrf52832_xxaa_s132 Debug/Obj/main.o
 .text.pin_output_init
                0x0001c81c       0x64 Output/nrf52832_xxaa_s132 Debug/Obj/main.o
 .text.timers_init
                0x0001c880       0x38 Output/nrf52832_xxaa_s132 Debug/Obj/main.o
 .text.gap_params_init
                0x0001c8b8       0x90 Output/nrf52832_xxaa_s132 Debug/Obj/main.o
 .text.advertising_init
                0x0001c948       0x7c Output/nrf52832_xxaa_s132 Debug/Obj/main.o
                0x0001c948                advertising_init
 .text.pin_write_handler
                0x0001c9c4       0x50 Output/nrf52832_xxaa_s132 Debug/Obj/main.o
 .text.services_init
                0x0001ca14       0x3c Output/nrf52832_xxaa_s132 Debug/Obj/main.o
 .text.on_conn_params_evt
                0x0001ca50       0x40 Output/nrf52832_xxaa_s132 Debug/Obj/main.o
 .text.conn_params_error_handler
                0x0001ca90       0x1c Output/nrf52832_xxaa_s132 Debug/Obj/main.o
 .text.conn_params_init
                0x0001caac       0x68 Output/nrf52832_xxaa_s132 Debug/Obj/main.o
 .text.advertising_start
                0x0001cb14       0x58 Output/nrf52832_xxaa_s132 Debug/Obj/main.o
 .text.radio_notification_evt_handler
                0x0001cb6c       0x64 Output/nrf52832_xxaa_s132 Debug/Obj/main.o
                0x0001cb6c                radio_notification_evt_handler
 .text.on_ble_evt
                0x0001cbd0       0xf8 Output/nrf52832_xxaa_s132 Debug/Obj/main.o
 .text.ble_evt_dispatch
                0x0001ccc8       0x28 Output/nrf52832_xxaa_s132 Debug/Obj/main.o
 .text.ble_stack_init
                0x0001ccf0      0x11c Output/nrf52832_xxaa_s132 Debug/Obj/main.o
 .text.pin_event_handler
                0x0001ce0c       0x70 Output/nrf52832_xxaa_s132 Debug/Obj/main.o
 .text.nrf_gpiote_init
                0x0001ce7c       0xa4 Output/nrf52832_xxaa_s132 Debug/Obj/main.o
                0x0001ce7c                nrf_gpiote_init
 .text.advertising_timer_init
                0x0001cf20       0x2c Output/nrf52832_xxaa_s132 Debug/Obj/main.o
                0x0001cf20                advertising_timer_init
 .text.power_manage
                0x0001cf4c       0x2c Output/nrf52832_xxaa_s132 Debug/Obj/main.o
 .text.main     0x0001cf78       0x3c Output/nrf52832_xxaa_s132 Debug/Obj/main.o
                0x0001cf78                main
 .text.advertising_init_eddystone
                0x0001cfb4       0x94 Output/nrf52832_xxaa_s132 Debug/Obj/advertising.o
                0x0001cfb4                advertising_init_eddystone
 .text.nrf_gpio_pin_clear
                0x0001d048       0x24 Output/nrf52832_xxaa_s132 Debug/Obj/twi_rfid_driver.o
 .text.read_rfid_shield
                0x0001d06c        0xc Output/nrf52832_xxaa_s132 Debug/Obj/twi_rfid_driver.o
                0x0001d06c                read_rfid_shield
 .text.rfid_read_event_handler
                0x0001d078       0x38 Output/nrf52832_xxaa_s132 Debug/Obj/twi_rfid_driver.o
                0x0001d078                rfid_read_event_handler
 .text.twi_rfid_init
                0x0001d0b0       0xd8 Output/nrf52832_xxaa_s132 Debug/Obj/twi_rfid_driver.o
                0x0001d0b0                twi_rfid_init
 .text.nrf_gpio_pin_set
                0x0001d188       0x24 Output/nrf52832_xxaa_s132 Debug/Obj/twi_motordriver.o
 .text.nrf_gpio_pin_clear
                0x0001d1ac       0x24 Output/nrf52832_xxaa_s132 Debug/Obj/twi_motordriver.o
 .text.twi_motordriver_init
                0x0001d1d0       0x38 Output/nrf52832_xxaa_s132 Debug/Obj/twi_motordriver.o
                0x0001d1d0                twi_motordriver_init
 .text.twi_init_motorshield
                0x0001d208      0x198 Output/nrf52832_xxaa_s132 Debug/Obj/twi_motordriver.o
                0x0001d208                twi_init_motorshield
 .text.twi_clear_motorshield
                0x0001d3a0       0xec Output/nrf52832_xxaa_s132 Debug/Obj/twi_motordriver.o
                0x0001d3a0                twi_clear_motorshield
 .text.twi_set_motor
                0x0001d48c       0xa0 Output/nrf52832_xxaa_s132 Debug/Obj/twi_motordriver.o
                0x0001d48c                twi_set_motor
 .text.twi_set_speed
                0x0001d52c       0x50 Output/nrf52832_xxaa_s132 Debug/Obj/twi_motordriver.o
                0x0001d52c                twi_set_speed
 .text.twi_set_motor_dir
                0x0001d57c      0x218 Output/nrf52832_xxaa_s132 Debug/Obj/twi_motordriver.o
                0x0001d57c                twi_set_motor_dir
 .text.read_bit
                0x0001d794       0x34 Output/nrf52832_xxaa_s132 Debug/Obj/read_set_bit.o
                0x0001d794                read_bit
 .text.nrf_twi_task_trigger
                0x0001d7c8       0x20 Output/nrf52832_xxaa_s132 Debug/Obj/nrf_drv_twi.o
 .text.nrf_twi_event_clear
                0x0001d7e8       0x20 Output/nrf52832_xxaa_s132 Debug/Obj/nrf_drv_twi.o
 .text.nrf_twi_event_check
                0x0001d808       0x2c Output/nrf52832_xxaa_s132 Debug/Obj/nrf_drv_twi.o
 .text.nrf_twi_int_enable
                0x0001d834       0x1c Output/nrf52832_xxaa_s132 Debug/Obj/nrf_drv_twi.o
 .text.nrf_twi_int_disable
                0x0001d850       0x1c Output/nrf52832_xxaa_s132 Debug/Obj/nrf_drv_twi.o
 .text.nrf_twi_enable
                0x0001d86c       0x1c Output/nrf52832_xxaa_s132 Debug/Obj/nrf_drv_twi.o
 .text.nrf_twi_pins_set
                0x0001d888       0x28 Output/nrf52832_xxaa_s132 Debug/Obj/nrf_drv_twi.o
 .text.nrf_twi_frequency_set
                0x0001d8b0       0x1c Output/nrf52832_xxaa_s132 Debug/Obj/nrf_drv_twi.o
 .text.nrf_twi_errorsrc_get_and_clear
                0x0001d8cc       0x28 Output/nrf52832_xxaa_s132 Debug/Obj/nrf_drv_twi.o
 .text.nrf_twi_address_set
                0x0001d8f4       0x20 Output/nrf52832_xxaa_s132 Debug/Obj/nrf_drv_twi.o
 .text.nrf_twi_rxd_get
                0x0001d914       0x1c Output/nrf52832_xxaa_s132 Debug/Obj/nrf_drv_twi.o
 .text.nrf_twi_txd_set
                0x0001d930       0x20 Output/nrf52832_xxaa_s132 Debug/Obj/nrf_drv_twi.o
 .text.nrf_twi_shorts_set
                0x0001d950       0x1c Output/nrf52832_xxaa_s132 Debug/Obj/nrf_drv_twi.o
 .text.nrf_drv_get_IRQn
                0x0001d96c       0x20 Output/nrf52832_xxaa_s132 Debug/Obj/nrf_drv_twi.o
 .text.nrf_gpio_pin_set
                0x0001d98c       0x24 Output/nrf52832_xxaa_s132 Debug/Obj/nrf_drv_twi.o
 .text.nrf_gpio_pin_clear
                0x0001d9b0       0x24 Output/nrf52832_xxaa_s132 Debug/Obj/nrf_drv_twi.o
 .text.nrf_gpio_pin_read
                0x0001d9d4       0x28 Output/nrf52832_xxaa_s132 Debug/Obj/nrf_drv_twi.o
 .text.twi_clear_bus
                0x0001d9fc      0x2cc Output/nrf52832_xxaa_s132 Debug/Obj/nrf_drv_twi.o
 .text.nrf_drv_twi_init
                0x0001dcc8       0xf4 Output/nrf52832_xxaa_s132 Debug/Obj/nrf_drv_twi.o
                0x0001dcc8                nrf_drv_twi_init
 .text.nrf_drv_twi_enable
                0x0001ddbc       0x3c Output/nrf52832_xxaa_s132 Debug/Obj/nrf_drv_twi.o
                0x0001ddbc                nrf_drv_twi_enable
 .text.twi_send_byte
                0x0001ddf8       0x60 Output/nrf52832_xxaa_s132 Debug/Obj/nrf_drv_twi.o
 .text.twi_receive_byte
                0x0001de58       0x6c Output/nrf52832_xxaa_s132 Debug/Obj/nrf_drv_twi.o
 .text.twi_transfer
                0x0001dec4      0x168 Output/nrf52832_xxaa_s132 Debug/Obj/nrf_drv_twi.o
 .text.twi_tx_start_transfer
                0x0001e02c       0xd8 Output/nrf52832_xxaa_s132 Debug/Obj/nrf_drv_twi.o
 .text.twi_rx_start_transfer
                0x0001e104       0xcc Output/nrf52832_xxaa_s132 Debug/Obj/nrf_drv_twi.o
 .text.twi_xfer
                0x0001e1d0      0x10c Output/nrf52832_xxaa_s132 Debug/Obj/nrf_drv_twi.o
 .text.nrf_drv_twi_xfer
                0x0001e2dc       0x54 Output/nrf52832_xxaa_s132 Debug/Obj/nrf_drv_twi.o
                0x0001e2dc                nrf_drv_twi_xfer
 .text.nrf_drv_twi_tx
                0x0001e330       0x5c Output/nrf52832_xxaa_s132 Debug/Obj/nrf_drv_twi.o
                0x0001e330                nrf_drv_twi_tx
 .text.nrf_drv_twi_rx
                0x0001e38c       0x54 Output/nrf52832_xxaa_s132 Debug/Obj/nrf_drv_twi.o
                0x0001e38c                nrf_drv_twi_rx
 .text.irq_handler_twi
                0x0001e3e0      0x140 Output/nrf52832_xxaa_s132 Debug/Obj/nrf_drv_twi.o
 .text.SPIM0_SPIS0_TWIM0_TWIS0_SPI0_TWI0_IRQHandler
                0x0001e520       0x18 Output/nrf52832_xxaa_s132 Debug/Obj/nrf_drv_twi.o
                0x0001e520                SPIM0_SPIS0_TWIM0_TWIS0_SPI0_TWI0_IRQHandler
 .text.SPIM1_SPIS1_TWIM1_TWIS1_SPI1_TWI1_IRQHandler
                0x0001e538       0x14 Output/nrf52832_xxaa_s132 Debug/Obj/nrf_drv_twi.o
                0x0001e538                SPIM1_SPIS1_TWIM1_TWIS1_SPI1_TWI1_IRQHandler
 .text.sd_ble_gatts_service_add
                0x0001e54c        0x8 Output/nrf52832_xxaa_s132 Debug/Obj/ble_lbs.o
 .text.sd_ble_gatts_characteristic_add
                0x0001e554        0x8 Output/nrf52832_xxaa_s132 Debug/Obj/ble_lbs.o
 .text.sd_ble_gatts_hvx
                0x0001e55c        0x8 Output/nrf52832_xxaa_s132 Debug/Obj/ble_lbs.o
 .text.sd_ble_uuid_vs_add
                0x0001e564        0x8 Output/nrf52832_xxaa_s132 Debug/Obj/ble_lbs.o
 .text.on_connect
                0x0001e56c       0x1c Output/nrf52832_xxaa_s132 Debug/Obj/ble_lbs.o
 .text.on_disconnect
                0x0001e588       0x1c Output/nrf52832_xxaa_s132 Debug/Obj/ble_lbs.o
 .text.on_write
                0x0001e5a4       0x40 Output/nrf52832_xxaa_s132 Debug/Obj/ble_lbs.o
 .text.ble_lbs_on_ble_evt
                0x0001e5e4       0x40 Output/nrf52832_xxaa_s132 Debug/Obj/ble_lbs.o
                0x0001e5e4                ble_lbs_on_ble_evt
 .text.led_char_add
                0x0001e624       0xf0 Output/nrf52832_xxaa_s132 Debug/Obj/ble_lbs.o
 .text.button_char_add
                0x0001e714      0x144 Output/nrf52832_xxaa_s132 Debug/Obj/ble_lbs.o
 .text.ble_lbs_init
                0x0001e858       0xa4 Output/nrf52832_xxaa_s132 Debug/Obj/ble_lbs.o
                0x0001e858                ble_lbs_init
 .text.ble_lbs_on_button_change
                0x0001e8fc       0x58 Output/nrf52832_xxaa_s132 Debug/Obj/ble_lbs.o
                0x0001e8fc                ble_lbs_on_button_change
 .text.bsp_led_indication
                0x0001e954      0x698 Output/nrf52832_xxaa_s132 Debug/Obj/bsp.o
 .text.bsp_indication_set
                0x0001efec       0x34 Output/nrf52832_xxaa_s132 Debug/Obj/bsp.o
                0x0001efec                bsp_indication_set
 .text.sd_ble_gap_address_get
                0x0001f020        0x8 Output/nrf52832_xxaa_s132 Debug/Obj/ble_advdata.o
 .text.sd_ble_gap_adv_data_set
                0x0001f028        0x8 Output/nrf52832_xxaa_s132 Debug/Obj/ble_advdata.o
 .text.sd_ble_gap_appearance_get
                0x0001f030        0x8 Output/nrf52832_xxaa_s132 Debug/Obj/ble_advdata.o
 .text.sd_ble_gap_device_name_get
                0x0001f038        0x8 Output/nrf52832_xxaa_s132 Debug/Obj/ble_advdata.o
 .text.sd_ble_uuid_encode
                0x0001f040        0x8 Output/nrf52832_xxaa_s132 Debug/Obj/ble_advdata.o
 .text.uint16_encode
                0x0001f048       0x30 Output/nrf52832_xxaa_s132 Debug/Obj/ble_advdata.o
 .text.tk_value_encode
                0x0001f078       0x9c Output/nrf52832_xxaa_s132 Debug/Obj/ble_advdata.o
 .text.le_role_encode
                0x0001f114       0xd8 Output/nrf52832_xxaa_s132 Debug/Obj/ble_advdata.o
 .text.ble_device_addr_encode
                0x0001f1ec       0xcc Output/nrf52832_xxaa_s132 Debug/Obj/ble_advdata.o
 .text.name_encode
                0x0001f2b8      0x11c Output/nrf52832_xxaa_s132 Debug/Obj/ble_advdata.o
 .text.appearance_encode
                0x0001f3d4       0x98 Output/nrf52832_xxaa_s132 Debug/Obj/ble_advdata.o
 .text.flags_encode
                0x0001f46c       0x80 Output/nrf52832_xxaa_s132 Debug/Obj/ble_advdata.o
 .text.sec_mgr_oob_flags_encode
                0x0001f4ec       0x80 Output/nrf52832_xxaa_s132 Debug/Obj/ble_advdata.o
 .text.tx_power_level_encode
                0x0001f56c       0x80 Output/nrf52832_xxaa_s132 Debug/Obj/ble_advdata.o
 .text.uuid_list_sized_encode
                0x0001f5ec      0x140 Output/nrf52832_xxaa_s132 Debug/Obj/ble_advdata.o
 .text.uuid_list_encode
                0x0001f72c       0x60 Output/nrf52832_xxaa_s132 Debug/Obj/ble_advdata.o
 .text.conn_int_check
                0x0001f78c       0x84 Output/nrf52832_xxaa_s132 Debug/Obj/ble_advdata.o
 .text.conn_int_encode
                0x0001f810       0xc0 Output/nrf52832_xxaa_s132 Debug/Obj/ble_advdata.o
 .text.manuf_specific_data_encode
                0x0001f8d0       0xe4 Output/nrf52832_xxaa_s132 Debug/Obj/ble_advdata.o
 .text.service_data_encode
                0x0001f9b4      0x104 Output/nrf52832_xxaa_s132 Debug/Obj/ble_advdata.o
 .text.adv_data_encode
                0x0001fab8      0x240 Output/nrf52832_xxaa_s132 Debug/Obj/ble_advdata.o
                0x0001fab8                adv_data_encode
 .text.advdata_check
                0x0001fcf8       0x28 Output/nrf52832_xxaa_s132 Debug/Obj/ble_advdata.o
 .text.srdata_check
                0x0001fd20       0x24 Output/nrf52832_xxaa_s132 Debug/Obj/ble_advdata.o
 .text.ble_advdata_set
                0x0001fd44       0xc8 Output/nrf52832_xxaa_s132 Debug/Obj/ble_advdata.o
                0x0001fd44                ble_advdata_set
 .text.sd_ble_gap_conn_param_update
                0x0001fe0c        0x8 Output/nrf52832_xxaa_s132 Debug/Obj/ble_conn_params.o
 .text.sd_ble_gap_disconnect
                0x0001fe14        0x8 Output/nrf52832_xxaa_s132 Debug/Obj/ble_conn_params.o
 .text.sd_ble_gap_ppcp_set
                0x0001fe1c        0x8 Output/nrf52832_xxaa_s132 Debug/Obj/ble_conn_params.o
 .text.sd_ble_gap_ppcp_get
                0x0001fe24        0x8 Output/nrf52832_xxaa_s132 Debug/Obj/ble_conn_params.o
 .text.uint16_decode
                0x0001fe2c       0x2c Output/nrf52832_xxaa_s132 Debug/Obj/ble_conn_params.o
 .text.ble_srv_is_notification_enabled
                0x0001fe58       0x2c Output/nrf52832_xxaa_s132 Debug/Obj/ble_conn_params.o
 .text.is_conn_params_ok
                0x0001fe84       0x38 Output/nrf52832_xxaa_s132 Debug/Obj/ble_conn_params.o
 .text.update_timeout_handler
                0x0001febc       0xb4 Output/nrf52832_xxaa_s132 Debug/Obj/ble_conn_params.o
 .text.ble_conn_params_init
                0x0001ff70       0x98 Output/nrf52832_xxaa_s132 Debug/Obj/ble_conn_params.o
                0x0001ff70                ble_conn_params_init
 .text.conn_params_negotiation
                0x00020008       0xac Output/nrf52832_xxaa_s132 Debug/Obj/ble_conn_params.o
 .text.on_connect
                0x000200b4       0x48 Output/nrf52832_xxaa_s132 Debug/Obj/ble_conn_params.o
 .text.on_disconnect
                0x000200fc       0x4c Output/nrf52832_xxaa_s132 Debug/Obj/ble_conn_params.o
 .text.on_write
                0x00020148       0x68 Output/nrf52832_xxaa_s132 Debug/Obj/ble_conn_params.o
 .text.on_conn_params_update
                0x000201b0       0x24 Output/nrf52832_xxaa_s132 Debug/Obj/ble_conn_params.o
 .text.ble_conn_params_on_ble_evt
                0x000201d4       0x4c Output/nrf52832_xxaa_s132 Debug/Obj/ble_conn_params.o
                0x000201d4                ble_conn_params_on_ble_evt
 .text.nrf_delay_ms
                0x00020220       0xa4 Output/nrf52832_xxaa_s132 Debug/Obj/nrf_delay.o
                0x00020220                nrf_delay_ms
 .text.NVIC_EnableIRQ
                0x000202c4       0x30 Output/nrf52832_xxaa_s132 Debug/Obj/nrf_drv_common.o
 .text.NVIC_ClearPendingIRQ
                0x000202f4       0x34 Output/nrf52832_xxaa_s132 Debug/Obj/nrf_drv_common.o
 .text.NVIC_SetPriority
                0x00020328       0x54 Output/nrf52832_xxaa_s132 Debug/Obj/nrf_drv_common.o
 .text.nrf_drv_common_irq_enable
                0x0002037c       0x38 Output/nrf52832_xxaa_s132 Debug/Obj/nrf_drv_common.o
                0x0002037c                nrf_drv_common_irq_enable
 .text.nrf_gpiote_event_is_set
                0x000203b4       0x28 Output/nrf52832_xxaa_s132 Debug/Obj/nrf_drv_gpiote.o
 .text.nrf_gpiote_event_clear
                0x000203dc       0x30 Output/nrf52832_xxaa_s132 Debug/Obj/nrf_drv_gpiote.o
 .text.nrf_gpiote_event_addr_get
                0x0002040c       0x20 Output/nrf52832_xxaa_s132 Debug/Obj/nrf_drv_gpiote.o
 .text.nrf_gpiote_int_enable
                0x0002042c       0x20 Output/nrf52832_xxaa_s132 Debug/Obj/nrf_drv_gpiote.o
 .text.nrf_gpiote_int_disable
                0x0002044c       0x20 Output/nrf52832_xxaa_s132 Debug/Obj/nrf_drv_gpiote.o
 .text.nrf_gpiote_int_is_enabled
                0x0002046c       0x24 Output/nrf52832_xxaa_s132 Debug/Obj/nrf_drv_gpiote.o
 .text.nrf_gpiote_event_enable
                0x00020490       0x34 Output/nrf52832_xxaa_s132 Debug/Obj/nrf_drv_gpiote.o
 .text.nrf_gpiote_event_disable
                0x000204c4       0x34 Output/nrf52832_xxaa_s132 Debug/Obj/nrf_drv_gpiote.o
 .text.nrf_gpiote_event_configure
                0x000204f8       0x68 Output/nrf52832_xxaa_s132 Debug/Obj/nrf_drv_gpiote.o
 .text.nrf_gpiote_event_pin_get
                0x00020560       0x2c Output/nrf52832_xxaa_s132 Debug/Obj/nrf_drv_gpiote.o
 .text.nrf_gpiote_event_polarity_get
                0x0002058c       0x2c Output/nrf52832_xxaa_s132 Debug/Obj/nrf_drv_gpiote.o
 .text.nrf_gpio_cfg
                0x000205b8       0x4c Output/nrf52832_xxaa_s132 Debug/Obj/nrf_drv_gpiote.o
 .text.nrf_gpio_cfg_input
                0x00020604       0x28 Output/nrf52832_xxaa_s132 Debug/Obj/nrf_drv_gpiote.o
 .text.nrf_gpio_cfg_watcher
                0x0002062c       0x38 Output/nrf52832_xxaa_s132 Debug/Obj/nrf_drv_gpiote.o
 .text.nrf_gpio_cfg_sense_set
                0x00020664       0x58 Output/nrf52832_xxaa_s132 Debug/Obj/nrf_drv_gpiote.o
 .text.nrf_gpio_pins_read
                0x000206bc       0x18 Output/nrf52832_xxaa_s132 Debug/Obj/nrf_drv_gpiote.o
 .text.nrf_gpio_pin_sense_get
                0x000206d4       0x2c Output/nrf52832_xxaa_s132 Debug/Obj/nrf_drv_gpiote.o
 .text.pin_in_use_by_te
                0x00020700       0x44 Output/nrf52832_xxaa_s132 Debug/Obj/nrf_drv_gpiote.o
 .text.pin_in_use_by_port
                0x00020744       0x30 Output/nrf52832_xxaa_s132 Debug/Obj/nrf_drv_gpiote.o
 .text.pin_in_use_by_gpiote
                0x00020774       0x2c Output/nrf52832_xxaa_s132 Debug/Obj/nrf_drv_gpiote.o
 .text.pin_in_use_by_te_set
                0x000207a0       0x54 Output/nrf52832_xxaa_s132 Debug/Obj/nrf_drv_gpiote.o
 .text.pin_in_use_clear
                0x000207f4       0x24 Output/nrf52832_xxaa_s132 Debug/Obj/nrf_drv_gpiote.o
 .text.channel_port_get
                0x00020818       0x24 Output/nrf52832_xxaa_s132 Debug/Obj/nrf_drv_gpiote.o
 .text.channel_handler_get
                0x0002083c       0x20 Output/nrf52832_xxaa_s132 Debug/Obj/nrf_drv_gpiote.o
 .text.channel_port_alloc
                0x0002085c       0x74 Output/nrf52832_xxaa_s132 Debug/Obj/nrf_drv_gpiote.o
 .text.channel_free
                0x000208d0       0x38 Output/nrf52832_xxaa_s132 Debug/Obj/nrf_drv_gpiote.o
 .text.nrf_drv_gpiote_init
                0x00020908       0x70 Output/nrf52832_xxaa_s132 Debug/Obj/nrf_drv_gpiote.o
                0x00020908                nrf_drv_gpiote_init
 .text.nrf_drv_gpiote_is_init
                0x00020978       0x24 Output/nrf52832_xxaa_s132 Debug/Obj/nrf_drv_gpiote.o
                0x00020978                nrf_drv_gpiote_is_init
 .text.nrf_drv_gpiote_in_init
                0x0002099c       0xb4 Output/nrf52832_xxaa_s132 Debug/Obj/nrf_drv_gpiote.o
                0x0002099c                nrf_drv_gpiote_in_init
 .text.nrf_drv_gpiote_in_event_enable
                0x00020a50       0xd8 Output/nrf52832_xxaa_s132 Debug/Obj/nrf_drv_gpiote.o
                0x00020a50                nrf_drv_gpiote_in_event_enable
 .text.nrf_drv_gpiote_in_event_disable
                0x00020b28       0x50 Output/nrf52832_xxaa_s132 Debug/Obj/nrf_drv_gpiote.o
                0x00020b28                nrf_drv_gpiote_in_event_disable
 .text.GPIOTE_IRQHandler
                0x00020b78      0x218 Output/nrf52832_xxaa_s132 Debug/Obj/nrf_drv_gpiote.o
                0x00020b78                GPIOTE_IRQHandler
 .text.nrf_uart_event_clear
                0x00020d90       0x20 Output/nrf52832_xxaa_s132 Debug/Obj/nrf_drv_uart.o
 .text.nrf_uart_event_check
                0x00020db0       0x2c Output/nrf52832_xxaa_s132 Debug/Obj/nrf_drv_uart.o
 .text.nrf_uart_int_enable_check
                0x00020ddc       0x2c Output/nrf52832_xxaa_s132 Debug/Obj/nrf_drv_uart.o
 .text.nrf_uart_int_disable
                0x00020e08       0x1c Output/nrf52832_xxaa_s132 Debug/Obj/nrf_drv_uart.o
 .text.nrf_uart_errorsrc_get_and_clear
                0x00020e24       0x28 Output/nrf52832_xxaa_s132 Debug/Obj/nrf_drv_uart.o
 .text.nrf_uart_rxd_get
                0x00020e4c       0x1c Output/nrf52832_xxaa_s132 Debug/Obj/nrf_drv_uart.o
 .text.nrf_uart_txd_set
                0x00020e68       0x20 Output/nrf52832_xxaa_s132 Debug/Obj/nrf_drv_uart.o
 .text.nrf_uart_task_trigger
                0x00020e88       0x20 Output/nrf52832_xxaa_s132 Debug/Obj/nrf_drv_uart.o
 .text.nrf_uarte_event_clear
                0x00020ea8       0x20 Output/nrf52832_xxaa_s132 Debug/Obj/nrf_drv_uart.o
 .text.nrf_uarte_event_check
                0x00020ec8       0x2c Output/nrf52832_xxaa_s132 Debug/Obj/nrf_drv_uart.o
 .text.nrf_uarte_shorts_disable
                0x00020ef4       0x28 Output/nrf52832_xxaa_s132 Debug/Obj/nrf_drv_uart.o
 .text.nrf_uarte_errorsrc_get_and_clear
                0x00020f1c       0x28 Output/nrf52832_xxaa_s132 Debug/Obj/nrf_drv_uart.o
 .text.nrf_uarte_tx_amount_get
                0x00020f44       0x1c Output/nrf52832_xxaa_s132 Debug/Obj/nrf_drv_uart.o
 .text.nrf_uarte_rx_amount_get
                0x00020f60       0x1c Output/nrf52832_xxaa_s132 Debug/Obj/nrf_drv_uart.o
 .text.tx_byte  0x00020f7c       0x48 Output/nrf52832_xxaa_s132 Debug/Obj/nrf_drv_uart.o
 .text.rx_byte  0x00020fc4       0x58 Output/nrf52832_xxaa_s132 Debug/Obj/nrf_drv_uart.o
 .text.rx_done_event
                0x0002101c       0x34 Output/nrf52832_xxaa_s132 Debug/Obj/nrf_drv_uart.o
 .text.tx_done_event
                0x00021050       0x3c Output/nrf52832_xxaa_s132 Debug/Obj/nrf_drv_uart.o
 .text.uart_irq_handler
                0x0002108c      0x1c8 Output/nrf52832_xxaa_s132 Debug/Obj/nrf_drv_uart.o
 .text.uarte_irq_handler
                0x00021254      0x158 Output/nrf52832_xxaa_s132 Debug/Obj/nrf_drv_uart.o
 .text.UARTE0_UART0_IRQHandler
                0x000213ac       0x1c Output/nrf52832_xxaa_s132 Debug/Obj/nrf_drv_uart.o
                0x000213ac                UARTE0_UART0_IRQHandler
 .text.app_button_enable
                0x000213c8       0x44 Output/nrf52832_xxaa_s132 Debug/Obj/app_button.o
                0x000213c8                app_button_enable
 .text.app_button_disable
                0x0002140c       0x50 Output/nrf52832_xxaa_s132 Debug/Obj/app_button.o
                0x0002140c                app_button_disable
 .text.app_error_handler
                0x0002145c       0x30 Output/nrf52832_xxaa_s132 Debug/Obj/app_error.o
                0x0002145c                app_error_handler
 .text.app_error_save_and_stop
                0x0002148c       0x98 Output/nrf52832_xxaa_s132 Debug/Obj/app_error.o
                0x0002148c                app_error_save_and_stop
 .text.app_error_fault_handler
                0x00021524       0x24 Output/nrf52832_xxaa_s132 Debug/Obj/app_error_weak.o
                0x00021524                app_error_fault_handler
 .text.NVIC_EnableIRQ
                0x00021548       0x30 Output/nrf52832_xxaa_s132 Debug/Obj/app_timer.o
 .text.NVIC_DisableIRQ
                0x00021578       0x34 Output/nrf52832_xxaa_s132 Debug/Obj/app_timer.o
 .text.NVIC_SetPendingIRQ
                0x000215ac       0x34 Output/nrf52832_xxaa_s132 Debug/Obj/app_timer.o
 .text.NVIC_ClearPendingIRQ
                0x000215e0       0x34 Output/nrf52832_xxaa_s132 Debug/Obj/app_timer.o
 .text.NVIC_SetPriority
                0x00021614       0x54 Output/nrf52832_xxaa_s132 Debug/Obj/app_timer.o
 .text.NVIC_GetPriority
                0x00021668       0x50 Output/nrf52832_xxaa_s132 Debug/Obj/app_timer.o
 .text.is_word_aligned
                0x000216b8       0x24 Output/nrf52832_xxaa_s132 Debug/Obj/app_timer.o
 .text.current_int_priority_get
                0x000216dc       0x3c Output/nrf52832_xxaa_s132 Debug/Obj/app_timer.o
 .text.rtc1_init
                0x00021718       0x24 Output/nrf52832_xxaa_s132 Debug/Obj/app_timer.o
 .text.rtc1_start
                0x0002173c       0xc0 Output/nrf52832_xxaa_s132 Debug/Obj/app_timer.o
 .text.rtc1_stop
                0x000217fc      0x14c Output/nrf52832_xxaa_s132 Debug/Obj/app_timer.o
 .text.rtc1_counter_get
                0x00021948       0x18 Output/nrf52832_xxaa_s132 Debug/Obj/app_timer.o
 .text.ticks_diff_get
                0x00021960       0x20 Output/nrf52832_xxaa_s132 Debug/Obj/app_timer.o
 .text.rtc1_compare0_set
                0x00021980       0x20 Output/nrf52832_xxaa_s132 Debug/Obj/app_timer.o
 .text.timer_list_insert
                0x000219a0       0xb4 Output/nrf52832_xxaa_s132 Debug/Obj/app_timer.o
 .text.timer_list_remove
                0x00021a54       0xa4 Output/nrf52832_xxaa_s132 Debug/Obj/app_timer.o
 .text.timer_timeouts_check_sched
                0x00021af8        0xc Output/nrf52832_xxaa_s132 Debug/Obj/app_timer.o
 .text.timer_list_handler_sched
                0x00021b04        0xc Output/nrf52832_xxaa_s132 Debug/Obj/app_timer.o
 .text.timeout_handler_exec
                0x00021b10       0x58 Output/nrf52832_xxaa_s132 Debug/Obj/app_timer.o
 .text.timer_timeouts_check
                0x00021b68       0xc4 Output/nrf52832_xxaa_s132 Debug/Obj/app_timer.o
 .text.elapsed_ticks_acquire
                0x00021c2c       0x80 Output/nrf52832_xxaa_s132 Debug/Obj/app_timer.o
 .text.list_deletions_handler
                0x00021cac       0xc0 Output/nrf52832_xxaa_s132 Debug/Obj/app_timer.o
 .text.expired_timers_handler
                0x00021d6c       0x9c Output/nrf52832_xxaa_s132 Debug/Obj/app_timer.o
 .text.list_insertions_handler
                0x00021e08      0x184 Output/nrf52832_xxaa_s132 Debug/Obj/app_timer.o
 .text.compare_reg_update
                0x00021f8c      0x130 Output/nrf52832_xxaa_s132 Debug/Obj/app_timer.o
 .text.timer_list_handler
                0x000220bc       0x78 Output/nrf52832_xxaa_s132 Debug/Obj/app_timer.o
 .text.user_op_enque
                0x00022134       0x1c Output/nrf52832_xxaa_s132 Debug/Obj/app_timer.o
 .text.user_op_alloc
                0x00022150       0x58 Output/nrf52832_xxaa_s132 Debug/Obj/app_timer.o
 .text.timer_start_op_schedule
                0x000221a8       0x80 Output/nrf52832_xxaa_s132 Debug/Obj/app_timer.o
 .text.timer_stop_op_schedule
                0x00022228       0x60 Output/nrf52832_xxaa_s132 Debug/Obj/app_timer.o
 .text.RTC1_IRQHandler
                0x00022288       0x40 Output/nrf52832_xxaa_s132 Debug/Obj/app_timer.o
                0x00022288                RTC1_IRQHandler
 .text.SWI0_EGU0_IRQHandler
                0x000222c8        0xc Output/nrf52832_xxaa_s132 Debug/Obj/app_timer.o
                0x000222c8                SWI0_EGU0_IRQHandler
 .text.app_timer_init
                0x000222d4       0xf8 Output/nrf52832_xxaa_s132 Debug/Obj/app_timer.o
                0x000222d4                app_timer_init
 .text.app_timer_create
                0x000223cc       0x68 Output/nrf52832_xxaa_s132 Debug/Obj/app_timer.o
                0x000223cc                app_timer_create
 .text.user_id_get
                0x00022434       0x34 Output/nrf52832_xxaa_s132 Debug/Obj/app_timer.o
 .text.app_timer_start
                0x00022468       0x70 Output/nrf52832_xxaa_s132 Debug/Obj/app_timer.o
                0x00022468                app_timer_start
 .text.app_timer_stop
                0x000224d8       0x4c Output/nrf52832_xxaa_s132 Debug/Obj/app_timer.o
                0x000224d8                app_timer_stop
 .text.NVIC_EnableIRQ
                0x00022524       0x30 Output/nrf52832_xxaa_s132 Debug/Obj/softdevice_handler.o
 .text.NVIC_GetPriority
                0x00022554       0x50 Output/nrf52832_xxaa_s132 Debug/Obj/softdevice_handler.o
 .text.sd_evt_get
                0x000225a4        0x8 Output/nrf52832_xxaa_s132 Debug/Obj/softdevice_handler.o
 .text.sd_softdevice_enable
                0x000225ac        0x8 Output/nrf52832_xxaa_s132 Debug/Obj/softdevice_handler.o
 .text.is_word_aligned
                0x000225b4       0x24 Output/nrf52832_xxaa_s132 Debug/Obj/softdevice_handler.o
 .text.sd_ble_enable
                0x000225d8        0x8 Output/nrf52832_xxaa_s132 Debug/Obj/softdevice_handler.o
 .text.sd_ble_evt_get
                0x000225e0        0x8 Output/nrf52832_xxaa_s132 Debug/Obj/softdevice_handler.o
 .text.__sd_nvic_app_accessible_irq
                0x000225e8       0x60 Output/nrf52832_xxaa_s132 Debug/Obj/softdevice_handler.o
 .text.__sd_nvic_is_app_accessible_priority
                0x00022648       0x3c Output/nrf52832_xxaa_s132 Debug/Obj/softdevice_handler.o
 .text.sd_nvic_EnableIRQ
                0x00022684       0x88 Output/nrf52832_xxaa_s132 Debug/Obj/softdevice_handler.o
 .text.softdevice_fault_handler
                0x0002270c       0x1c Output/nrf52832_xxaa_s132 Debug/Obj/softdevice_handler.o
                0x0002270c                softdevice_fault_handler
 .text.intern_softdevice_events_execute
                0x00022728       0xec Output/nrf52832_xxaa_s132 Debug/Obj/softdevice_handler.o
                0x00022728                intern_softdevice_events_execute
 .text.softdevice_handler_init
                0x00022814       0x80 Output/nrf52832_xxaa_s132 Debug/Obj/softdevice_handler.o
                0x00022814                softdevice_handler_init
 .text.softdevice_ble_evt_handler_set
                0x00022894       0x2c Output/nrf52832_xxaa_s132 Debug/Obj/softdevice_handler.o
                0x00022894                softdevice_ble_evt_handler_set
 .text.SWI2_EGU2_IRQHandler
                0x000228c0       0x44 Output/nrf52832_xxaa_s132 Debug/Obj/softdevice_handler.o
                0x000228c0                SWI2_EGU2_IRQHandler
 .text.softdevice_enable_get_default_config
                0x00022904       0x54 Output/nrf52832_xxaa_s132 Debug/Obj/softdevice_handler.o
                0x00022904                softdevice_enable_get_default_config
 .text.sd_check_ram_start
                0x00022958       0x2c Output/nrf52832_xxaa_s132 Debug/Obj/softdevice_handler.o
                0x00022958                sd_check_ram_start
 .text.softdevice_enable
                0x00022984       0x2c Output/nrf52832_xxaa_s132 Debug/Obj/softdevice_handler.o
                0x00022984                softdevice_enable
 .text.libc.memcpy
                0x000229b0       0x3c C:/Program Files (x86)/SEGGER/SEGGER Embedded Studio 2.16a/lib/libc_v7em_fpv4_sp_d16_hard_t_le_eabi.a(libc2_asm.o)
                0x000229b0                __aeabi_memcpy
                0x000229b0                __aeabi_memcpy4
                0x000229b0                __aeabi_memcpy8
                0x000229b0                memcpy
 .text.libc.memset
                0x000229ec       0x60 C:/Program Files (x86)/SEGGER/SEGGER Embedded Studio 2.16a/lib/libc_v7em_fpv4_sp_d16_hard_t_le_eabi.a(libc2_asm.o)
                0x000229ec                memset
 .text.libc.strlen
                0x00022a4c       0x60 C:/Program Files (x86)/SEGGER/SEGGER Embedded Studio 2.16a/lib/libc_v7em_fpv4_sp_d16_hard_t_le_eabi.a(libc2_asm.o)
                0x00022a4c                strlen
                0x00022aac                __text_end__ = (__text_start__ + SIZEOF (.text))
                0x00006390                __text_size__ = SIZEOF (.text)
                0x00022aac                __text_load_end__ = __text_end__

.vfp11_veneer   0x00000000        0x0
 .vfp11_veneer  0x00000000        0x0 linker stubs

.v4_bx          0x00000000        0x0
 .v4_bx         0x00000000        0x0 linker stubs

.iplt           0x00000000        0x0
 .iplt          0x00000000        0x0 Output/nrf52832_xxaa_s132 Debug/Obj/main.o
                0x00000001                . = ASSERT (((__text_start__ == __text_end__) || ((__text_end__ >= __FLASH_segment_start__) && (__text_end__ <= __FLASH_segment_end__))), error: .text is too large to fit in FLASH memory segment)
                0x00022aac                __dtors_load_start__ = ALIGN (__text_end__, 0x4)

.dtors          0x00022aac        0x0
                0x00022aac                __dtors_start__ = .
 *(SORT(.dtors.*))
 *(.dtors)
 *(.fini_array)
 *(SORT(.fini_array.*))
                0x00022aac                __dtors_end__ = (__dtors_start__ + SIZEOF (.dtors))
                0x00000000                __dtors_size__ = SIZEOF (.dtors)
                0x00022aac                __dtors_load_end__ = __dtors_end__
                0x00000001                . = ASSERT (((__dtors_start__ == __dtors_end__) || ((__dtors_end__ >= __FLASH_segment_start__) && (__dtors_end__ <= __FLASH_segment_end__))), error: .dtors is too large to fit in FLASH memory segment)
                0x00022aac                __ctors_load_start__ = ALIGN (__dtors_end__, 0x4)

.ctors          0x00022aac        0x0
                0x00022aac                __ctors_start__ = .
 *(SORT(.ctors.*))
 *(.ctors)
 *(.init_array)
 *(SORT(.init_array.*))
                0x00022aac                __ctors_end__ = (__ctors_start__ + SIZEOF (.ctors))
                0x00000000                __ctors_size__ = SIZEOF (.ctors)
                0x00022aac                __ctors_load_end__ = __ctors_end__
                0x00000001                . = ASSERT (((__ctors_start__ == __ctors_end__) || ((__ctors_end__ >= __FLASH_segment_start__) && (__ctors_end__ <= __FLASH_segment_end__))), error: .ctors is too large to fit in FLASH memory segment)
                0x00022aac                __rodata_load_start__ = ALIGN (__ctors_end__, 0x4)

.rodata         0x00022aac      0x29a
                0x00022aac                __rodata_start__ = .
 *(.rodata .rodata.* .gnu.linkonce.r.*)
 .rodata.advertising_timer
                0x00022aac        0x4 Output/nrf52832_xxaa_s132 Debug/Obj/main.o
 .rodata        0x00022ab0       0x74 Output/nrf52832_xxaa_s132 Debug/Obj/main.o
 .rodata        0x00022b24       0x70 Output/nrf52832_xxaa_s132 Debug/Obj/advertising.o
 .rodata.twi_rfid
                0x00022b94        0x8 Output/nrf52832_xxaa_s132 Debug/Obj/twi_rfid_driver.o
 .rodata        0x00022b9c       0x10 Output/nrf52832_xxaa_s132 Debug/Obj/twi_rfid_driver.o
 .rodata.twi_motor
                0x00022bac        0x8 Output/nrf52832_xxaa_s132 Debug/Obj/twi_motordriver.o
 .rodata        0x00022bb4       0x28 Output/nrf52832_xxaa_s132 Debug/Obj/twi_motordriver.o
 .rodata.m_default_config
                0x00022bdc       0x20 Output/nrf52832_xxaa_s132 Debug/Obj/nrf_drv_twi.o
 .rodata        0x00022bfc       0x10 Output/nrf52832_xxaa_s132 Debug/Obj/ble_lbs.o
 .rodata.m_conn_params_timer_id
                0x00022c0c        0x4 Output/nrf52832_xxaa_s132 Debug/Obj/ble_conn_params.o
 .rodata        0x00022c10       0x8c Output/nrf52832_xxaa_s132 Debug/Obj/app_timer.o
 .rodata        0x00022c9c       0xaa Output/nrf52832_xxaa_s132 Debug/Obj/softdevice_handler.o
                0x00022d46                __rodata_end__ = (__rodata_start__ + SIZEOF (.rodata))
                0x0000029a                __rodata_size__ = SIZEOF (.rodata)
                0x00022d46                __rodata_load_end__ = __rodata_end__

.rel.dyn        0x00000000        0x0
 .rel.iplt      0x00000000        0x0 Output/nrf52832_xxaa_s132 Debug/Obj/main.o
                0x00000001                . = ASSERT (((__rodata_start__ == __rodata_end__) || ((__rodata_end__ >= __FLASH_segment_start__) && (__rodata_end__ <= __FLASH_segment_end__))), error: .rodata is too large to fit in FLASH memory segment)
                0x00022d48                __ARM.exidx_load_start__ = ALIGN (__rodata_end__, 0x4)

.ARM.exidx      0x00022d48        0x0
                0x00022d48                __ARM.exidx_start__ = .
                0x00022d48                __exidx_start = __ARM.exidx_start__
 *(.ARM.exidx .ARM.exidx.*)
                0x00022d48                __ARM.exidx_end__ = (__ARM.exidx_start__ + SIZEOF (.ARM.exidx))
                0x00000000                __ARM.exidx_size__ = SIZEOF (.ARM.exidx)
                0x00022d48                __exidx_end = __ARM.exidx_end__
                0x00022d48                __ARM.exidx_load_end__ = __ARM.exidx_end__
                0x00000001                . = ASSERT (((__ARM.exidx_start__ == __ARM.exidx_end__) || ((__ARM.exidx_end__ >= __FLASH_segment_start__) && (__ARM.exidx_end__ <= __FLASH_segment_end__))), error: .ARM.exidx is too large to fit in FLASH memory segment)
                0x00022d48                __fast_load_start__ = ALIGN (__ARM.exidx_end__, 0x4)

.fast           0x20002a00        0x0 load address 0x00022d48
                0x20002a00                __fast_start__ = .
 *(.fast .fast.*)
                0x20002a00                __fast_end__ = (__fast_start__ + SIZEOF (.fast))
                0x00000000                __fast_size__ = SIZEOF (.fast)
                0x00022d48                __fast_load_end__ = (__fast_load_start__ + SIZEOF (.fast))
                0x00000001                . = ASSERT (((__fast_load_start__ == __fast_load_end__) || ((__fast_load_end__ >= __FLASH_segment_start__) && (__fast_load_end__ <= __FLASH_segment_end__))), error: .fast is too large to fit in FLASH memory segment)

.fast_run       0x20002a00        0x0
                0x20002a00                __fast_run_start__ = .
                0x20002a00                . = MAX ((__fast_run_start__ + SIZEOF (.fast)), .)
                0x20002a00                __fast_run_end__ = (__fast_run_start__ + SIZEOF (.fast_run))
                0x00000000                __fast_run_size__ = SIZEOF (.fast_run)
                0x20002a00                __fast_run_load_end__ = __fast_run_end__
                0x00000001                . = ASSERT (((__fast_run_start__ == __fast_run_end__) || ((__fast_run_end__ >= __RAM_segment_start__) && (__fast_run_end__ <= __RAM_segment_end__))), error: .fast_run is too large to fit in RAM memory segment)
                0x00022d48                __data_load_start__ = ALIGN ((__fast_load_start__ + SIZEOF (.fast)), 0x4)

.data           0x20002a00       0x5c load address 0x00022d48
                0x20002a00                __data_start__ = .
 *(.data .data.* .gnu.linkonce.d.*)
 .data.m_conn_handle
                0x20002a00        0x2 Output/nrf52832_xxaa_s132 Debug/Obj/main.o
 *fill*         0x20002a02        0x2 
 .data.eddystone_url_data
                0x20002a04       0x10 Output/nrf52832_xxaa_s132 Debug/Obj/advertising.o
 .data.rfid_init_array_1
                0x20002a14        0x9 Output/nrf52832_xxaa_s132 Debug/Obj/twi_rfid_driver.o
                0x20002a14                rfid_init_array_1
 *fill*         0x20002a1d        0x3 
 .data.rfid_init_array_2
                0x20002a20        0xc Output/nrf52832_xxaa_s132 Debug/Obj/twi_rfid_driver.o
                0x20002a20                rfid_init_array_2
 .data.rfid_init_array_3
                0x20002a2c        0xb Output/nrf52832_xxaa_s132 Debug/Obj/twi_rfid_driver.o
                0x20002a2c                rfid_init_array_3
 *fill*         0x20002a37        0x1 
 .data.motor    0x20002a38       0x18 Output/nrf52832_xxaa_s132 Debug/Obj/twi_motordriver.o
                0x20002a38                motor
 .data.bit_mask
                0x20002a50        0x8 Output/nrf52832_xxaa_s132 Debug/Obj/read_set_bit.o
                0x20002a50                bit_mask
 .data.SystemCoreClock
                0x20002a58        0x4 Output/nrf52832_xxaa_s132 Debug/Obj/system_nrf52.o
                0x20002a58                SystemCoreClock
                0x20002a5c                __data_end__ = (__data_start__ + SIZEOF (.data))
                0x0000005c                __data_size__ = SIZEOF (.data)
                0x00022da4                __data_load_end__ = (__data_load_start__ + SIZEOF (.data))

.igot.plt       0x00000000        0x0
 .igot.plt      0x00000000        0x0 Output/nrf52832_xxaa_s132 Debug/Obj/main.o
                0x00000001                . = ASSERT (((__data_load_start__ == __data_load_end__) || ((__data_load_end__ >= __FLASH_segment_start__) && (__data_load_end__ <= __FLASH_segment_end__))), error: .data is too large to fit in FLASH memory segment)

.data_run       0x20002a00       0x5c load address 0x00022d48
                0x20002a00                __data_run_start__ = .
                0x20002a5c                . = MAX ((__data_run_start__ + SIZEOF (.data)), .)
 *fill*         0x20002a00       0x5c 
                0x20002a5c                __data_run_end__ = (__data_run_start__ + SIZEOF (.data_run))
                0x0000005c                __data_run_size__ = SIZEOF (.data_run)
                0x20002a5c                __data_run_load_end__ = __data_run_end__
                0x00000001                . = ASSERT (((__data_run_start__ == __data_run_end__) || ((__data_run_end__ >= __RAM_segment_start__) && (__data_run_end__ <= __RAM_segment_end__))), error: .data_run is too large to fit in RAM memory segment)
                0x00022da4                __tdata_load_start__ = ALIGN ((__data_load_start__ + SIZEOF (.data)), 0x4)

.tdata          0x20002a5c        0x0 load address 0x00022da4
                0x20002a5c                __tdata_start__ = .
 *(.tdata .tdata.*)
                0x20002a5c                __tdata_end__ = (__tdata_start__ + SIZEOF (.tdata))
                0x00000000                __tdata_size__ = SIZEOF (.tdata)
                0x00022da4                __tdata_load_end__ = (__tdata_load_start__ + SIZEOF (.tdata))
                0x00022da4                __FLASH_segment_used_end__ = (ALIGN ((__data_load_start__ + SIZEOF (.data)), 0x4) + SIZEOF (.tdata))
                0x00022da4                __FLASH_segment_used_size__ = (__FLASH_segment_used_end__ - __FLASH_segment_start__)
                0x00000001                . = ASSERT (((__tdata_load_start__ == __tdata_load_end__) || ((__tdata_load_end__ >= __FLASH_segment_start__) && (__tdata_load_end__ <= __FLASH_segment_end__))), error: .tdata is too large to fit in FLASH memory segment)

.tdata_run      0x20002a5c        0x0
                0x20002a5c                __tdata_run_start__ = .
                0x20002a5c                . = MAX ((__tdata_run_start__ + SIZEOF (.tdata)), .)
                0x20002a5c                __tdata_run_end__ = (__tdata_run_start__ + SIZEOF (.tdata_run))
                0x00000000                __tdata_run_size__ = SIZEOF (.tdata_run)
                0x20002a5c                __tdata_run_load_end__ = __tdata_run_end__
                0x00000001                . = ASSERT (((__tdata_run_start__ == __tdata_run_end__) || ((__tdata_run_end__ >= __RAM_segment_start__) && (__tdata_run_end__ <= __RAM_segment_end__))), error: .tdata_run is too large to fit in RAM memory segment)
                0x20002a5c                __bss_load_start__ = ALIGN (__tdata_run_end__, 0x4)

.bss            0x20002a5c      0x40c
                0x20002a5c                __bss_start__ = .
 *(.bss .bss.* .gnu.linkonce.b.*)
 .bss.m_lbs     0x20002a5c       0x1c Output/nrf52832_xxaa_s132 Debug/Obj/main.o
 .bss.user_connected
                0x20002a78        0x1 Output/nrf52832_xxaa_s132 Debug/Obj/main.o
                0x20002a78                user_connected
 *fill*         0x20002a79        0x3 
 .bss.advertising_timer_data
                0x20002a7c       0x20 Output/nrf52832_xxaa_s132 Debug/Obj/main.o
 .bss.advertising_switch_counter
                0x20002a9c        0x1 Output/nrf52832_xxaa_s132 Debug/Obj/main.o
                0x20002a9c                advertising_switch_counter
 .bss.rfid_counter
                0x20002a9d        0x1 Output/nrf52832_xxaa_s132 Debug/Obj/main.o
                0x20002a9d                rfid_counter
 *fill*         0x20002a9e        0x2 
 .bss.APP_TIMER_BUF.9198
                0x20002aa0      0x180 Output/nrf52832_xxaa_s132 Debug/Obj/main.o
 .bss.BLE_EVT_BUFFER.9277
                0x20002c20       0x48 Output/nrf52832_xxaa_s132 Debug/Obj/main.o
 .bss.dummy_array
                0x20002c68        0x1 Output/nrf52832_xxaa_s132 Debug/Obj/twi_rfid_driver.o
                0x20002c68                dummy_array
 *fill*         0x20002c69        0x3 
 .bss.m_cb      0x20002c6c       0x50 Output/nrf52832_xxaa_s132 Debug/Obj/nrf_drv_twi.o
 .bss.m_stable_state
                0x20002cbc        0x1 Output/nrf52832_xxaa_s132 Debug/Obj/bsp.o
 *fill*         0x20002cbd        0x3 
 .bss.m_app_ticks_per_100ms
                0x20002cc0        0x4 Output/nrf52832_xxaa_s132 Debug/Obj/bsp.o
 .bss.m_indication_type
                0x20002cc4        0x4 Output/nrf52832_xxaa_s132 Debug/Obj/bsp.o
 .bss.m_alert_mask
                0x20002cc8        0x4 Output/nrf52832_xxaa_s132 Debug/Obj/bsp.o
 .bss.m_leds_timer_id_data
                0x20002ccc       0x20 Output/nrf52832_xxaa_s132 Debug/Obj/bsp.o
 .bss.m_alert_timer_id_data
                0x20002cec       0x20 Output/nrf52832_xxaa_s132 Debug/Obj/bsp.o
 .bss.m_conn_params_config
                0x20002d0c       0x1c Output/nrf52832_xxaa_s132 Debug/Obj/ble_conn_params.o
 .bss.m_preferred_conn_params
                0x20002d28        0x8 Output/nrf52832_xxaa_s132 Debug/Obj/ble_conn_params.o
 .bss.m_update_count
                0x20002d30        0x1 Output/nrf52832_xxaa_s132 Debug/Obj/ble_conn_params.o
 *fill*         0x20002d31        0x1 
 .bss.m_conn_handle
                0x20002d32        0x2 Output/nrf52832_xxaa_s132 Debug/Obj/ble_conn_params.o
 .bss.m_current_conn_params
                0x20002d34        0x8 Output/nrf52832_xxaa_s132 Debug/Obj/ble_conn_params.o
 .bss.m_conn_params_timer_id_data
                0x20002d3c       0x20 Output/nrf52832_xxaa_s132 Debug/Obj/ble_conn_params.o
 .bss.m_change_param
                0x20002d5c        0x1 Output/nrf52832_xxaa_s132 Debug/Obj/ble_conn_params.o
 *fill*         0x20002d5d        0x3 
 .bss.m_cb      0x20002d60       0x58 Output/nrf52832_xxaa_s132 Debug/Obj/nrf_drv_gpiote.o
 .bss.m_cb      0x20002db8       0x20 Output/nrf52832_xxaa_s132 Debug/Obj/nrf_drv_uart.o
 .bss.mp_buttons
                0x20002dd8        0x4 Output/nrf52832_xxaa_s132 Debug/Obj/app_button.o
 .bss.m_button_count
                0x20002ddc        0x1 Output/nrf52832_xxaa_s132 Debug/Obj/app_button.o
 *fill*         0x20002ddd        0x3 
 .bss.m_detection_delay_timer_id_data
                0x20002de0       0x20 Output/nrf52832_xxaa_s132 Debug/Obj/app_button.o
 .bss.m_error_data.6539
                0x20002e00       0x20 Output/nrf52832_xxaa_s132 Debug/Obj/app_error.o
 .bss.m_user_array_size
                0x20002e20        0x1 Output/nrf52832_xxaa_s132 Debug/Obj/app_timer.o
 *fill*         0x20002e21        0x3 
 .bss.mp_users  0x20002e24        0x4 Output/nrf52832_xxaa_s132 Debug/Obj/app_timer.o
 .bss.mp_timer_id_head
                0x20002e28        0x4 Output/nrf52832_xxaa_s132 Debug/Obj/app_timer.o
 .bss.m_ticks_latest
                0x20002e2c        0x4 Output/nrf52832_xxaa_s132 Debug/Obj/app_timer.o
 .bss.m_ticks_elapsed
                0x20002e30        0x8 Output/nrf52832_xxaa_s132 Debug/Obj/app_timer.o
 .bss.m_ticks_elapsed_q_read_ind
                0x20002e38        0x1 Output/nrf52832_xxaa_s132 Debug/Obj/app_timer.o
 .bss.m_ticks_elapsed_q_write_ind
                0x20002e39        0x1 Output/nrf52832_xxaa_s132 Debug/Obj/app_timer.o
 *fill*         0x20002e3a        0x2 
 .bss.m_evt_schedule_func
                0x20002e3c        0x4 Output/nrf52832_xxaa_s132 Debug/Obj/app_timer.o
 .bss.m_rtc1_running
                0x20002e40        0x1 Output/nrf52832_xxaa_s132 Debug/Obj/app_timer.o
 .bss.m_rtc1_reset
                0x20002e41        0x1 Output/nrf52832_xxaa_s132 Debug/Obj/app_timer.o
 *fill*         0x20002e42        0x2 
 .bss.nrf_nvic_state
                0x20002e44        0xc Output/nrf52832_xxaa_s132 Debug/Obj/softdevice_handler.o
                0x20002e44                nrf_nvic_state
 .bss.m_evt_schedule_func
                0x20002e50        0x4 Output/nrf52832_xxaa_s132 Debug/Obj/softdevice_handler.o
 .bss.m_softdevice_enabled
                0x20002e54        0x1 Output/nrf52832_xxaa_s132 Debug/Obj/softdevice_handler.o
 *fill*         0x20002e55        0x3 
 .bss.mp_ble_evt_buffer
                0x20002e58        0x4 Output/nrf52832_xxaa_s132 Debug/Obj/softdevice_handler.o
 .bss.m_ble_evt_buffer_size
                0x20002e5c        0x2 Output/nrf52832_xxaa_s132 Debug/Obj/softdevice_handler.o
 *fill*         0x20002e5e        0x2 
 .bss.m_ble_evt_handler
                0x20002e60        0x4 Output/nrf52832_xxaa_s132 Debug/Obj/softdevice_handler.o
 .bss.m_sys_evt_handler
                0x20002e64        0x4 Output/nrf52832_xxaa_s132 Debug/Obj/softdevice_handler.o
 *(COMMON)
                0x20002e68                __bss_end__ = (__bss_start__ + SIZEOF (.bss))
                0x0000040c                __bss_size__ = SIZEOF (.bss)
                0x20002e68                __bss_load_end__ = __bss_end__
                0x00000001                . = ASSERT (((__bss_start__ == __bss_end__) || ((__bss_end__ >= __RAM_segment_start__) && (__bss_end__ <= __RAM_segment_end__))), error: .bss is too large to fit in RAM memory segment)
                0x20002e68                __tbss_load_start__ = ALIGN (__bss_end__, 0x4)

.tbss           0x20002e68        0x0
                0x20002e68                __tbss_start__ = .
 *(.tbss .tbss.*)
                0x20002e68                __tbss_end__ = (__tbss_start__ + SIZEOF (.tbss))
                0x00000000                __tbss_size__ = SIZEOF (.tbss)
                0x20002e68                __tbss_load_end__ = __tbss_end__
                0x00000001                . = ASSERT (((__tbss_start__ == __tbss_end__) || ((__tbss_end__ >= __RAM_segment_start__) && (__tbss_end__ <= __RAM_segment_end__))), error: .tbss is too large to fit in RAM memory segment)
                0x20002e68                __non_init_load_start__ = ALIGN (__tbss_end__, 0x4)

.non_init       0x20002e68        0x0
                0x20002e68                __non_init_start__ = .
 *(.non_init .non_init.*)
                0x20002e68                __non_init_end__ = (__non_init_start__ + SIZEOF (.non_init))
                0x00000000                __non_init_size__ = SIZEOF (.non_init)
                0x20002e68                __non_init_load_end__ = __non_init_end__
                0x00000001                . = ASSERT (((__non_init_start__ == __non_init_end__) || ((__non_init_end__ >= __RAM_segment_start__) && (__non_init_end__ <= __RAM_segment_end__))), error: .non_init is too large to fit in RAM memory segment)
                0x20002e68                __heap_load_start__ = ALIGN (__non_init_end__, 0x4)

.heap           0x20002e68      0x100
                0x20002e68                __heap_start__ = .
 *(.heap .heap.*)
                0x20002f68                . = ALIGN (MAX ((__heap_start__ + __HEAPSIZE__), .), 0x4)
 *fill*         0x20002e68      0x100 
                0x20002f68                __heap_end__ = (__heap_start__ + SIZEOF (.heap))
                0x00000100                __heap_size__ = SIZEOF (.heap)
                0x20002f68                __heap_load_end__ = __heap_end__
                0x00000001                . = ASSERT (((__heap_start__ == __heap_end__) || ((__heap_end__ >= __RAM_segment_start__) && (__heap_end__ <= __RAM_segment_end__))), error: .heap is too large to fit in RAM memory segment)
                0x2000f800                __stack_load_start__ = (__RAM_segment_end__ - 0x800)

.stack          0x2000f800      0x800
                0x2000f800                __stack_start__ = .
 *(.stack .stack.*)
                0x20010000                . = ALIGN (MAX ((__stack_start__ + __STACKSIZE__), .), 0x8)
 *fill*         0x2000f800      0x800 
                0x20010000                __stack_end__ = (__stack_start__ + SIZEOF (.stack))
                0x00000800                __stack_size__ = SIZEOF (.stack)
                0x20010000                __stack_load_end__ = __stack_end__
                0x00000001                . = ASSERT (((__stack_start__ == __stack_end__) || ((__stack_end__ >= __RAM_segment_start__) && (__stack_end__ <= __RAM_segment_end__))), error: .stack is too large to fit in RAM memory segment)
                0x20010000                __stack_process_load_start__ = ALIGN (__stack_end__, 0x8)

.stack_process  0x20010000        0x0
                0x20010000                __stack_process_start__ = .
 *(.stack_process .stack_process.*)
                0x20010000                . = ALIGN (MAX ((__stack_process_start__ + __STACKSIZE_PROCESS__), .), 0x8)
                0x20010000                __stack_process_end__ = (__stack_process_start__ + SIZEOF (.stack_process))
                0x00000000                __stack_process_size__ = SIZEOF (.stack_process)
                0x20010000                __stack_process_load_end__ = __stack_process_end__
                0x20010000                __RAM_segment_used_end__ = (ALIGN (__stack_end__, 0x8) + SIZEOF (.stack_process))
                0x00010000                __RAM_segment_used_size__ = (__RAM_segment_used_end__ - __RAM_segment_start__)
                0x00000001                . = ASSERT (((__stack_process_start__ == __stack_process_end__) || ((__stack_process_end__ >= __RAM_segment_start__) && (__stack_process_end__ <= __RAM_segment_end__))), error: .stack_process is too large to fit in RAM memory segment)
START GROUP
LOAD Output/nrf52832_xxaa_s132 Debug/Obj/main.o
LOAD Output/nrf52832_xxaa_s132 Debug/Obj/advertising.o
LOAD Output/nrf52832_xxaa_s132 Debug/Obj/twi_rfid_driver.o
LOAD Output/nrf52832_xxaa_s132 Debug/Obj/twi_motordriver.o
LOAD Output/nrf52832_xxaa_s132 Debug/Obj/read_set_bit.o
LOAD Output/nrf52832_xxaa_s132 Debug/Obj/nrf_drv_twi.o
LOAD Output/nrf52832_xxaa_s132 Debug/Obj/ble_lbs.o
LOAD Output/nrf52832_xxaa_s132 Debug/Obj/bsp.o
LOAD Output/nrf52832_xxaa_s132 Debug/Obj/ble_advdata.o
LOAD Output/nrf52832_xxaa_s132 Debug/Obj/ble_conn_params.o
LOAD Output/nrf52832_xxaa_s132 Debug/Obj/ble_srv_common.o
LOAD Output/nrf52832_xxaa_s132 Debug/Obj/app_uart_fifo.o
LOAD Output/nrf52832_xxaa_s132 Debug/Obj/nrf_delay.o
LOAD Output/nrf52832_xxaa_s132 Debug/Obj/nrf_drv_common.o
LOAD Output/nrf52832_xxaa_s132 Debug/Obj/nrf_drv_gpiote.o
LOAD Output/nrf52832_xxaa_s132 Debug/Obj/nrf_drv_uart.o
LOAD Output/nrf52832_xxaa_s132 Debug/Obj/app_button.o
LOAD Output/nrf52832_xxaa_s132 Debug/Obj/app_error.o
LOAD Output/nrf52832_xxaa_s132 Debug/Obj/app_error_weak.o
LOAD Output/nrf52832_xxaa_s132 Debug/Obj/app_fifo.o
LOAD Output/nrf52832_xxaa_s132 Debug/Obj/app_timer.o
LOAD Output/nrf52832_xxaa_s132 Debug/Obj/app_util_platform.o
LOAD Output/nrf52832_xxaa_s132 Debug/Obj/nrf_assert.o
LOAD Output/nrf52832_xxaa_s132 Debug/Obj/nrf_log.o
LOAD Output/nrf52832_xxaa_s132 Debug/Obj/retarget.o
LOAD Output/nrf52832_xxaa_s132 Debug/Obj/softdevice_handler.o
LOAD Output/nrf52832_xxaa_s132 Debug/Obj/system_nrf52.o
LOAD Output/nrf52832_xxaa_s132 Debug/Obj/SEGGER_RTT.o
LOAD Output/nrf52832_xxaa_s132 Debug/Obj/SEGGER_RTT_SES.o
LOAD Output/nrf52832_xxaa_s132 Debug/Obj/thumb_crt0.o
LOAD Output/nrf52832_xxaa_s132 Debug/Obj/nRF_Startup.o
LOAD Output/nrf52832_xxaa_s132 Debug/Obj/nrf52_Vectors.o
LOAD C:/Program Files (x86)/SEGGER/SEGGER Embedded Studio 2.16a/lib/libdebugio_mempoll_v7em_fpv4_sp_d16_hard_t_le_eabi.a
LOAD C:/Program Files (x86)/SEGGER/SEGGER Embedded Studio 2.16a/lib/libm_v7em_fpv4_sp_d16_hard_t_le_eabi.a
LOAD C:/Program Files (x86)/SEGGER/SEGGER Embedded Studio 2.16a/lib/libc_v7em_fpv4_sp_d16_hard_t_le_eabi.a
LOAD C:/Program Files (x86)/SEGGER/SEGGER Embedded Studio 2.16a/lib/libcpp_v7em_fpv4_sp_d16_hard_t_le_eabi.a
LOAD C:/Program Files (x86)/SEGGER/SEGGER Embedded Studio 2.16a/lib/libdebugio_v7em_fpv4_sp_d16_hard_t_le_eabi.a
LOAD C:/Program Files (x86)/SEGGER/SEGGER Embedded Studio 2.16a/lib/libvfprintf_v7em_fpv4_sp_d16_hard_t_le_eabi.o
LOAD C:/Program Files (x86)/SEGGER/SEGGER Embedded Studio 2.16a/lib/libvfscanf_v7em_fpv4_sp_d16_hard_t_le_eabi.o
END GROUP
OUTPUT(Output/Debug/Exe/nrf52832_xxaa_s132.elf elf32-littlearm)

.debug_frame    0x00000000     0x838c
 .debug_frame   0x00000000      0xc18 Output/nrf52832_xxaa_s132 Debug/Obj/main.o
 .debug_frame   0x00000c18      0x478 Output/nrf52832_xxaa_s132 Debug/Obj/advertising.o
 .debug_frame   0x00001090      0x504 Output/nrf52832_xxaa_s132 Debug/Obj/twi_rfid_driver.o
 .debug_frame   0x00001594      0x1f0 Output/nrf52832_xxaa_s132 Debug/Obj/twi_motordriver.o
 .debug_frame   0x00001784       0x90 Output/nrf52832_xxaa_s132 Debug/Obj/read_set_bit.o
 .debug_frame   0x00001814      0xcb8 Output/nrf52832_xxaa_s132 Debug/Obj/nrf_drv_twi.o
 .debug_frame   0x000024cc      0x64c Output/nrf52832_xxaa_s132 Debug/Obj/ble_lbs.o
 .debug_frame   0x00002b18      0x320 Output/nrf52832_xxaa_s132 Debug/Obj/bsp.o
 .debug_frame   0x00002e38      0x8b0 Output/nrf52832_xxaa_s132 Debug/Obj/ble_advdata.o
 .debug_frame   0x000036e8      0x718 Output/nrf52832_xxaa_s132 Debug/Obj/ble_conn_params.o
 .debug_frame   0x00003e00       0x50 Output/nrf52832_xxaa_s132 Debug/Obj/nrf_delay.o
 .debug_frame   0x00003e50      0x3a8 Output/nrf52832_xxaa_s132 Debug/Obj/nrf_drv_common.o
 .debug_frame   0x000041f8     0x1184 Output/nrf52832_xxaa_s132 Debug/Obj/nrf_drv_gpiote.o
 .debug_frame   0x0000537c     0x14b4 Output/nrf52832_xxaa_s132 Debug/Obj/nrf_drv_uart.o
 .debug_frame   0x00006830      0x160 Output/nrf52832_xxaa_s132 Debug/Obj/app_button.o
 .debug_frame   0x00006990       0xc0 Output/nrf52832_xxaa_s132 Debug/Obj/app_error.o
 .debug_frame   0x00006a50       0x48 Output/nrf52832_xxaa_s132 Debug/Obj/app_error_weak.o
 .debug_frame   0x00006a98      0xbc0 Output/nrf52832_xxaa_s132 Debug/Obj/app_timer.o
 .debug_frame   0x00007658      0xb10 Output/nrf52832_xxaa_s132 Debug/Obj/softdevice_handler.o
 .debug_frame   0x00008168      0x174 Output/nrf52832_xxaa_s132 Debug/Obj/system_nrf52.o
 .debug_frame   0x000082dc       0xb0 C:/Program Files (x86)/SEGGER/SEGGER Embedded Studio 2.16a/lib/libc_v7em_fpv4_sp_d16_hard_t_le_eabi.a(libc2_asm.o)

.debug_info     0x00000000    0x25993
 .debug_info    0x00000000     0x5251 Output/nrf52832_xxaa_s132 Debug/Obj/main.o
 .debug_info    0x00005251     0x2595 Output/nrf52832_xxaa_s132 Debug/Obj/advertising.o
 .debug_info    0x000077e6     0x2eb5 Output/nrf52832_xxaa_s132 Debug/Obj/twi_rfid_driver.o
 .debug_info    0x0000a69b      0xda5 Output/nrf52832_xxaa_s132 Debug/Obj/twi_motordriver.o
 .debug_info    0x0000b440      0x111 Output/nrf52832_xxaa_s132 Debug/Obj/read_set_bit.o
 .debug_info    0x0000b551     0x2272 Output/nrf52832_xxaa_s132 Debug/Obj/nrf_drv_twi.o
 .debug_info    0x0000d7c3     0x34c4 Output/nrf52832_xxaa_s132 Debug/Obj/ble_lbs.o
 .debug_info    0x00010c87      0x9f1 Output/nrf52832_xxaa_s132 Debug/Obj/bsp.o
 .debug_info    0x00011678     0x2cc3 Output/nrf52832_xxaa_s132 Debug/Obj/ble_advdata.o
 .debug_info    0x0001433b     0x3604 Output/nrf52832_xxaa_s132 Debug/Obj/ble_conn_params.o
 .debug_info    0x0001793f      0x113 Output/nrf52832_xxaa_s132 Debug/Obj/nrf_delay.o
 .debug_info    0x00017a52     0x10ad Output/nrf52832_xxaa_s132 Debug/Obj/nrf_drv_common.o
 .debug_info    0x00018aff     0x21b4 Output/nrf52832_xxaa_s132 Debug/Obj/nrf_drv_gpiote.o
 .debug_info    0x0001acb3     0x2ca1 Output/nrf52832_xxaa_s132 Debug/Obj/nrf_drv_uart.o
 .debug_info    0x0001d954      0x61e Output/nrf52832_xxaa_s132 Debug/Obj/app_button.o
 .debug_info    0x0001df72      0x2d6 Output/nrf52832_xxaa_s132 Debug/Obj/app_error.o
 .debug_info    0x0001e248      0x197 Output/nrf52832_xxaa_s132 Debug/Obj/app_error_weak.o
 .debug_info    0x0001e3df     0x207a Output/nrf52832_xxaa_s132 Debug/Obj/app_timer.o
 .debug_info    0x00020459     0x4592 Output/nrf52832_xxaa_s132 Debug/Obj/softdevice_handler.o
 .debug_info    0x000249eb      0xd18 Output/nrf52832_xxaa_s132 Debug/Obj/system_nrf52.o
 .debug_info    0x00025703       0xc6 Output/nrf52832_xxaa_s132 Debug/Obj/thumb_crt0.o
 .debug_info    0x000257c9       0xe4 Output/nrf52832_xxaa_s132 Debug/Obj/nRF_Startup.o
 .debug_info    0x000258ad       0xe6 Output/nrf52832_xxaa_s132 Debug/Obj/nrf52_Vectors.o

.debug_abbrev   0x00000000     0x314a
 .debug_abbrev  0x00000000      0x3c7 Output/nrf52832_xxaa_s132 Debug/Obj/main.o
 .debug_abbrev  0x000003c7      0x223 Output/nrf52832_xxaa_s132 Debug/Obj/advertising.o
 .debug_abbrev  0x000005ea      0x2d2 Output/nrf52832_xxaa_s132 Debug/Obj/twi_rfid_driver.o
 .debug_abbrev  0x000008bc      0x23f Output/nrf52832_xxaa_s132 Debug/Obj/twi_motordriver.o
 .debug_abbrev  0x00000afb       0x92 Output/nrf52832_xxaa_s132 Debug/Obj/read_set_bit.o
 .debug_abbrev  0x00000b8d      0x3bd Output/nrf52832_xxaa_s132 Debug/Obj/nrf_drv_twi.o
 .debug_abbrev  0x00000f4a      0x2d5 Output/nrf52832_xxaa_s132 Debug/Obj/ble_lbs.o
 .debug_abbrev  0x0000121f      0x26e Output/nrf52832_xxaa_s132 Debug/Obj/bsp.o
 .debug_abbrev  0x0000148d      0x286 Output/nrf52832_xxaa_s132 Debug/Obj/ble_advdata.o
 .debug_abbrev  0x00001713      0x35a Output/nrf52832_xxaa_s132 Debug/Obj/ble_conn_params.o
 .debug_abbrev  0x00001a6d       0xd3 Output/nrf52832_xxaa_s132 Debug/Obj/nrf_delay.o
 .debug_abbrev  0x00001b40      0x1e8 Output/nrf52832_xxaa_s132 Debug/Obj/nrf_drv_common.o
 .debug_abbrev  0x00001d28      0x367 Output/nrf52832_xxaa_s132 Debug/Obj/nrf_drv_gpiote.o
 .debug_abbrev  0x0000208f      0x38c Output/nrf52832_xxaa_s132 Debug/Obj/nrf_drv_uart.o
 .debug_abbrev  0x0000241b      0x191 Output/nrf52832_xxaa_s132 Debug/Obj/app_button.o
 .debug_abbrev  0x000025ac      0x120 Output/nrf52832_xxaa_s132 Debug/Obj/app_error.o
 .debug_abbrev  0x000026cc       0xb4 Output/nrf52832_xxaa_s132 Debug/Obj/app_error_weak.o
 .debug_abbrev  0x00002780      0x416 Output/nrf52832_xxaa_s132 Debug/Obj/app_timer.o
 .debug_abbrev  0x00002b96      0x3bd Output/nrf52832_xxaa_s132 Debug/Obj/softdevice_handler.o
 .debug_abbrev  0x00002f53      0x1bd Output/nrf52832_xxaa_s132 Debug/Obj/system_nrf52.o
 .debug_abbrev  0x00003110       0x12 Output/nrf52832_xxaa_s132 Debug/Obj/thumb_crt0.o
 .debug_abbrev  0x00003122       0x14 Output/nrf52832_xxaa_s132 Debug/Obj/nRF_Startup.o
 .debug_abbrev  0x00003136       0x14 Output/nrf52832_xxaa_s132 Debug/Obj/nrf52_Vectors.o

.debug_pubnames
                0x00000000    0x10f95
 .debug_pubnames
                0x00000000     0x2184 Output/nrf52832_xxaa_s132 Debug/Obj/main.o
 .debug_pubnames
                0x00002184      0xf8f Output/nrf52832_xxaa_s132 Debug/Obj/advertising.o
 .debug_pubnames
                0x00003113     0x104a Output/nrf52832_xxaa_s132 Debug/Obj/twi_rfid_driver.o
 .debug_pubnames
                0x0000415d      0x12f Output/nrf52832_xxaa_s132 Debug/Obj/twi_motordriver.o
 .debug_pubnames
                0x0000428c       0x3a Output/nrf52832_xxaa_s132 Debug/Obj/read_set_bit.o
 .debug_pubnames
                0x000042c6     0x11c9 Output/nrf52832_xxaa_s132 Debug/Obj/nrf_drv_twi.o
 .debug_pubnames
                0x0000548f     0x127c Output/nrf52832_xxaa_s132 Debug/Obj/ble_lbs.o
 .debug_pubnames
                0x0000670b      0x7f3 Output/nrf52832_xxaa_s132 Debug/Obj/bsp.o
 .debug_pubnames
                0x00006efe     0x11af Output/nrf52832_xxaa_s132 Debug/Obj/ble_advdata.o
 .debug_pubnames
                0x000080ad     0x144b Output/nrf52832_xxaa_s132 Debug/Obj/ble_conn_params.o
 .debug_pubnames
                0x000094f8       0x34 Output/nrf52832_xxaa_s132 Debug/Obj/nrf_delay.o
 .debug_pubnames
                0x0000952c      0x98f Output/nrf52832_xxaa_s132 Debug/Obj/nrf_drv_common.o
 .debug_pubnames
                0x00009ebb     0x1af5 Output/nrf52832_xxaa_s132 Debug/Obj/nrf_drv_gpiote.o
 .debug_pubnames
                0x0000b9b0     0x1e1f Output/nrf52832_xxaa_s132 Debug/Obj/nrf_drv_uart.o
 .debug_pubnames
                0x0000d7cf      0x22b Output/nrf52832_xxaa_s132 Debug/Obj/app_button.o
 .debug_pubnames
                0x0000d9fa       0x82 Output/nrf52832_xxaa_s132 Debug/Obj/app_error.o
 .debug_pubnames
                0x0000da7c      0x306 Output/nrf52832_xxaa_s132 Debug/Obj/app_error_weak.o
 .debug_pubnames
                0x0000dd82     0x125a Output/nrf52832_xxaa_s132 Debug/Obj/app_timer.o
 .debug_pubnames
                0x0000efdc     0x1efb Output/nrf52832_xxaa_s132 Debug/Obj/softdevice_handler.o
 .debug_pubnames
                0x00010ed7       0xbe Output/nrf52832_xxaa_s132 Debug/Obj/system_nrf52.o

.debug_pubtypes
                0x00000000     0x720c
 .debug_pubtypes
                0x00000000     0x11d8 Output/nrf52832_xxaa_s132 Debug/Obj/main.o
 .debug_pubtypes
                0x000011d8      0x7fd Output/nrf52832_xxaa_s132 Debug/Obj/advertising.o
 .debug_pubtypes
                0x000019d5      0x815 Output/nrf52832_xxaa_s132 Debug/Obj/twi_rfid_driver.o
 .debug_pubtypes
                0x000021ea      0x1b7 Output/nrf52832_xxaa_s132 Debug/Obj/twi_motordriver.o
 .debug_pubtypes
                0x000023a1       0xb8 Output/nrf52832_xxaa_s132 Debug/Obj/read_set_bit.o
 .debug_pubtypes
                0x00002459      0x3b9 Output/nrf52832_xxaa_s132 Debug/Obj/nrf_drv_twi.o
 .debug_pubtypes
                0x00002812      0xd81 Output/nrf52832_xxaa_s132 Debug/Obj/ble_lbs.o
 .debug_pubtypes
                0x00003593      0x1ed Output/nrf52832_xxaa_s132 Debug/Obj/bsp.o
 .debug_pubtypes
                0x00003780      0x7fd Output/nrf52832_xxaa_s132 Debug/Obj/ble_advdata.o
 .debug_pubtypes
                0x00003f7d      0xdf7 Output/nrf52832_xxaa_s132 Debug/Obj/ble_conn_params.o
 .debug_pubtypes
                0x00004d74       0xdb Output/nrf52832_xxaa_s132 Debug/Obj/nrf_delay.o
 .debug_pubtypes
                0x00004e4f      0x262 Output/nrf52832_xxaa_s132 Debug/Obj/nrf_drv_common.o
 .debug_pubtypes
                0x000050b1      0x412 Output/nrf52832_xxaa_s132 Debug/Obj/nrf_drv_gpiote.o
 .debug_pubtypes
                0x000054c3      0x51e Output/nrf52832_xxaa_s132 Debug/Obj/nrf_drv_uart.o
 .debug_pubtypes
                0x000059e1      0x1db Output/nrf52832_xxaa_s132 Debug/Obj/app_button.o
 .debug_pubtypes
                0x00005bbc      0x130 Output/nrf52832_xxaa_s132 Debug/Obj/app_error.o
 .debug_pubtypes
                0x00005cec       0xdb Output/nrf52832_xxaa_s132 Debug/Obj/app_error_weak.o
 .debug_pubtypes
                0x00005dc7      0x392 Output/nrf52832_xxaa_s132 Debug/Obj/app_timer.o
 .debug_pubtypes
                0x00006159      0xf25 Output/nrf52832_xxaa_s132 Debug/Obj/softdevice_handler.o
 .debug_pubtypes
                0x0000707e      0x18e Output/nrf52832_xxaa_s132 Debug/Obj/system_nrf52.o

.debug_aranges  0x00000000     0x2620
 .debug_aranges
                0x00000000      0x458 Output/nrf52832_xxaa_s132 Debug/Obj/main.o
 .debug_aranges
                0x00000458      0x238 Output/nrf52832_xxaa_s132 Debug/Obj/advertising.o
 .debug_aranges
                0x00000690      0x250 Output/nrf52832_xxaa_s132 Debug/Obj/twi_rfid_driver.o
 .debug_aranges
                0x000008e0       0x58 Output/nrf52832_xxaa_s132 Debug/Obj/twi_motordriver.o
 .debug_aranges
                0x00000938       0x28 Output/nrf52832_xxaa_s132 Debug/Obj/read_set_bit.o
 .debug_aranges
                0x00000960      0x2c0 Output/nrf52832_xxaa_s132 Debug/Obj/nrf_drv_twi.o
 .debug_aranges
                0x00000c20      0x278 Output/nrf52832_xxaa_s132 Debug/Obj/ble_lbs.o
 .debug_aranges
                0x00000e98       0x88 Output/nrf52832_xxaa_s132 Debug/Obj/bsp.o
 .debug_aranges
                0x00000f20      0x2c8 Output/nrf52832_xxaa_s132 Debug/Obj/ble_advdata.o
 .debug_aranges
                0x000011e8      0x298 Output/nrf52832_xxaa_s132 Debug/Obj/ble_conn_params.o
 .debug_aranges
                0x00001480       0x20 Output/nrf52832_xxaa_s132 Debug/Obj/nrf_delay.o
 .debug_aranges
                0x000014a0      0x188 Output/nrf52832_xxaa_s132 Debug/Obj/nrf_drv_common.o
 .debug_aranges
                0x00001628      0x360 Output/nrf52832_xxaa_s132 Debug/Obj/nrf_drv_gpiote.o
 .debug_aranges
                0x00001988      0x3e8 Output/nrf52832_xxaa_s132 Debug/Obj/nrf_drv_uart.o
 .debug_aranges
                0x00001d70       0x48 Output/nrf52832_xxaa_s132 Debug/Obj/app_button.o
 .debug_aranges
                0x00001db8       0x30 Output/nrf52832_xxaa_s132 Debug/Obj/app_error.o
 .debug_aranges
                0x00001de8       0x20 Output/nrf52832_xxaa_s132 Debug/Obj/app_error_weak.o
 .debug_aranges
                0x00001e08      0x2b0 Output/nrf52832_xxaa_s132 Debug/Obj/app_timer.o
 .debug_aranges
                0x000020b8      0x428 Output/nrf52832_xxaa_s132 Debug/Obj/softdevice_handler.o
 .debug_aranges
                0x000024e0       0x58 Output/nrf52832_xxaa_s132 Debug/Obj/system_nrf52.o
 .debug_aranges
                0x00002538       0xa8 Output/nrf52832_xxaa_s132 Debug/Obj/thumb_crt0.o
 .debug_aranges
                0x000025e0       0x20 Output/nrf52832_xxaa_s132 Debug/Obj/nRF_Startup.o
 .debug_aranges
                0x00002600       0x20 Output/nrf52832_xxaa_s132 Debug/Obj/nrf52_Vectors.o

.debug_ranges   0x00000000     0x24b0
 .debug_ranges  0x00000000      0x448 Output/nrf52832_xxaa_s132 Debug/Obj/main.o
 .debug_ranges  0x00000448      0x228 Output/nrf52832_xxaa_s132 Debug/Obj/advertising.o
 .debug_ranges  0x00000670      0x240 Output/nrf52832_xxaa_s132 Debug/Obj/twi_rfid_driver.o
 .debug_ranges  0x000008b0       0x48 Output/nrf52832_xxaa_s132 Debug/Obj/twi_motordriver.o
 .debug_ranges  0x000008f8       0x18 Output/nrf52832_xxaa_s132 Debug/Obj/read_set_bit.o
 .debug_ranges  0x00000910      0x2b0 Output/nrf52832_xxaa_s132 Debug/Obj/nrf_drv_twi.o
 .debug_ranges  0x00000bc0      0x268 Output/nrf52832_xxaa_s132 Debug/Obj/ble_lbs.o
 .debug_ranges  0x00000e28       0x78 Output/nrf52832_xxaa_s132 Debug/Obj/bsp.o
 .debug_ranges  0x00000ea0      0x2b8 Output/nrf52832_xxaa_s132 Debug/Obj/ble_advdata.o
 .debug_ranges  0x00001158      0x2a0 Output/nrf52832_xxaa_s132 Debug/Obj/ble_conn_params.o
 .debug_ranges  0x000013f8       0x10 Output/nrf52832_xxaa_s132 Debug/Obj/nrf_delay.o
 .debug_ranges  0x00001408      0x178 Output/nrf52832_xxaa_s132 Debug/Obj/nrf_drv_common.o
 .debug_ranges  0x00001580      0x350 Output/nrf52832_xxaa_s132 Debug/Obj/nrf_drv_gpiote.o
 .debug_ranges  0x000018d0      0x3d8 Output/nrf52832_xxaa_s132 Debug/Obj/nrf_drv_uart.o
 .debug_ranges  0x00001ca8       0x38 Output/nrf52832_xxaa_s132 Debug/Obj/app_button.o
 .debug_ranges  0x00001ce0       0x20 Output/nrf52832_xxaa_s132 Debug/Obj/app_error.o
 .debug_ranges  0x00001d00       0x10 Output/nrf52832_xxaa_s132 Debug/Obj/app_error_weak.o
 .debug_ranges  0x00001d10      0x2a0 Output/nrf52832_xxaa_s132 Debug/Obj/app_timer.o
 .debug_ranges  0x00001fb0      0x418 Output/nrf52832_xxaa_s132 Debug/Obj/softdevice_handler.o
 .debug_ranges  0x000023c8       0x48 Output/nrf52832_xxaa_s132 Debug/Obj/system_nrf52.o
 .debug_ranges  0x00002410       0xa0 Output/nrf52832_xxaa_s132 Debug/Obj/thumb_crt0.o

.debug_macro    0x00000000    0x17870
 .debug_macro   0x00000000      0x3e3 Output/nrf52832_xxaa_s132 Debug/Obj/main.o
 .debug_macro   0x000003e3      0x92e Output/nrf52832_xxaa_s132 Debug/Obj/main.o
 .debug_macro   0x00000d11      0x189 Output/nrf52832_xxaa_s132 Debug/Obj/main.o
 .debug_macro   0x00000e9a       0x22 Output/nrf52832_xxaa_s132 Debug/Obj/main.o
 .debug_macro   0x00000ebc       0x1c Output/nrf52832_xxaa_s132 Debug/Obj/main.o
 .debug_macro   0x00000ed8       0x2d Output/nrf52832_xxaa_s132 Debug/Obj/main.o
 .debug_macro   0x00000f05       0x3b Output/nrf52832_xxaa_s132 Debug/Obj/main.o
 .debug_macro   0x00000f40       0x2d Output/nrf52832_xxaa_s132 Debug/Obj/main.o
 .debug_macro   0x00000f6d       0x26 Output/nrf52832_xxaa_s132 Debug/Obj/main.o
 .debug_macro   0x00000f93      0xd39 Output/nrf52832_xxaa_s132 Debug/Obj/main.o
 .debug_macro   0x00001ccc      0x392 Output/nrf52832_xxaa_s132 Debug/Obj/main.o
 .debug_macro   0x0000205e     0xfefd Output/nrf52832_xxaa_s132 Debug/Obj/main.o
 .debug_macro   0x00011f5b     0x12c7 Output/nrf52832_xxaa_s132 Debug/Obj/main.o
 .debug_macro   0x00013222       0x7c Output/nrf52832_xxaa_s132 Debug/Obj/main.o
 .debug_macro   0x0001329e       0x1c Output/nrf52832_xxaa_s132 Debug/Obj/main.o
 .debug_macro   0x000132ba       0x89 Output/nrf52832_xxaa_s132 Debug/Obj/main.o
 .debug_macro   0x00013343       0x55 Output/nrf52832_xxaa_s132 Debug/Obj/main.o
 .debug_macro   0x00013398       0x9a Output/nrf52832_xxaa_s132 Debug/Obj/main.o
 .debug_macro   0x00013432       0x70 Output/nrf52832_xxaa_s132 Debug/Obj/main.o
 .debug_macro   0x000134a2      0x11e Output/nrf52832_xxaa_s132 Debug/Obj/main.o
 .debug_macro   0x000135c0       0x22 Output/nrf52832_xxaa_s132 Debug/Obj/main.o
 .debug_macro   0x000135e2       0x67 Output/nrf52832_xxaa_s132 Debug/Obj/main.o
 .debug_macro   0x00013649       0xb5 Output/nrf52832_xxaa_s132 Debug/Obj/main.o
 .debug_macro   0x000136fe       0x2b Output/nrf52832_xxaa_s132 Debug/Obj/main.o
 .debug_macro   0x00013729       0x10 Output/nrf52832_xxaa_s132 Debug/Obj/main.o
 .debug_macro   0x00013739       0x1c Output/nrf52832_xxaa_s132 Debug/Obj/main.o
 .debug_macro   0x00013755       0x47 Output/nrf52832_xxaa_s132 Debug/Obj/main.o
 .debug_macro   0x0001379c       0xd6 Output/nrf52832_xxaa_s132 Debug/Obj/main.o
 .debug_macro   0x00013872      0x1fb Output/nrf52832_xxaa_s132 Debug/Obj/main.o
 .debug_macro   0x00013a6d       0x16 Output/nrf52832_xxaa_s132 Debug/Obj/main.o
 .debug_macro   0x00013a83      0x3f4 Output/nrf52832_xxaa_s132 Debug/Obj/main.o
 .debug_macro   0x00013e77       0x3a Output/nrf52832_xxaa_s132 Debug/Obj/main.o
 .debug_macro   0x00013eb1       0x22 Output/nrf52832_xxaa_s132 Debug/Obj/main.o
 .debug_macro   0x00013ed3      0x201 Output/nrf52832_xxaa_s132 Debug/Obj/main.o
 .debug_macro   0x000140d4       0x1c Output/nrf52832_xxaa_s132 Debug/Obj/main.o
 .debug_macro   0x000140f0       0xdb Output/nrf52832_xxaa_s132 Debug/Obj/main.o
 .debug_macro   0x000141cb       0x24 Output/nrf52832_xxaa_s132 Debug/Obj/main.o
 .debug_macro   0x000141ef       0xb8 Output/nrf52832_xxaa_s132 Debug/Obj/main.o
 .debug_macro   0x000142a7      0x2ca Output/nrf52832_xxaa_s132 Debug/Obj/main.o
 .debug_macro   0x00014571       0xa6 Output/nrf52832_xxaa_s132 Debug/Obj/main.o
 .debug_macro   0x00014617       0x22 Output/nrf52832_xxaa_s132 Debug/Obj/main.o
 .debug_macro   0x00014639      0x280 Output/nrf52832_xxaa_s132 Debug/Obj/main.o
 .debug_macro   0x000148b9       0x22 Output/nrf52832_xxaa_s132 Debug/Obj/main.o
 .debug_macro   0x000148db       0x16 Output/nrf52832_xxaa_s132 Debug/Obj/main.o
 .debug_macro   0x000148f1       0x11 Output/nrf52832_xxaa_s132 Debug/Obj/main.o
 .debug_macro   0x00014902      0x1ec Output/nrf52832_xxaa_s132 Debug/Obj/main.o
 .debug_macro   0x00014aee       0x2e Output/nrf52832_xxaa_s132 Debug/Obj/main.o
 .debug_macro   0x00014b1c       0x10 Output/nrf52832_xxaa_s132 Debug/Obj/main.o
 .debug_macro   0x00014b2c       0x28 Output/nrf52832_xxaa_s132 Debug/Obj/main.o
 .debug_macro   0x00014b54       0x22 Output/nrf52832_xxaa_s132 Debug/Obj/main.o
 .debug_macro   0x00014b76       0x46 Output/nrf52832_xxaa_s132 Debug/Obj/main.o
 .debug_macro   0x00014bbc       0x64 Output/nrf52832_xxaa_s132 Debug/Obj/main.o
 .debug_macro   0x00014c20       0x1c Output/nrf52832_xxaa_s132 Debug/Obj/main.o
 .debug_macro   0x00014c3c       0x8e Output/nrf52832_xxaa_s132 Debug/Obj/main.o
 .debug_macro   0x00014cca       0x16 Output/nrf52832_xxaa_s132 Debug/Obj/main.o
 .debug_macro   0x00014ce0       0x10 Output/nrf52832_xxaa_s132 Debug/Obj/main.o
 .debug_macro   0x00014cf0      0x401 Output/nrf52832_xxaa_s132 Debug/Obj/main.o
 .debug_macro   0x000150f1       0x22 Output/nrf52832_xxaa_s132 Debug/Obj/main.o
 .debug_macro   0x00015113       0x4c Output/nrf52832_xxaa_s132 Debug/Obj/main.o
 .debug_macro   0x0001515f       0x34 Output/nrf52832_xxaa_s132 Debug/Obj/main.o
 .debug_macro   0x00015193       0x10 Output/nrf52832_xxaa_s132 Debug/Obj/main.o
 .debug_macro   0x000151a3       0x56 Output/nrf52832_xxaa_s132 Debug/Obj/main.o
 .debug_macro   0x000151f9       0xac Output/nrf52832_xxaa_s132 Debug/Obj/main.o
 .debug_macro   0x000152a5       0x22 Output/nrf52832_xxaa_s132 Debug/Obj/main.o
 .debug_macro   0x000152c7      0x1d0 Output/nrf52832_xxaa_s132 Debug/Obj/advertising.o
 .debug_macro   0x00015497       0x10 Output/nrf52832_xxaa_s132 Debug/Obj/advertising.o
 .debug_macro   0x000154a7       0x28 Output/nrf52832_xxaa_s132 Debug/Obj/advertising.o
 .debug_macro   0x000154cf       0x4f Output/nrf52832_xxaa_s132 Debug/Obj/advertising.o
 .debug_macro   0x0001551e      0x255 Output/nrf52832_xxaa_s132 Debug/Obj/twi_rfid_driver.o
 .debug_macro   0x00015773       0x1c Output/nrf52832_xxaa_s132 Debug/Obj/twi_rfid_driver.o
 .debug_macro   0x0001578f       0x41 Output/nrf52832_xxaa_s132 Debug/Obj/twi_rfid_driver.o
 .debug_macro   0x000157d0      0x17d Output/nrf52832_xxaa_s132 Debug/Obj/twi_motordriver.o
 .debug_macro   0x0001594d       0x23 Output/nrf52832_xxaa_s132 Debug/Obj/read_set_bit.o
 .debug_macro   0x00015970      0x207 Output/nrf52832_xxaa_s132 Debug/Obj/nrf_drv_twi.o
 .debug_macro   0x00015b77       0x10 Output/nrf52832_xxaa_s132 Debug/Obj/nrf_drv_twi.o
 .debug_macro   0x00015b87       0x40 Output/nrf52832_xxaa_s132 Debug/Obj/nrf_drv_twi.o
 .debug_macro   0x00015bc7       0x2e Output/nrf52832_xxaa_s132 Debug/Obj/nrf_drv_twi.o
 .debug_macro   0x00015bf5       0x6d Output/nrf52832_xxaa_s132 Debug/Obj/nrf_drv_twi.o
 .debug_macro   0x00015c62      0x19f Output/nrf52832_xxaa_s132 Debug/Obj/ble_lbs.o
 .debug_macro   0x00015e01       0x22 Output/nrf52832_xxaa_s132 Debug/Obj/ble_lbs.o
 .debug_macro   0x00015e23       0x37 Output/nrf52832_xxaa_s132 Debug/Obj/ble_lbs.o
 .debug_macro   0x00015e5a      0x1d0 Output/nrf52832_xxaa_s132 Debug/Obj/bsp.o
 .debug_macro   0x0001602a       0x5e Output/nrf52832_xxaa_s132 Debug/Obj/bsp.o
 .debug_macro   0x00016088      0x1ab Output/nrf52832_xxaa_s132 Debug/Obj/ble_advdata.o
 .debug_macro   0x00016233      0x1d4 Output/nrf52832_xxaa_s132 Debug/Obj/ble_conn_params.o
 .debug_macro   0x00016407       0x2e Output/nrf52832_xxaa_s132 Debug/Obj/ble_conn_params.o
 .debug_macro   0x00016435       0xb5 Output/nrf52832_xxaa_s132 Debug/Obj/nrf_delay.o
 .debug_macro   0x000164ea      0x19c Output/nrf52832_xxaa_s132 Debug/Obj/nrf_drv_common.o
 .debug_macro   0x00016686      0x1e7 Output/nrf52832_xxaa_s132 Debug/Obj/nrf_drv_gpiote.o
 .debug_macro   0x0001686d      0x1ef Output/nrf52832_xxaa_s132 Debug/Obj/nrf_drv_uart.o
 .debug_macro   0x00016a5c      0x1ae Output/nrf52832_xxaa_s132 Debug/Obj/app_button.o
 .debug_macro   0x00016c0a      0x158 Output/nrf52832_xxaa_s132 Debug/Obj/app_error.o
 .debug_macro   0x00016d62      0x157 Output/nrf52832_xxaa_s132 Debug/Obj/app_error_weak.o
 .debug_macro   0x00016eb9      0x206 Output/nrf52832_xxaa_s132 Debug/Obj/app_timer.o
 .debug_macro   0x000170bf       0x16 Output/nrf52832_xxaa_s132 Debug/Obj/app_timer.o
 .debug_macro   0x000170d5      0x2a0 Output/nrf52832_xxaa_s132 Debug/Obj/softdevice_handler.o
 .debug_macro   0x00017375       0x10 Output/nrf52832_xxaa_s132 Debug/Obj/softdevice_handler.o
 .debug_macro   0x00017385      0x3fa Output/nrf52832_xxaa_s132 Debug/Obj/softdevice_handler.o
 .debug_macro   0x0001777f       0x40 Output/nrf52832_xxaa_s132 Debug/Obj/softdevice_handler.o
 .debug_macro   0x000177bf       0x10 Output/nrf52832_xxaa_s132 Debug/Obj/softdevice_handler.o
 .debug_macro   0x000177cf       0xa1 Output/nrf52832_xxaa_s132 Debug/Obj/system_nrf52.o

.debug_line     0x00000000     0xc539
 .debug_line    0x00000000     0x141e Output/nrf52832_xxaa_s132 Debug/Obj/main.o
 .debug_line    0x0000141e      0x973 Output/nrf52832_xxaa_s132 Debug/Obj/advertising.o
 .debug_line    0x00001d91      0xb91 Output/nrf52832_xxaa_s132 Debug/Obj/twi_rfid_driver.o
 .debug_line    0x00002922      0x683 Output/nrf52832_xxaa_s132 Debug/Obj/twi_motordriver.o
 .debug_line    0x00002fa5      0x15f Output/nrf52832_xxaa_s132 Debug/Obj/read_set_bit.o
 .debug_line    0x00003104      0xd76 Output/nrf52832_xxaa_s132 Debug/Obj/nrf_drv_twi.o
 .debug_line    0x00003e7a      0xa3a Output/nrf52832_xxaa_s132 Debug/Obj/ble_lbs.o
 .debug_line    0x000048b4      0x6c2 Output/nrf52832_xxaa_s132 Debug/Obj/bsp.o
 .debug_line    0x00004f76      0xc9e Output/nrf52832_xxaa_s132 Debug/Obj/ble_advdata.o
 .debug_line    0x00005c14      0xad7 Output/nrf52832_xxaa_s132 Debug/Obj/ble_conn_params.o
 .debug_line    0x000066eb      0x2ff Output/nrf52832_xxaa_s132 Debug/Obj/nrf_delay.o
 .debug_line    0x000069ea      0x82a Output/nrf52832_xxaa_s132 Debug/Obj/nrf_drv_common.o
 .debug_line    0x00007214      0xee3 Output/nrf52832_xxaa_s132 Debug/Obj/nrf_drv_gpiote.o
 .debug_line    0x000080f7     0x10cf Output/nrf52832_xxaa_s132 Debug/Obj/nrf_drv_uart.o
 .debug_line    0x000091c6      0x60c Output/nrf52832_xxaa_s132 Debug/Obj/app_button.o
 .debug_line    0x000097d2      0x479 Output/nrf52832_xxaa_s132 Debug/Obj/app_error.o
 .debug_line    0x00009c4b      0x430 Output/nrf52832_xxaa_s132 Debug/Obj/app_error_weak.o
 .debug_line    0x0000a07b      0xcc9 Output/nrf52832_xxaa_s132 Debug/Obj/app_timer.o
 .debug_line    0x0000ad44     0x100d Output/nrf52832_xxaa_s132 Debug/Obj/softdevice_handler.o
 .debug_line    0x0000bd51      0x440 Output/nrf52832_xxaa_s132 Debug/Obj/system_nrf52.o
 .debug_line    0x0000c191      0x233 Output/nrf52832_xxaa_s132 Debug/Obj/thumb_crt0.o
 .debug_line    0x0000c3c4       0xaf Output/nrf52832_xxaa_s132 Debug/Obj/nRF_Startup.o
 .debug_line    0x0000c473       0xc6 Output/nrf52832_xxaa_s132 Debug/Obj/nrf52_Vectors.o

.debug_str      0x00000000    0x82910
 .debug_str     0x00000000    0x7bd37 Output/nrf52832_xxaa_s132 Debug/Obj/main.o
                              0x7c98a (size before relaxing)
 .debug_str     0x0007bd37       0xad Output/nrf52832_xxaa_s132 Debug/Obj/advertising.o
                              0x73b41 (size before relaxing)
 .debug_str     0x0007bde4      0x250 Output/nrf52832_xxaa_s132 Debug/Obj/twi_rfid_driver.o
                              0x74a1a (size before relaxing)
 .debug_str     0x0007c034      0x23b Output/nrf52832_xxaa_s132 Debug/Obj/twi_motordriver.o
                              0x6dbd5 (size before relaxing)
 .debug_str     0x0007c26f       0xb1 Output/nrf52832_xxaa_s132 Debug/Obj/read_set_bit.o
                               0x2ccb (size before relaxing)
 .debug_str     0x0007c320     0x124b Output/nrf52832_xxaa_s132 Debug/Obj/nrf_drv_twi.o
                              0x6fcd3 (size before relaxing)
 .debug_str     0x0007d56b      0x43f Output/nrf52832_xxaa_s132 Debug/Obj/ble_lbs.o
                              0x73818 (size before relaxing)
 .debug_str     0x0007d9aa      0xed7 Output/nrf52832_xxaa_s132 Debug/Obj/bsp.o
                              0x6e5ec (size before relaxing)
 .debug_str     0x0007e881      0x353 Output/nrf52832_xxaa_s132 Debug/Obj/ble_advdata.o
                              0x736b6 (size before relaxing)
 .debug_str     0x0007ebd4      0x232 Output/nrf52832_xxaa_s132 Debug/Obj/ble_conn_params.o
                              0x74713 (size before relaxing)
 .debug_str     0x0007ee06       0xa8 Output/nrf52832_xxaa_s132 Debug/Obj/nrf_delay.o
                              0x6ae4b (size before relaxing)
 .debug_str     0x0007eeae      0x137 Output/nrf52832_xxaa_s132 Debug/Obj/nrf_drv_common.o
                              0x6e82e (size before relaxing)
 .debug_str     0x0007efe5      0xcf0 Output/nrf52832_xxaa_s132 Debug/Obj/nrf_drv_gpiote.o
                              0x6fe22 (size before relaxing)
 .debug_str     0x0007fcd5     0x1494 Output/nrf52832_xxaa_s132 Debug/Obj/nrf_drv_uart.o
                              0x701ca (size before relaxing)
 .debug_str     0x00081169      0x1c1 Output/nrf52832_xxaa_s132 Debug/Obj/app_button.o
                              0x6dea0 (size before relaxing)
 .debug_str     0x0008132a      0x158 Output/nrf52832_xxaa_s132 Debug/Obj/app_error.o
                              0x6d86b (size before relaxing)
 .debug_str     0x00081482       0xa8 Output/nrf52832_xxaa_s132 Debug/Obj/app_error_weak.o
                              0x6d9f5 (size before relaxing)
 .debug_str     0x0008152a      0x9f6 Output/nrf52832_xxaa_s132 Debug/Obj/app_timer.o
                              0x6f2af (size before relaxing)
 .debug_str     0x00081f20      0x4d9 Output/nrf52832_xxaa_s132 Debug/Obj/softdevice_handler.o
                              0x785e2 (size before relaxing)
 .debug_str     0x000823f9      0x517 Output/nrf52832_xxaa_s132 Debug/Obj/system_nrf52.o
                              0x6af39 (size before relaxing)

.comment        0x00000000       0x4e
 .comment       0x00000000       0x4e Output/nrf52832_xxaa_s132 Debug/Obj/main.o
                                 0x4f (size before relaxing)
 .comment       0x00000000       0x4f Output/nrf52832_xxaa_s132 Debug/Obj/advertising.o